Component: ARM Compiler 6.12 Tool: armlink [5d624300]

==============================================================================

Section Cross References

    startup_stm32l071xx.o(RESET) refers to startup_stm32l071xx.o(STACK) for __initial_sp
    startup_stm32l071xx.o(RESET) refers to startup_stm32l071xx.o(.text) for Reset_Handler
    startup_stm32l071xx.o(RESET) refers to stm32l0xx_it.o(.text.NMI_Handler) for NMI_Handler
    startup_stm32l071xx.o(RESET) refers to stm32l0xx_it.o(.text.HardFault_Handler) for HardFault_Handler
    startup_stm32l071xx.o(RESET) refers to stm32l0xx_it.o(.text.SVC_Handler) for SVC_Handler
    startup_stm32l071xx.o(RESET) refers to stm32l0xx_it.o(.text.PendSV_Handler) for PendSV_Handler
    startup_stm32l071xx.o(RESET) refers to stm32l0xx_it.o(.text.SysTick_Handler) for SysTick_Handler
    startup_stm32l071xx.o(RESET) refers to stm32l0xx_it.o(.text.RTC_IRQHandler) for RTC_IRQHandler
    startup_stm32l071xx.o(RESET) refers to stm32l0xx_it.o(.text.USART4_5_IRQHandler) for USART4_5_IRQHandler
    startup_stm32l071xx.o(RESET) refers to stm32l0xx_it.o(.text.TIM2_IRQHandler) for TIM2_IRQHandler
    startup_stm32l071xx.o(RESET) refers to stm32l0xx_it.o(.text.SPI1_IRQHandler) for SPI1_IRQHandler
    startup_stm32l071xx.o(RESET) refers to stm32l0xx_it.o(.text.USART1_IRQHandler) for USART1_IRQHandler
    startup_stm32l071xx.o(.text) refers to system_stm32l0xx_1.o(.text.SystemInit) for SystemInit
    startup_stm32l071xx.o(.text) refers to entry.o(.ARM.Collect$$$$00000000) for __main
    comport.o(.ARM.exidx.text.CC_ComPortPresent) refers to comport.o(.text.CC_ComPortPresent) for [Anonymous Symbol]
    comport.o(.text.CC_SendByte) refers to comport.o(.text.LL_USART_TransmitData8) for LL_USART_TransmitData8
    comport.o(.ARM.exidx.text.CC_SendByte) refers to comport.o(.text.CC_SendByte) for [Anonymous Symbol]
    comport.o(.ARM.exidx.text.LL_USART_TransmitData8) refers to comport.o(.text.LL_USART_TransmitData8) for [Anonymous Symbol]
    comport.o(.text.CC_SendData) refers to comport.o(.text.CC_SendByte) for CC_SendByte
    comport.o(.ARM.exidx.text.CC_SendData) refers to comport.o(.text.CC_SendData) for [Anonymous Symbol]
    comport.o(.text.CC_CheckForHandshake) refers to strcmp.o(.text) for strcmp
    comport.o(.text.CC_CheckForHandshake) refers to comport.o(.text.CC_SendData) for CC_SendData
    comport.o(.text.CC_CheckForHandshake) refers to comport.o(.bss.ComRxReadFrom) for ComRxReadFrom
    comport.o(.text.CC_CheckForHandshake) refers to comport.o(.bss.ComRxWriteIndex) for ComRxWriteIndex
    comport.o(.text.CC_CheckForHandshake) refers to comport.o(.bss.ComRxBuff) for ComRxBuff
    comport.o(.text.CC_CheckForHandshake) refers to comport.o(.rodata.str1.1) for .L.str
    comport.o(.ARM.exidx.text.CC_CheckForHandshake) refers to comport.o(.text.CC_CheckForHandshake) for [Anonymous Symbol]
    comport.o(.text.CC_ParseCommand) refers to memseta.o(.text) for __aeabi_memclr
    comport.o(.text.CC_ParseCommand) refers to strcmp.o(.text) for strcmp
    comport.o(.text.CC_ParseCommand) refers to comport.o(.bss.ComRxWriteIndex) for ComRxWriteIndex
    comport.o(.text.CC_ParseCommand) refers to comport.o(.bss.ComRxReadFrom) for ComRxReadFrom
    comport.o(.text.CC_ParseCommand) refers to comport.o(.bss.ComRxBuff) for ComRxBuff
    comport.o(.text.CC_ParseCommand) refers to comport.o(.bss.ComRxReadTo) for ComRxReadTo
    comport.o(.text.CC_ParseCommand) refers to comport.o(.rodata.str1.1) for .L.str.1
    comport.o(.ARM.exidx.text.CC_ParseCommand) refers to comport.o(.text.CC_ParseCommand) for [Anonymous Symbol]
    comport.o(.text.CC_ExecuteCommand) refers to comport.o(.text.CC_SetRTC) for CC_SetRTC
    comport.o(.text.CC_ExecuteCommand) refers to comport.o(.text.CC_SendTimestamp) for CC_SendTimestamp
    comport.o(.text.CC_ExecuteCommand) refers to comport.o(.text.CC_SetProgram) for CC_SetProgram
    comport.o(.text.CC_ExecuteCommand) refers to comport.o(.text.CC_ReadProgram) for CC_ReadProgram
    comport.o(.text.CC_ExecuteCommand) refers to comport.o(.text.CC_ConfigureXbee) for CC_ConfigureXbee
    comport.o(.text.CC_ExecuteCommand) refers to xbee.o(.text.XB_GetConfig) for XB_GetConfig
    comport.o(.text.CC_ExecuteCommand) refers to xbee.o(.text.XB_GetSN) for XB_GetSN
    comport.o(.text.CC_ExecuteCommand) refers to flash.o(.text.FLASH_initDataStorage) for FLASH_initDataStorage
    comport.o(.text.CC_ExecuteCommand) refers to comport.o(.text.CC_DownloadFixes) for CC_DownloadFixes
    comport.o(.ARM.exidx.text.CC_ExecuteCommand) refers to comport.o(.text.CC_ExecuteCommand) for [Anonymous Symbol]
    comport.o(.text.CC_SetRTC) refers to comport.o(.text.LL_RTC_DATE_GetDay) for LL_RTC_DATE_GetDay
    comport.o(.text.CC_SetRTC) refers to idiv.o(.text) for __aeabi_idivmod
    comport.o(.text.CC_SetRTC) refers to stm32l0xx_ll_rtc.o(.text.LL_RTC_TIME_Init) for LL_RTC_TIME_Init
    comport.o(.text.CC_SetRTC) refers to stm32l0xx_ll_rtc.o(.text.LL_RTC_DATE_Init) for LL_RTC_DATE_Init
[...]
    Removing stm32l0xx_ll_usart.o(.ARM.exidx.text.LL_USART_DisableSCLKOutput), (8 bytes).
    Removing stm32l0xx_ll_usart.o(.text.LL_USART_ClockStructInit), (30 bytes).
    Removing stm32l0xx_ll_usart.o(.ARM.exidx.text.LL_USART_ClockStructInit), (8 bytes).
    Removing stm32l0xx_ll_rcc.o(.text), (0 bytes).
    Removing stm32l0xx_ll_rcc.o(.text.LL_RCC_DeInit), (176 bytes).
    Removing stm32l0xx_ll_rcc.o(.ARM.exidx.text.LL_RCC_DeInit), (8 bytes).
    Removing stm32l0xx_ll_rcc.o(.text.LL_RCC_MSI_Enable), (20 bytes).
    Removing stm32l0xx_ll_rcc.o(.ARM.exidx.text.LL_RCC_MSI_Enable), (8 bytes).
    Removing stm32l0xx_ll_rcc.o(.text.LL_RCC_MSI_IsReady), (20 bytes).
    Removing stm32l0xx_ll_rcc.o(.ARM.exidx.text.LL_RCC_MSI_IsReady), (8 bytes).
    Removing stm32l0xx_ll_rcc.o(.text.LL_RCC_MSI_SetRange), (32 bytes).
    Removing stm32l0xx_ll_rcc.o(.ARM.exidx.text.LL_RCC_MSI_SetRange), (8 bytes).
    Removing stm32l0xx_ll_rcc.o(.text.LL_RCC_MSI_SetCalibTrimming), (36 bytes).
    Removing stm32l0xx_ll_rcc.o(.ARM.exidx.text.LL_RCC_MSI_SetCalibTrimming), (8 bytes).
    Removing stm32l0xx_ll_rcc.o(.text.LL_RCC_HSI_SetCalibTrimming), (36 bytes).
    Removing stm32l0xx_ll_rcc.o(.ARM.exidx.text.LL_RCC_HSI_SetCalibTrimming), (8 bytes).
    Removing stm32l0xx_ll_rcc.o(.text.LL_RCC_HSE_DisableBypass), (20 bytes).
    Removing stm32l0xx_ll_rcc.o(.ARM.exidx.text.LL_RCC_HSE_DisableBypass), (8 bytes).
    Removing stm32l0xx_ll_rcc.o(.text.LL_RCC_PLL_IsReady), (20 bytes).
    Removing stm32l0xx_ll_rcc.o(.ARM.exidx.text.LL_RCC_PLL_IsReady), (8 bytes).
    Removing stm32l0xx_ll_rcc.o(.text.LL_RCC_ClearResetFlags), (20 bytes).
    Removing stm32l0xx_ll_rcc.o(.ARM.exidx.text.LL_RCC_ClearResetFlags), (8 bytes).
    Removing stm32l0xx_ll_rcc.o(.ARM.exidx.text.LL_RCC_GetSystemClocksFreq), (8 bytes).
    Removing stm32l0xx_ll_rcc.o(.ARM.exidx.text.RCC_GetSystemClockFreq), (8 bytes).
    Removing stm32l0xx_ll_rcc.o(.ARM.exidx.text.RCC_GetHCLKClockFreq), (8 bytes).
    Removing stm32l0xx_ll_rcc.o(.ARM.exidx.text.RCC_GetPCLK1ClockFreq), (8 bytes).
    Removing stm32l0xx_ll_rcc.o(.ARM.exidx.text.RCC_GetPCLK2ClockFreq), (8 bytes).
    Removing stm32l0xx_ll_rcc.o(.ARM.exidx.text.LL_RCC_GetUSARTClockFreq), (8 bytes).
    Removing stm32l0xx_ll_rcc.o(.ARM.exidx.text.LL_RCC_GetUSARTClockSource), (8 bytes).
    Removing stm32l0xx_ll_rcc.o(.ARM.exidx.text.LL_RCC_HSI_IsReady), (8 bytes).
    Removing stm32l0xx_ll_rcc.o(.ARM.exidx.text.LL_RCC_IsActiveFlag_HSIDIV), (8 bytes).
    Removing stm32l0xx_ll_rcc.o(.ARM.exidx.text.LL_RCC_LSE_IsReady), (8 bytes).
    Removing stm32l0xx_ll_rcc.o(.text.LL_RCC_GetI2CClockFreq), (276 bytes).
    Removing stm32l0xx_ll_rcc.o(.ARM.exidx.text.LL_RCC_GetI2CClockFreq), (8 bytes).
    Removing stm32l0xx_ll_rcc.o(.text.LL_RCC_GetI2CClockSource), (32 bytes).
    Removing stm32l0xx_ll_rcc.o(.ARM.exidx.text.LL_RCC_GetI2CClockSource), (8 bytes).
    Removing stm32l0xx_ll_rcc.o(.text.LL_RCC_GetLPUARTClockFreq), (164 bytes).
    Removing stm32l0xx_ll_rcc.o(.ARM.exidx.text.LL_RCC_GetLPUARTClockFreq), (8 bytes).
    Removing stm32l0xx_ll_rcc.o(.text.LL_RCC_GetLPUARTClockSource), (24 bytes).
    Removing stm32l0xx_ll_rcc.o(.ARM.exidx.text.LL_RCC_GetLPUARTClockSource), (8 bytes).
    Removing stm32l0xx_ll_rcc.o(.text.LL_RCC_GetLPTIMClockFreq), (192 bytes).
    Removing stm32l0xx_ll_rcc.o(.ARM.exidx.text.LL_RCC_GetLPTIMClockFreq), (8 bytes).
    Removing stm32l0xx_ll_rcc.o(.text.LL_RCC_GetLPTIMClockSource), (24 bytes).
    Removing stm32l0xx_ll_rcc.o(.ARM.exidx.text.LL_RCC_GetLPTIMClockSource), (8 bytes).
    Removing stm32l0xx_ll_rcc.o(.text.LL_RCC_LSI_IsReady), (16 bytes).
    Removing stm32l0xx_ll_rcc.o(.ARM.exidx.text.LL_RCC_LSI_IsReady), (8 bytes).
    Removing stm32l0xx_ll_rcc.o(.ARM.exidx.text.LL_RCC_GetSysClkSource), (8 bytes).
    Removing stm32l0xx_ll_rcc.o(.ARM.exidx.text.LL_RCC_MSI_GetRange), (8 bytes).
    Removing stm32l0xx_ll_rcc.o(.ARM.exidx.text.RCC_PLL_GetFreqDomain_SYS), (8 bytes).
    Removing stm32l0xx_ll_rcc.o(.ARM.exidx.text.LL_RCC_GetAHBPrescaler), (8 bytes).
    Removing stm32l0xx_ll_rcc.o(.ARM.exidx.text.LL_RCC_GetAPB1Prescaler), (8 bytes).
    Removing stm32l0xx_ll_rcc.o(.ARM.exidx.text.LL_RCC_GetAPB2Prescaler), (8 bytes).
    Removing stm32l0xx_ll_rcc.o(.ARM.exidx.text.LL_RCC_PLL_GetMainSource), (8 bytes).
    Removing stm32l0xx_ll_rcc.o(.ARM.exidx.text.LL_RCC_PLL_GetMultiplicator), (8 bytes).
    Removing stm32l0xx_ll_rcc.o(.ARM.exidx.text.LL_RCC_PLL_GetDivider), (8 bytes).
    Removing stm32l0xx_ll_utils.o(.text), (0 bytes).
    Removing stm32l0xx_ll_utils.o(.ARM.exidx.text.LL_Init1msTick), (8 bytes).
    Removing stm32l0xx_ll_utils.o(.ARM.exidx.text.LL_InitTick), (8 bytes).
    Removing stm32l0xx_ll_utils.o(.text.LL_mDelay), (76 bytes).
    Removing stm32l0xx_ll_utils.o(.ARM.exidx.text.LL_mDelay), (8 bytes).
    Removing stm32l0xx_ll_utils.o(.ARM.exidx.text.LL_SetSystemCoreClock), (8 bytes).
    Removing stm32l0xx_ll_utils.o(.text.LL_PLL_ConfigSystemClock_HSI), (120 bytes).
    Removing stm32l0xx_ll_utils.o(.ARM.exidx.text.LL_PLL_ConfigSystemClock_HSI), (8 bytes).
    Removing stm32l0xx_ll_utils.o(.text.UTILS_PLL_IsBusy), (36 bytes).
    Removing stm32l0xx_ll_utils.o(.ARM.exidx.text.UTILS_PLL_IsBusy), (8 bytes).
    Removing stm32l0xx_ll_utils.o(.text.UTILS_GetPLLOutputFrequency), (64 bytes).
    Removing stm32l0xx_ll_utils.o(.ARM.exidx.text.UTILS_GetPLLOutputFrequency), (8 bytes).
    Removing stm32l0xx_ll_utils.o(.text.LL_RCC_HSI_IsReady), (16 bytes).
    Removing stm32l0xx_ll_utils.o(.ARM.exidx.text.LL_RCC_HSI_IsReady), (8 bytes).
    Removing stm32l0xx_ll_utils.o(.text.LL_RCC_HSI_Enable), (16 bytes).
    Removing stm32l0xx_ll_utils.o(.ARM.exidx.text.LL_RCC_HSI_Enable), (8 bytes).
    Removing stm32l0xx_ll_utils.o(.text.LL_RCC_PLL_ConfigDomain_SYS), (56 bytes).
    Removing stm32l0xx_ll_utils.o(.ARM.exidx.text.LL_RCC_PLL_ConfigDomain_SYS), (8 bytes).
    Removing stm32l0xx_ll_utils.o(.text.UTILS_EnablePLLAndSwitchSystem), (196 bytes).
    Removing stm32l0xx_ll_utils.o(.ARM.exidx.text.UTILS_EnablePLLAndSwitchSystem), (8 bytes).
    Removing stm32l0xx_ll_utils.o(.text.LL_PLL_ConfigSystemClock_HSE), (150 bytes).
    Removing stm32l0xx_ll_utils.o(.ARM.exidx.text.LL_PLL_ConfigSystemClock_HSE), (8 bytes).
    Removing stm32l0xx_ll_utils.o(.text.LL_RCC_HSE_IsReady), (20 bytes).
    Removing stm32l0xx_ll_utils.o(.ARM.exidx.text.LL_RCC_HSE_IsReady), (8 bytes).
    Removing stm32l0xx_ll_utils.o(.text.LL_RCC_HSE_EnableBypass), (20 bytes).
    Removing stm32l0xx_ll_utils.o(.ARM.exidx.text.LL_RCC_HSE_EnableBypass), (8 bytes).
    Removing stm32l0xx_ll_utils.o(.text.LL_RCC_HSE_DisableBypass), (20 bytes).
    Removing stm32l0xx_ll_utils.o(.ARM.exidx.text.LL_RCC_HSE_DisableBypass), (8 bytes).
    Removing stm32l0xx_ll_utils.o(.text.LL_RCC_HSE_Enable), (20 bytes).
    Removing stm32l0xx_ll_utils.o(.ARM.exidx.text.LL_RCC_HSE_Enable), (8 bytes).
    Removing stm32l0xx_ll_utils.o(.text.LL_RCC_PLL_IsReady), (20 bytes).
    Removing stm32l0xx_ll_utils.o(.ARM.exidx.text.LL_RCC_PLL_IsReady), (8 bytes).
    Removing stm32l0xx_ll_utils.o(.text.UTILS_SetFlashLatency), (168 bytes).
    Removing stm32l0xx_ll_utils.o(.ARM.exidx.text.UTILS_SetFlashLatency), (8 bytes).
    Removing stm32l0xx_ll_utils.o(.text.LL_RCC_PLL_Enable), (20 bytes).
    Removing stm32l0xx_ll_utils.o(.ARM.exidx.text.LL_RCC_PLL_Enable), (8 bytes).
    Removing stm32l0xx_ll_utils.o(.text.LL_RCC_SetAHBPrescaler), (32 bytes).
    Removing stm32l0xx_ll_utils.o(.ARM.exidx.text.LL_RCC_SetAHBPrescaler), (8 bytes).
    Removing stm32l0xx_ll_utils.o(.text.LL_RCC_SetSysClkSource), (32 bytes).
    Removing stm32l0xx_ll_utils.o(.ARM.exidx.text.LL_RCC_SetSysClkSource), (8 bytes).
    Removing stm32l0xx_ll_utils.o(.text.LL_RCC_GetSysClkSource), (16 bytes).
    Removing stm32l0xx_ll_utils.o(.ARM.exidx.text.LL_RCC_GetSysClkSource), (8 bytes).
    Removing stm32l0xx_ll_utils.o(.text.LL_RCC_SetAPB1Prescaler), (32 bytes).
    Removing stm32l0xx_ll_utils.o(.ARM.exidx.text.LL_RCC_SetAPB1Prescaler), (8 bytes).
    Removing stm32l0xx_ll_utils.o(.text.LL_RCC_SetAPB2Prescaler), (32 bytes).
    Removing stm32l0xx_ll_utils.o(.ARM.exidx.text.LL_RCC_SetAPB2Prescaler), (8 bytes).
    Removing stm32l0xx_ll_utils.o(.text.LL_PWR_GetRegulVoltageScaling), (16 bytes).
    Removing stm32l0xx_ll_utils.o(.ARM.exidx.text.LL_PWR_GetRegulVoltageScaling), (8 bytes).
    Removing stm32l0xx_ll_utils.o(.text.LL_FLASH_SetLatency), (32 bytes).
    Removing stm32l0xx_ll_utils.o(.ARM.exidx.text.LL_FLASH_SetLatency), (8 bytes).
    Removing stm32l0xx_ll_utils.o(.text.LL_FLASH_GetLatency), (16 bytes).
    Removing stm32l0xx_ll_utils.o(.ARM.exidx.text.LL_FLASH_GetLatency), (8 bytes).
    Removing fcmple.o(.text), (28 bytes).
    Removing fcmpgt.o(.text), (28 bytes).
    Removing fflti.o(.text), (22 bytes).
    Removing fepilogue.o(.text), (130 bytes).
    Removing dadd.o(.text), (356 bytes).
    Removing dmul.o(.text), (208 bytes).
    Removing ddiv.o(.text), (240 bytes).
    Removing dfixul.o(.text), (64 bytes).
    Removing cdrcmple.o(.text), (40 bytes).
    Removing depilogue.o(.text), (190 bytes).
    Removing depilogue.o(i.__ARM_clz), (46 bytes).

597 unused section(s) (total 23023 bytes) removed from the image.

==============================================================================

Image Symbol Table

    Local Symbols

    Symbol Name                              Value     Ov Type        Size  Object(Section)

    ../clib/microlib/ctype/ctype.c           0x00000000   Number         0  ctype_o.o ABSOLUTE
    ../clib/microlib/ctype/ctype.c           0x00000000   Number         0  isalnum_o.o ABSOLUTE
    ../clib/microlib/ctype/ctype.c           0x00000000   Number         0  isalpha_o.o ABSOLUTE
    ../clib/microlib/ctype/ctype.c           0x00000000   Number         0  isblank_o.o ABSOLUTE
    ../clib/microlib/ctype/ctype.c           0x00000000   Number         0  iscntrl_o.o ABSOLUTE
    ../clib/microlib/ctype/ctype.c           0x00000000   Number         0  isdigit_o.o ABSOLUTE
    ../clib/microlib/ctype/ctype.c           0x00000000   Number         0  isgraph_o.o ABSOLUTE
    ../clib/microlib/ctype/ctype.c           0x00000000   Number         0  islower_o.o ABSOLUTE
    ../clib/microlib/ctype/ctype.c           0x00000000   Number         0  isprint_o.o ABSOLUTE
    ../clib/microlib/ctype/ctype.c           0x00000000   Number         0  ispunct_o.o ABSOLUTE
    ../clib/microlib/ctype/ctype.c           0x00000000   Number         0  isspace_o.o ABSOLUTE
    ../clib/microlib/ctype/ctype.c           0x00000000   Number         0  isupper_o.o ABSOLUTE
    ../clib/microlib/ctype/ctype.c           0x00000000   Number         0  isxdigit_o.o ABSOLUTE
    ../clib/microlib/division.c              0x00000000   Number         0  uidiv.o ABSOLUTE
    ../clib/microlib/division.c              0x00000000   Number         0  idiv.o ABSOLUTE
    ../clib/microlib/division.c              0x00000000   Number         0  uldiv.o ABSOLUTE
    ../clib/microlib/errno.c                 0x00000000   Number         0  errno.o ABSOLUTE
    ../clib/microlib/init/entry.s            0x00000000   Number         0  entry.o ABSOLUTE
    ../clib/microlib/init/entry.s            0x00000000   Number         0  entry2.o ABSOLUTE
    ../clib/microlib/init/entry.s            0x00000000   Number         0  entry5.o ABSOLUTE
    ../clib/microlib/init/entry.s            0x00000000   Number         0  entry7a.o ABSOLUTE
    ../clib/microlib/init/entry.s            0x00000000   Number         0  entry7b.o ABSOLUTE
    ../clib/microlib/init/entry.s            0x00000000   Number         0  entry8a.o ABSOLUTE
    ../clib/microlib/init/entry.s            0x00000000   Number         0  entry8b.o ABSOLUTE
    ../clib/microlib/init/entry.s            0x00000000   Number         0  entry9a.o ABSOLUTE
    ../clib/microlib/init/entry.s            0x00000000   Number         0  entry9b.o ABSOLUTE
    ../clib/microlib/init/entry.s            0x00000000   Number         0  entry10a.o ABSOLUTE
    ../clib/microlib/init/entry.s            0x00000000   Number         0  entry10b.o ABSOLUTE
    ../clib/microlib/init/entry.s            0x00000000   Number         0  entry11a.o ABSOLUTE
    ../clib/microlib/init/entry.s            0x00000000   Number         0  entry11b.o ABSOLUTE
    ../clib/microlib/longlong.c              0x00000000   Number         0  llshl.o ABSOLUTE
    ../clib/microlib/longlong.c              0x00000000   Number         0  llushr.o ABSOLUTE
    ../clib/microlib/longlong.c              0x00000000   Number         0  llsshr.o ABSOLUTE
    ../clib/microlib/printf/printf.c         0x00000000   Number         0  printfa.o ABSOLUTE
    ../clib/microlib/stdio/fputc.c           0x00000000   Number         0  fputc.o ABSOLUTE
    ../clib/microlib/stdio/fputc.c           0x00000000   Number         0  fputc_h.o ABSOLUTE
    ../clib/microlib/stdio/semi.s            0x00000000   Number         0  semi.o ABSOLUTE
    ../clib/microlib/stdio/streams.c         0x00000000   Number         0  stdout.o ABSOLUTE
    ../clib/microlib/string/memcpy.c         0x00000000   Number         0  memcpya.o ABSOLUTE
    ../clib/microlib/string/memcpy.c         0x00000000   Number         0  memcpyb.o ABSOLUTE
    ../clib/microlib/string/memset.c         0x00000000   Number         0  memseta.o ABSOLUTE
    ../clib/microlib/string/strcmp.c         0x00000000   Number         0  strcmp.o ABSOLUTE
    ../clib/microlib/string/strlen.c         0x00000000   Number         0  strlen.o ABSOLUTE
    ../clib/microlib/string/strncpy.c        0x00000000   Number         0  strncpy.o ABSOLUTE
    ../clib/microlib/string/strtok.c         0x00000000   Number         0  strtok.o ABSOLUTE
    ../clib/microlib/string/strtok.c         0x00000000   Number         0  strtok_r.o ABSOLUTE
    ../clib/microlib/stubs.s                 0x00000000   Number         0  iusefp.o ABSOLUTE
    ../clib/microlib/stubs.s                 0x00000000   Number         0  iusesemip.o ABSOLUTE
    ../clib/scanf.c                          0x00000000   Number         0  atoi.o ABSOLUTE
    ../clib/scanf.c                          0x00000000   Number         0  strtol.o ABSOLUTE
    ../clib/scanf.c                          0x00000000   Number         0  _strtoul.o ABSOLUTE
    ../clib/scanf.c                          0x00000000   Number         0  _chval.o ABSOLUTE
    ../fplib/microlib/fpadd.c                0x00000000   Number         0  dadd.o ABSOLUTE
    ../fplib/microlib/fpcmp.c                0x00000000   Number         0  fcmple.o ABSOLUTE
    ../fplib/microlib/fpcmp.c                0x00000000   Number         0  fcmpgt.o ABSOLUTE
    ../fplib/microlib/fpdiv.c                0x00000000   Number         0  ddiv.o ABSOLUTE
    ../fplib/microlib/fpepilogue.c           0x00000000   Number         0  fepilogue.o ABSOLUTE
    ../fplib/microlib/fpepilogue.c           0x00000000   Number         0  depilogue.o ABSOLUTE
    ../fplib/microlib/fpfix.c                0x00000000   Number         0  dfixul.o ABSOLUTE
    ../fplib/microlib/fpflt.c                0x00000000   Number         0  fflti.o ABSOLUTE
    ../fplib/microlib/fpmul.c                0x00000000   Number         0  dmul.o ABSOLUTE
    cdrcmple.s                               0x00000000   Number         0  cdrcmple.o ABSOLUTE
    comport.c                                0x00000000   Number         0  comport.o ABSOLUTE
    dc.s                                     0x00000000   Number         0  dc.o ABSOLUTE
    flash.c                                  0x00000000   Number         0  flash.o ABSOLUTE
    gps.c                                    0x00000000   Number         0  gps.o ABSOLUTE
    handlers.s                               0x00000000   Number         0  handlers.o ABSOLUTE
    init.s                                   0x00000000   Number         0  init.o ABSOLUTE
    lowpower.c                               0x00000000   Number         0  lowpower.o ABSOLUTE
    main.c                                   0x00000000   Number         0  main.o ABSOLUTE
    scheduler.c                              0x00000000   Number         0  scheduler.o ABSOLUTE
    startup_stm32l071xx.s                    0x00000000   Number         0  startup_stm32l071xx.o ABSOLUTE
    stm32l0xx_it.c                           0x00000000   Number         0  stm32l0xx_it.o ABSOLUTE
    stm32l0xx_ll_dma.c                       0x00000000   Number         0  stm32l0xx_ll_dma.o ABSOLUTE
    stm32l0xx_ll_exti.c                      0x00000000   Number         0  stm32l0xx_ll_exti.o ABSOLUTE
    stm32l0xx_ll_gpio.c                      0x00000000   Number         0  stm32l0xx_ll_gpio.o ABSOLUTE
    stm32l0xx_ll_pwr.c                       0x00000000   Number         0  stm32l0xx_ll_pwr.o ABSOLUTE
    stm32l0xx_ll_rcc.c                       0x00000000   Number         0  stm32l0xx_ll_rcc.o ABSOLUTE
    stm32l0xx_ll_rtc.c                       0x00000000   Number         0  stm32l0xx_ll_rtc.o ABSOLUTE
    stm32l0xx_ll_spi.c                       0x00000000   Number         0  stm32l0xx_ll_spi.o ABSOLUTE
    stm32l0xx_ll_tim.c                       0x00000000   Number         0  stm32l0xx_ll_tim.o ABSOLUTE
    stm32l0xx_ll_usart.c                     0x00000000   Number         0  stm32l0xx_ll_usart.o ABSOLUTE
    stm32l0xx_ll_utils.c                     0x00000000   Number         0  stm32l0xx_ll_utils.o ABSOLUTE
    system_stm32l0xx.c                       0x00000000   Number         0  system_stm32l0xx_1.o ABSOLUTE
    timers.c                                 0x00000000   Number         0  timers.o ABSOLUTE
    xbee.c                                   0x00000000   Number         0  xbee.o ABSOLUTE
    RESET                                    0x08000000   Section      192  startup_stm32l071xx.o(RESET)
    .ARM.Collect$$$$00000000                 0x080000c0   Section        0  entry.o(.ARM.Collect$$$$00000000)
    .ARM.Collect$$$$00000001                 0x080000c0   Section        4  entry2.o(.ARM.Collect$$$$00000001)
    .ARM.Collect$$$$00000004                 0x080000c4   Section        4  entry5.o(.ARM.Collect$$$$00000004)
    .ARM.Collect$$$$00000008                 0x080000c8   Section        0  entry7b.o(.ARM.Collect$$$$00000008)
    .ARM.Collect$$$$0000000A                 0x080000c8   Section        0  entry8b.o(.ARM.Collect$$$$0000000A)
    .ARM.Collect$$$$0000000B                 0x080000c8   Section        8  entry9a.o(.ARM.Collect$$$$0000000B)
    __lit__00000000                          0x080000d0   Data           4  entry2.o(.ARM.Collect$$$$00002712)
    .ARM.Collect$$$$0000000D                 0x080000d0   Section        0  entry10a.o(.ARM.Collect$$$$0000000D)
    .ARM.Collect$$$$0000000F                 0x080000d0   Section        0  entry11a.o(.ARM.Collect$$$$0000000F)
    .ARM.Collect$$$$00002712                 0x080000d0   Section        4  entry2.o(.ARM.Collect$$$$00002712)
    .text                                    0x080000d4   Section       28  startup_stm32l071xx.o(.text)
    .text                                    0x080000f0   Section        0  uidiv.o(.text)
    .text                                    0x0800011c   Section        0  memseta.o(.text)
    .text                                    0x08000140   Section       36  init.o(.text)
    [Anonymous Symbol]                       0x08000164   Section        0  flash.o(.text.EEPROM_WriteByte)
    [Anonymous Symbol]                       0x08000186   Section        0  flash.o(.text.EEPROM_WriteData)
    [Anonymous Symbol]                       0x080001e6   Section        0  main.o(.text.Error_Handler)
    [Anonymous Symbol]                       0x080001e8   Section        0  flash.o(.text.FLASH_Lock)
    [Anonymous Symbol]                       0x08000208   Section        0  flash.o(.text.FLASH_Unlock)
    __arm_cp.0_1                             0x08000234   Number         4  flash.o(.text.FLASH_Unlock)
    __arm_cp.0_2                             0x08000238   Number         4  flash.o(.text.FLASH_Unlock)
    __arm_cp.0_3                             0x0800023c   Number         4  flash.o(.text.FLASH_Unlock)
    [Anonymous Symbol]                       0x08000240   Section        0  flash.o(.text.FLASH_erasePage)
    __arm_cp.7_1                             0x080002a0   Number         4  flash.o(.text.FLASH_erasePage)
    [Anonymous Symbol]                       0x080002a4   Section        0  flash.o(.text.FLASH_initDataStorage)
    __arm_cp.8_0                             0x080002f0   Number         4  flash.o(.text.FLASH_initDataStorage)
    __arm_cp.8_1                             0x080002f4   Number         4  flash.o(.text.FLASH_initDataStorage)
    [Anonymous Symbol]                       0x080002f8   Section        0  flash.o(.text.FLASH_unlockPrgm)
    __arm_cp.5_0                             0x08000330   Number         4  flash.o(.text.FLASH_unlockPrgm)
    __arm_cp.5_1                             0x08000334   Number         4  flash.o(.text.FLASH_unlockPrgm)
    __arm_cp.5_2                             0x08000338   Number         4  flash.o(.text.FLASH_unlockPrgm)
    __arm_cp.5_3                             0x0800033c   Number         4  flash.o(.text.FLASH_unlockPrgm)
    [Anonymous Symbol]                       0x08000340   Section        0  gps.o(.text.GPS_GPSCSHigh)
    __arm_cp.3_0                             0x08000350   Number         4  gps.o(.text.GPS_GPSCSHigh)
    [Anonymous Symbol]                       0x08000354   Section        0  gps.o(.text.GPS_GPSDisable)
    __arm_cp.1_0                             0x08000360   Number         4  gps.o(.text.GPS_GPSDisable)
    [Anonymous Symbol]                       0x08000364   Section        0  stm32l0xx_it.o(.text.HardFault_Handler)
    LL_APB1_GRP1_EnableClock                 0x08000369   Thumb Code    40  main.o(.text.LL_APB1_GRP1_EnableClock)
    [Anonymous Symbol]                       0x08000368   Section        0  main.o(.text.LL_APB1_GRP1_EnableClock)
    __arm_cp.2_0                             0x0800038c   Number         4  main.o(.text.LL_APB1_GRP1_EnableClock)
    LL_APB2_GRP1_EnableClock                 0x08000391   Thumb Code    40  main.o(.text.LL_APB2_GRP1_EnableClock)
    [Anonymous Symbol]                       0x08000390   Section        0  main.o(.text.LL_APB2_GRP1_EnableClock)
    __arm_cp.1_0                             0x080003b4   Number         4  main.o(.text.LL_APB2_GRP1_EnableClock)
    LL_FLASH_GetLatency                      0x080003b9   Thumb Code    16  main.o(.text.LL_FLASH_GetLatency)
    [Anonymous Symbol]                       0x080003b8   Section        0  main.o(.text.LL_FLASH_GetLatency)
    LL_FLASH_SetLatency                      0x080003c5   Thumb Code    32  main.o(.text.LL_FLASH_SetLatency)
    [Anonymous Symbol]                       0x080003c4   Section        0  main.o(.text.LL_FLASH_SetLatency)
    __arm_cp.12_0                            0x080003e0   Number         4  main.o(.text.LL_FLASH_SetLatency)
    [Anonymous Symbol]                       0x080003e4   Section        0  stm32l0xx_ll_gpio.o(.text.LL_GPIO_Init)
    LL_GPIO_ResetOutputPin                   0x080004c3   Thumb Code    24  main.o(.text.LL_GPIO_ResetOutputPin)
    [Anonymous Symbol]                       0x080004c2   Section        0  main.o(.text.LL_GPIO_ResetOutputPin)
    LL_GPIO_SetAFPin_0_7                     0x080004db   Thumb Code    58  stm32l0xx_ll_gpio.o(.text.LL_GPIO_SetAFPin_0_7)
    [Anonymous Symbol]                       0x080004da   Section        0  stm32l0xx_ll_gpio.o(.text.LL_GPIO_SetAFPin_0_7)
    LL_GPIO_SetAFPin_8_15                    0x08000515   Thumb Code    60  stm32l0xx_ll_gpio.o(.text.LL_GPIO_SetAFPin_8_15)
    [Anonymous Symbol]                       0x08000514   Section        0  stm32l0xx_ll_gpio.o(.text.LL_GPIO_SetAFPin_8_15)
    LL_GPIO_SetPinMode                       0x08000551   Thumb Code    50  stm32l0xx_ll_gpio.o(.text.LL_GPIO_SetPinMode)
    [Anonymous Symbol]                       0x08000550   Section        0  stm32l0xx_ll_gpio.o(.text.LL_GPIO_SetPinMode)
    LL_GPIO_SetPinOutputType                 0x08000583   Thumb Code    44  stm32l0xx_ll_gpio.o(.text.LL_GPIO_SetPinOutputType)
    [Anonymous Symbol]                       0x08000582   Section        0  stm32l0xx_ll_gpio.o(.text.LL_GPIO_SetPinOutputType)
    LL_GPIO_SetPinPull                       0x080005af   Thumb Code    50  stm32l0xx_ll_gpio.o(.text.LL_GPIO_SetPinPull)
    [Anonymous Symbol]                       0x080005ae   Section        0  stm32l0xx_ll_gpio.o(.text.LL_GPIO_SetPinPull)
    LL_GPIO_SetPinSpeed                      0x080005e1   Thumb Code    50  stm32l0xx_ll_gpio.o(.text.LL_GPIO_SetPinSpeed)
    [Anonymous Symbol]                       0x080005e0   Section        0  stm32l0xx_ll_gpio.o(.text.LL_GPIO_SetPinSpeed)
    LL_IOP_GRP1_EnableClock                  0x08000615   Thumb Code    40  main.o(.text.LL_IOP_GRP1_EnableClock)
    [Anonymous Symbol]                       0x08000614   Section        0  main.o(.text.LL_IOP_GRP1_EnableClock)
    __arm_cp.37_0                            0x08000638   Number         4  main.o(.text.LL_IOP_GRP1_EnableClock)
    [Anonymous Symbol]                       0x0800063c   Section        0  stm32l0xx_ll_utils.o(.text.LL_Init1msTick)
    LL_InitTick                              0x08000659   Thumb Code    60  stm32l0xx_ll_utils.o(.text.LL_InitTick)
    [Anonymous Symbol]                       0x08000658   Section        0  stm32l0xx_ll_utils.o(.text.LL_InitTick)
    __arm_cp.1_0                             0x08000688   Number         4  stm32l0xx_ll_utils.o(.text.LL_InitTick)
    __arm_cp.1_1                             0x0800068c   Number         4  stm32l0xx_ll_utils.o(.text.LL_InitTick)
    __arm_cp.1_2                             0x08000690   Number         4  stm32l0xx_ll_utils.o(.text.LL_InitTick)
    LL_PWR_EnableBkUpAccess                  0x08000695   Thumb Code    20  main.o(.text.LL_PWR_EnableBkUpAccess)
    [Anonymous Symbol]                       0x08000694   Section        0  main.o(.text.LL_PWR_EnableBkUpAccess)
    LL_PWR_SetRegulVoltageScaling            0x080006a5   Thumb Code    32  main.o(.text.LL_PWR_SetRegulVoltageScaling)
    [Anonymous Symbol]                       0x080006a4   Section        0  main.o(.text.LL_PWR_SetRegulVoltageScaling)
    __arm_cp.15_0                            0x080006c0   Number         4  main.o(.text.LL_PWR_SetRegulVoltageScaling)
    LL_RCC_EnableRTC                         0x080006c5   Thumb Code    20  main.o(.text.LL_RCC_EnableRTC)
    [Anonymous Symbol]                       0x080006c4   Section        0  main.o(.text.LL_RCC_EnableRTC)
    LL_RCC_ForceBackupDomainReset            0x080006d5   Thumb Code    20  main.o(.text.LL_RCC_ForceBackupDomainReset)
    [Anonymous Symbol]                       0x080006d4   Section        0  main.o(.text.LL_RCC_ForceBackupDomainReset)
    LL_RCC_GetAHBPrescaler                   0x080006e5   Thumb Code    16  stm32l0xx_ll_rcc.o(.text.LL_RCC_GetAHBPrescaler)
    [Anonymous Symbol]                       0x080006e4   Section        0  stm32l0xx_ll_rcc.o(.text.LL_RCC_GetAHBPrescaler)
    LL_RCC_GetAPB1Prescaler                  0x080006f1   Thumb Code    16  stm32l0xx_ll_rcc.o(.text.LL_RCC_GetAPB1Prescaler)
    [Anonymous Symbol]                       0x080006f0   Section        0  stm32l0xx_ll_rcc.o(.text.LL_RCC_GetAPB1Prescaler)
    LL_RCC_GetAPB2Prescaler                  0x080006fd   Thumb Code    16  stm32l0xx_ll_rcc.o(.text.LL_RCC_GetAPB2Prescaler)
    [Anonymous Symbol]                       0x080006fc   Section        0  stm32l0xx_ll_rcc.o(.text.LL_RCC_GetAPB2Prescaler)
    LL_RCC_GetSysClkSource                   0x08000709   Thumb Code    16  main.o(.text.LL_RCC_GetSysClkSource)
    [Anonymous Symbol]                       0x08000708   Section        0  main.o(.text.LL_RCC_GetSysClkSource)
    LL_RCC_GetSysClkSource                   0x08000715   Thumb Code    16  stm32l0xx_ll_rcc.o(.text.LL_RCC_GetSysClkSource)
    [Anonymous Symbol]                       0x08000714   Section        0  stm32l0xx_ll_rcc.o(.text.LL_RCC_GetSysClkSource)
    [Anonymous Symbol]                       0x08000720   Section        0  stm32l0xx_ll_rcc.o(.text.LL_RCC_GetSystemClocksFreq)
    [Anonymous Symbol]                       0x0800075c   Section        0  stm32l0xx_ll_rcc.o(.text.LL_RCC_GetUSARTClockFreq)
    __arm_cp.14_0                            0x08000870   Number         4  stm32l0xx_ll_rcc.o(.text.LL_RCC_GetUSARTClockFreq)
    __arm_cp.14_1                            0x08000874   Number         4  stm32l0xx_ll_rcc.o(.text.LL_RCC_GetUSARTClockFreq)
    __arm_cp.14_2                            0x08000878   Number         4  stm32l0xx_ll_rcc.o(.text.LL_RCC_GetUSARTClockFreq)
    __arm_cp.14_3                            0x0800087c   Number         4  stm32l0xx_ll_rcc.o(.text.LL_RCC_GetUSARTClockFreq)
    LL_RCC_GetUSARTClockSource               0x08000881   Thumb Code    28  stm32l0xx_ll_rcc.o(.text.LL_RCC_GetUSARTClockSource)
    [Anonymous Symbol]                       0x08000880   Section        0  stm32l0xx_ll_rcc.o(.text.LL_RCC_GetUSARTClockSource)
    LL_RCC_HSI_IsReady                       0x08000899   Thumb Code    16  stm32l0xx_ll_rcc.o(.text.LL_RCC_HSI_IsReady)
    [Anonymous Symbol]                       0x08000898   Section        0  stm32l0xx_ll_rcc.o(.text.LL_RCC_HSI_IsReady)
    LL_RCC_IsActiveFlag_HSIDIV               0x080008a5   Thumb Code    16  stm32l0xx_ll_rcc.o(.text.LL_RCC_IsActiveFlag_HSIDIV)
    [Anonymous Symbol]                       0x080008a4   Section        0  stm32l0xx_ll_rcc.o(.text.LL_RCC_IsActiveFlag_HSIDIV)
    LL_RCC_LSE_Enable                        0x080008b1   Thumb Code    20  main.o(.text.LL_RCC_LSE_Enable)
    [Anonymous Symbol]                       0x080008b0   Section        0  main.o(.text.LL_RCC_LSE_Enable)
    LL_RCC_LSE_IsReady                       0x080008c1   Thumb Code    20  main.o(.text.LL_RCC_LSE_IsReady)
    [Anonymous Symbol]                       0x080008c0   Section        0  main.o(.text.LL_RCC_LSE_IsReady)
    LL_RCC_LSE_IsReady                       0x080008d1   Thumb Code    20  stm32l0xx_ll_rcc.o(.text.LL_RCC_LSE_IsReady)
    [Anonymous Symbol]                       0x080008d0   Section        0  stm32l0xx_ll_rcc.o(.text.LL_RCC_LSE_IsReady)
    LL_RCC_LSE_SetDriveCapability            0x080008e1   Thumb Code    32  main.o(.text.LL_RCC_LSE_SetDriveCapability)
    [Anonymous Symbol]                       0x080008e0   Section        0  main.o(.text.LL_RCC_LSE_SetDriveCapability)
    LL_RCC_MSI_Enable                        0x080008fd   Thumb Code    20  main.o(.text.LL_RCC_MSI_Enable)
    [Anonymous Symbol]                       0x080008fc   Section        0  main.o(.text.LL_RCC_MSI_Enable)
    LL_RCC_MSI_GetRange                      0x0800090d   Thumb Code    16  stm32l0xx_ll_rcc.o(.text.LL_RCC_MSI_GetRange)
    [Anonymous Symbol]                       0x0800090c   Section        0  stm32l0xx_ll_rcc.o(.text.LL_RCC_MSI_GetRange)
    LL_RCC_MSI_IsReady                       0x08000919   Thumb Code    20  main.o(.text.LL_RCC_MSI_IsReady)
    [Anonymous Symbol]                       0x08000918   Section        0  main.o(.text.LL_RCC_MSI_IsReady)
    __arm_cp.17_0                            0x08000928   Number         4  main.o(.text.LL_RCC_MSI_IsReady)
    LL_RCC_MSI_SetCalibTrimming              0x0800092d   Thumb Code    36  main.o(.text.LL_RCC_MSI_SetCalibTrimming)
    [Anonymous Symbol]                       0x0800092c   Section        0  main.o(.text.LL_RCC_MSI_SetCalibTrimming)
    LL_RCC_MSI_SetRange                      0x0800094d   Thumb Code    32  main.o(.text.LL_RCC_MSI_SetRange)
    [Anonymous Symbol]                       0x0800094c   Section        0  main.o(.text.LL_RCC_MSI_SetRange)
    __arm_cp.18_0                            0x08000968   Number         4  main.o(.text.LL_RCC_MSI_SetRange)
    LL_RCC_PLL_GetDivider                    0x0800096d   Thumb Code    16  stm32l0xx_ll_rcc.o(.text.LL_RCC_PLL_GetDivider)
    [Anonymous Symbol]                       0x0800096c   Section        0  stm32l0xx_ll_rcc.o(.text.LL_RCC_PLL_GetDivider)
    LL_RCC_PLL_GetMainSource                 0x08000979   Thumb Code    16  stm32l0xx_ll_rcc.o(.text.LL_RCC_PLL_GetMainSource)
    [Anonymous Symbol]                       0x08000978   Section        0  stm32l0xx_ll_rcc.o(.text.LL_RCC_PLL_GetMainSource)
    LL_RCC_PLL_GetMultiplicator              0x08000985   Thumb Code    16  stm32l0xx_ll_rcc.o(.text.LL_RCC_PLL_GetMultiplicator)
    [Anonymous Symbol]                       0x08000984   Section        0  stm32l0xx_ll_rcc.o(.text.LL_RCC_PLL_GetMultiplicator)
    LL_RCC_ReleaseBackupDomainReset          0x08000991   Thumb Code    20  main.o(.text.LL_RCC_ReleaseBackupDomainReset)
    [Anonymous Symbol]                       0x08000990   Section        0  main.o(.text.LL_RCC_ReleaseBackupDomainReset)
    LL_RCC_SetAHBPrescaler                   0x080009a1   Thumb Code    32  main.o(.text.LL_RCC_SetAHBPrescaler)
    [Anonymous Symbol]                       0x080009a0   Section        0  main.o(.text.LL_RCC_SetAHBPrescaler)
    LL_RCC_SetAPB1Prescaler                  0x080009bd   Thumb Code    32  main.o(.text.LL_RCC_SetAPB1Prescaler)
    [Anonymous Symbol]                       0x080009bc   Section        0  main.o(.text.LL_RCC_SetAPB1Prescaler)
    LL_RCC_SetAPB2Prescaler                  0x080009d9   Thumb Code    32  main.o(.text.LL_RCC_SetAPB2Prescaler)
    [Anonymous Symbol]                       0x080009d8   Section        0  main.o(.text.LL_RCC_SetAPB2Prescaler)
    LL_RCC_SetRTCClockSource                 0x080009f5   Thumb Code    32  main.o(.text.LL_RCC_SetRTCClockSource)
    [Anonymous Symbol]                       0x080009f4   Section        0  main.o(.text.LL_RCC_SetRTCClockSource)
    __arm_cp.26_0                            0x08000a10   Number         4  main.o(.text.LL_RCC_SetRTCClockSource)
    LL_RCC_SetSysClkSource                   0x08000a15   Thumb Code    32  main.o(.text.LL_RCC_SetSysClkSource)
    [Anonymous Symbol]                       0x08000a14   Section        0  main.o(.text.LL_RCC_SetSysClkSource)
    __arm_cp.31_0                            0x08000a30   Number         4  main.o(.text.LL_RCC_SetSysClkSource)
    LL_RCC_SetUSARTClockSource               0x08000a35   Thumb Code    36  main.o(.text.LL_RCC_SetUSARTClockSource)
    [Anonymous Symbol]                       0x08000a34   Section        0  main.o(.text.LL_RCC_SetUSARTClockSource)
    __arm_cp.34_0                            0x08000a54   Number         4  main.o(.text.LL_RCC_SetUSARTClockSource)
    LL_RTC_ALMA_Disable                      0x08000a59   Thumb Code    24  timers.o(.text.LL_RTC_ALMA_Disable)
    [Anonymous Symbol]                       0x08000a58   Section        0  timers.o(.text.LL_RTC_ALMA_Disable)
    LL_RTC_ALMA_Enable                       0x08000a71   Thumb Code    24  timers.o(.text.LL_RTC_ALMA_Enable)
    [Anonymous Symbol]                       0x08000a70   Section        0  timers.o(.text.LL_RTC_ALMA_Enable)
    LL_RTC_ALMA_SetMask                      0x08000a89   Thumb Code    40  timers.o(.text.LL_RTC_ALMA_SetMask)
    [Anonymous Symbol]                       0x08000a88   Section        0  timers.o(.text.LL_RTC_ALMA_SetMask)
    __arm_cp.7_0                             0x08000aac   Number         4  timers.o(.text.LL_RTC_ALMA_SetMask)
    LL_RTC_ALMA_SetSecond                    0x08000ab1   Thumb Code    36  timers.o(.text.LL_RTC_ALMA_SetSecond)
    [Anonymous Symbol]                       0x08000ab0   Section        0  timers.o(.text.LL_RTC_ALMA_SetSecond)
    LL_RTC_ClearFlag_RS                      0x08000ad5   Thumb Code    30  stm32l0xx_ll_rtc.o(.text.LL_RTC_ClearFlag_RS)
    [Anonymous Symbol]                       0x08000ad4   Section        0  stm32l0xx_ll_rtc.o(.text.LL_RTC_ClearFlag_RS)
    LL_RTC_DATE_Config                       0x08000af5   Thumb Code    88  stm32l0xx_ll_rtc.o(.text.LL_RTC_DATE_Config)
    [Anonymous Symbol]                       0x08000af4   Section        0  stm32l0xx_ll_rtc.o(.text.LL_RTC_DATE_Config)
    __arm_cp.17_0                            0x08000b48   Number         4  stm32l0xx_ll_rtc.o(.text.LL_RTC_DATE_Config)
    [Anonymous Symbol]                       0x08000b4c   Section        0  stm32l0xx_ll_rtc.o(.text.LL_RTC_DATE_Init)
    LL_RTC_DisableInitMode                   0x08000c59   Thumb Code    20  stm32l0xx_ll_rtc.o(.text.LL_RTC_DisableInitMode)
    [Anonymous Symbol]                       0x08000c58   Section        0  stm32l0xx_ll_rtc.o(.text.LL_RTC_DisableInitMode)
    LL_RTC_DisableWriteProtection            0x08000c6d   Thumb Code    24  timers.o(.text.LL_RTC_DisableWriteProtection)
    [Anonymous Symbol]                       0x08000c6c   Section        0  timers.o(.text.LL_RTC_DisableWriteProtection)
    LL_RTC_DisableWriteProtection            0x08000c85   Thumb Code    24  stm32l0xx_ll_rtc.o(.text.LL_RTC_DisableWriteProtection)
    [Anonymous Symbol]                       0x08000c84   Section        0  stm32l0xx_ll_rtc.o(.text.LL_RTC_DisableWriteProtection)
    LL_RTC_EnableInitMode                    0x08000c9d   Thumb Code    20  stm32l0xx_ll_rtc.o(.text.LL_RTC_EnableInitMode)
    [Anonymous Symbol]                       0x08000c9c   Section        0  stm32l0xx_ll_rtc.o(.text.LL_RTC_EnableInitMode)
    LL_RTC_EnableWriteProtection             0x08000cb1   Thumb Code    18  timers.o(.text.LL_RTC_EnableWriteProtection)
    [Anonymous Symbol]                       0x08000cb0   Section        0  timers.o(.text.LL_RTC_EnableWriteProtection)
    LL_RTC_EnableWriteProtection             0x08000cc3   Thumb Code    18  stm32l0xx_ll_rtc.o(.text.LL_RTC_EnableWriteProtection)
    [Anonymous Symbol]                       0x08000cc2   Section        0  stm32l0xx_ll_rtc.o(.text.LL_RTC_EnableWriteProtection)
    [Anonymous Symbol]                       0x08000cd4   Section        0  stm32l0xx_ll_rtc.o(.text.LL_RTC_EnterInitMode)
    LL_RTC_GetHourFormat                     0x08000d5f   Thumb Code    20  stm32l0xx_ll_rtc.o(.text.LL_RTC_GetHourFormat)
    [Anonymous Symbol]                       0x08000d5e   Section        0  stm32l0xx_ll_rtc.o(.text.LL_RTC_GetHourFormat)
    [Anonymous Symbol]                       0x08000d72   Section        0  stm32l0xx_ll_rtc.o(.text.LL_RTC_Init)
    LL_RTC_IsActiveFlag_INIT                 0x08000dd5   Thumb Code    22  stm32l0xx_ll_rtc.o(.text.LL_RTC_IsActiveFlag_INIT)
    [Anonymous Symbol]                       0x08000dd4   Section        0  stm32l0xx_ll_rtc.o(.text.LL_RTC_IsActiveFlag_INIT)
    LL_RTC_IsActiveFlag_RS                   0x08000deb   Thumb Code    22  stm32l0xx_ll_rtc.o(.text.LL_RTC_IsActiveFlag_RS)
    [Anonymous Symbol]                       0x08000dea   Section        0  stm32l0xx_ll_rtc.o(.text.LL_RTC_IsActiveFlag_RS)
    LL_RTC_IsShadowRegBypassEnabled          0x08000e01   Thumb Code    22  stm32l0xx_ll_rtc.o(.text.LL_RTC_IsShadowRegBypassEnabled)
    [Anonymous Symbol]                       0x08000e00   Section        0  stm32l0xx_ll_rtc.o(.text.LL_RTC_IsShadowRegBypassEnabled)
    LL_RTC_SetAsynchPrescaler                0x08000e17   Thumb Code    38  stm32l0xx_ll_rtc.o(.text.LL_RTC_SetAsynchPrescaler)
    [Anonymous Symbol]                       0x08000e16   Section        0  stm32l0xx_ll_rtc.o(.text.LL_RTC_SetAsynchPrescaler)
    LL_RTC_SetHourFormat                     0x08000e3d   Thumb Code    34  stm32l0xx_ll_rtc.o(.text.LL_RTC_SetHourFormat)
    [Anonymous Symbol]                       0x08000e3c   Section        0  stm32l0xx_ll_rtc.o(.text.LL_RTC_SetHourFormat)
    LL_RTC_SetSynchPrescaler                 0x08000e61   Thumb Code    40  stm32l0xx_ll_rtc.o(.text.LL_RTC_SetSynchPrescaler)
    [Anonymous Symbol]                       0x08000e60   Section        0  stm32l0xx_ll_rtc.o(.text.LL_RTC_SetSynchPrescaler)
    __arm_cp.7_0                             0x08000e84   Number         4  stm32l0xx_ll_rtc.o(.text.LL_RTC_SetSynchPrescaler)
    LL_RTC_TIME_Config                       0x08000e89   Thumb Code    84  stm32l0xx_ll_rtc.o(.text.LL_RTC_TIME_Config)
    [Anonymous Symbol]                       0x08000e88   Section        0  stm32l0xx_ll_rtc.o(.text.LL_RTC_TIME_Config)
    __arm_cp.13_0                            0x08000ed8   Number         4  stm32l0xx_ll_rtc.o(.text.LL_RTC_TIME_Config)
    [Anonymous Symbol]                       0x08000edc   Section        0  stm32l0xx_ll_rtc.o(.text.LL_RTC_TIME_Init)
    __arm_cp.11_0                            0x08000ff4   Number         4  stm32l0xx_ll_rtc.o(.text.LL_RTC_TIME_Init)
    [Anonymous Symbol]                       0x08000ff8   Section        0  stm32l0xx_ll_rtc.o(.text.LL_RTC_WaitForSynchro)
    [Anonymous Symbol]                       0x080010e8   Section        0  stm32l0xx_ll_spi.o(.text.LL_SPI_Init)
    __arm_cp.5_0                             0x08001184   Number         4  stm32l0xx_ll_spi.o(.text.LL_SPI_Init)
    LL_SPI_IsEnabled                         0x08001189   Thumb Code    22  stm32l0xx_ll_spi.o(.text.LL_SPI_IsEnabled)
    [Anonymous Symbol]                       0x08001188   Section        0  stm32l0xx_ll_spi.o(.text.LL_SPI_IsEnabled)
    LL_SPI_SetCRCPolynomial                  0x0800119f   Thumb Code    26  stm32l0xx_ll_spi.o(.text.LL_SPI_SetCRCPolynomial)
    [Anonymous Symbol]                       0x0800119e   Section        0  stm32l0xx_ll_spi.o(.text.LL_SPI_SetCRCPolynomial)
    LL_SPI_SetStandard                       0x080011b9   Thumb Code    34  main.o(.text.LL_SPI_SetStandard)
    [Anonymous Symbol]                       0x080011b8   Section        0  main.o(.text.LL_SPI_SetStandard)
    LL_SYSTICK_IsActiveCounterFlag           0x080011dd   Thumb Code    20  stm32l0xx_ll_rtc.o(.text.LL_SYSTICK_IsActiveCounterFlag)
    [Anonymous Symbol]                       0x080011dc   Section        0  stm32l0xx_ll_rtc.o(.text.LL_SYSTICK_IsActiveCounterFlag)
    LL_SYSTICK_SetClkSource                  0x080011ed   Thumb Code    48  main.o(.text.LL_SYSTICK_SetClkSource)
    [Anonymous Symbol]                       0x080011ec   Section        0  main.o(.text.LL_SYSTICK_SetClkSource)
    __arm_cp.33_0                            0x08001218   Number         4  main.o(.text.LL_SYSTICK_SetClkSource)
    [Anonymous Symbol]                       0x0800121c   Section        0  stm32l0xx_ll_utils.o(.text.LL_SetSystemCoreClock)
    __arm_cp.3_0                             0x08001230   Number         4  stm32l0xx_ll_utils.o(.text.LL_SetSystemCoreClock)
    LL_TIM_DisableARRPreload                 0x08001235   Thumb Code    22  main.o(.text.LL_TIM_DisableARRPreload)
    [Anonymous Symbol]                       0x08001234   Section        0  main.o(.text.LL_TIM_DisableARRPreload)
    LL_TIM_DisableMasterSlaveMode            0x0800124b   Thumb Code    22  main.o(.text.LL_TIM_DisableMasterSlaveMode)
    [Anonymous Symbol]                       0x0800124a   Section        0  main.o(.text.LL_TIM_DisableMasterSlaveMode)
    LL_TIM_GenerateEvent_UPDATE              0x08001261   Thumb Code    22  stm32l0xx_ll_tim.o(.text.LL_TIM_GenerateEvent_UPDATE)
    [Anonymous Symbol]                       0x08001260   Section        0  stm32l0xx_ll_tim.o(.text.LL_TIM_GenerateEvent_UPDATE)
    [Anonymous Symbol]                       0x08001278   Section        0  stm32l0xx_ll_tim.o(.text.LL_TIM_Init)
    __arm_cp.6_0                             0x0800132c   Number         4  stm32l0xx_ll_tim.o(.text.LL_TIM_Init)
    __arm_cp.6_1                             0x08001330   Number         4  stm32l0xx_ll_tim.o(.text.LL_TIM_Init)
    __arm_cp.6_2                             0x08001334   Number         4  stm32l0xx_ll_tim.o(.text.LL_TIM_Init)
    LL_TIM_SetAutoReload                     0x08001339   Thumb Code    24  stm32l0xx_ll_tim.o(.text.LL_TIM_SetAutoReload)
    [Anonymous Symbol]                       0x08001338   Section        0  stm32l0xx_ll_tim.o(.text.LL_TIM_SetAutoReload)
    LL_TIM_SetClockSource                    0x08001351   Thumb Code    40  main.o(.text.LL_TIM_SetClockSource)
    [Anonymous Symbol]                       0x08001350   Section        0  main.o(.text.LL_TIM_SetClockSource)
    __arm_cp.40_0                            0x08001374   Number         4  main.o(.text.LL_TIM_SetClockSource)
    LL_TIM_SetPrescaler                      0x08001379   Thumb Code    24  stm32l0xx_ll_tim.o(.text.LL_TIM_SetPrescaler)
    [Anonymous Symbol]                       0x08001378   Section        0  stm32l0xx_ll_tim.o(.text.LL_TIM_SetPrescaler)
    LL_TIM_SetTriggerOutput                  0x08001391   Thumb Code    34  main.o(.text.LL_TIM_SetTriggerOutput)
    [Anonymous Symbol]                       0x08001390   Section        0  main.o(.text.LL_TIM_SetTriggerOutput)
    LL_USART_ConfigAsyncMode                 0x080013b3   Thumb Code    34  main.o(.text.LL_USART_ConfigAsyncMode)
    [Anonymous Symbol]                       0x080013b2   Section        0  main.o(.text.LL_USART_ConfigAsyncMode)
    LL_USART_Disable                         0x080013d5   Thumb Code    22  main.o(.text.LL_USART_Disable)
    [Anonymous Symbol]                       0x080013d4   Section        0  main.o(.text.LL_USART_Disable)
    LL_USART_DisableOverrunDetect            0x080013eb   Thumb Code    24  main.o(.text.LL_USART_DisableOverrunDetect)
    [Anonymous Symbol]                       0x080013ea   Section        0  main.o(.text.LL_USART_DisableOverrunDetect)
    LL_USART_Enable                          0x08001403   Thumb Code    22  main.o(.text.LL_USART_Enable)
    [Anonymous Symbol]                       0x08001402   Section        0  main.o(.text.LL_USART_Enable)
    [Anonymous Symbol]                       0x08001418   Section        0  stm32l0xx_ll_usart.o(.text.LL_USART_Init)
    __arm_cp.5_0                             0x08001504   Number         4  stm32l0xx_ll_usart.o(.text.LL_USART_Init)
    __arm_cp.5_1                             0x08001508   Number         4  stm32l0xx_ll_usart.o(.text.LL_USART_Init)
    __arm_cp.5_2                             0x0800150c   Number         4  stm32l0xx_ll_usart.o(.text.LL_USART_Init)
    __arm_cp.5_3                             0x08001510   Number         4  stm32l0xx_ll_usart.o(.text.LL_USART_Init)
    __arm_cp.5_4                             0x08001514   Number         4  stm32l0xx_ll_usart.o(.text.LL_USART_Init)
    LL_USART_IsEnabled                       0x08001519   Thumb Code    20  stm32l0xx_ll_usart.o(.text.LL_USART_IsEnabled)
    [Anonymous Symbol]                       0x08001518   Section        0  stm32l0xx_ll_usart.o(.text.LL_USART_IsEnabled)
    LL_USART_SetBaudRate                     0x0800152d   Thumb Code   116  stm32l0xx_ll_usart.o(.text.LL_USART_SetBaudRate)
    [Anonymous Symbol]                       0x0800152c   Section        0  stm32l0xx_ll_usart.o(.text.LL_USART_SetBaudRate)
    __arm_cp.9_0                             0x0800159c   Number         4  stm32l0xx_ll_usart.o(.text.LL_USART_SetBaudRate)
    LL_USART_SetHWFlowCtrl                   0x080015a1   Thumb Code    36  stm32l0xx_ll_usart.o(.text.LL_USART_SetHWFlowCtrl)
    [Anonymous Symbol]                       0x080015a0   Section        0  stm32l0xx_ll_usart.o(.text.LL_USART_SetHWFlowCtrl)
    LL_USART_SetStopBitsLength               0x080015c5   Thumb Code    36  stm32l0xx_ll_usart.o(.text.LL_USART_SetStopBitsLength)
    [Anonymous Symbol]                       0x080015c4   Section        0  stm32l0xx_ll_usart.o(.text.LL_USART_SetStopBitsLength)
    LL_USART_SetTXRXSwap                     0x080015e9   Thumb Code    36  main.o(.text.LL_USART_SetTXRXSwap)
    [Anonymous Symbol]                       0x080015e8   Section        0  main.o(.text.LL_USART_SetTXRXSwap)
    [Anonymous Symbol]                       0x0800160c   Section        0  lowpower.o(.text.LPM_gpioInit)
    __arm_cp.1_1                             0x080016c4   Number         4  lowpower.o(.text.LPM_gpioInit)
    __arm_cp.1_2                             0x080016c8   Number         4  lowpower.o(.text.LPM_gpioInit)
    MX_GPIO_Init                             0x080016cd   Thumb Code   300  main.o(.text.MX_GPIO_Init)
    [Anonymous Symbol]                       0x080016cc   Section        0  main.o(.text.MX_GPIO_Init)
    __arm_cp.4_0                             0x080017f4   Number         4  main.o(.text.MX_GPIO_Init)
    MX_RTC_Init                              0x080017f9   Thumb Code   136  main.o(.text.MX_RTC_Init)
    [Anonymous Symbol]                       0x080017f8   Section        0  main.o(.text.MX_RTC_Init)
    __arm_cp.5_0                             0x0800187c   Number         4  main.o(.text.MX_RTC_Init)
    MX_SPI1_Init                             0x08001881   Thumb Code   272  main.o(.text.MX_SPI1_Init)
    [Anonymous Symbol]                       0x08001880   Section        0  main.o(.text.MX_SPI1_Init)
    __arm_cp.6_0                             0x0800198c   Number         4  main.o(.text.MX_SPI1_Init)
    MX_TIM2_Init                             0x08001991   Thumb Code   108  main.o(.text.MX_TIM2_Init)
    [Anonymous Symbol]                       0x08001990   Section        0  main.o(.text.MX_TIM2_Init)
    MX_USART1_UART_Init                      0x080019fd   Thumb Code   224  main.o(.text.MX_USART1_UART_Init)
    [Anonymous Symbol]                       0x080019fc   Section        0  main.o(.text.MX_USART1_UART_Init)
    __arm_cp.8_0                             0x08001ad8   Number         4  main.o(.text.MX_USART1_UART_Init)
    MX_USART4_UART_Init                      0x08001add   Thumb Code   224  main.o(.text.MX_USART4_UART_Init)
    [Anonymous Symbol]                       0x08001adc   Section        0  main.o(.text.MX_USART4_UART_Init)
    __arm_cp.9_0                             0x08001bb8   Number         4  main.o(.text.MX_USART4_UART_Init)
    [Anonymous Symbol]                       0x08001bbc   Section        0  stm32l0xx_it.o(.text.NMI_Handler)
    NVIC_EnableIRQ                           0x08001bc1   Thumb Code    32  main.o(.text.NVIC_EnableIRQ)
    [Anonymous Symbol]                       0x08001bc0   Section        0  main.o(.text.NVIC_EnableIRQ)
    __arm_cp.36_0                            0x08001bdc   Number         4  main.o(.text.NVIC_EnableIRQ)
    NVIC_SetPriority                         0x08001be1   Thumb Code   140  main.o(.text.NVIC_SetPriority)
    [Anonymous Symbol]                       0x08001be0   Section        0  main.o(.text.NVIC_SetPriority)
    __arm_cp.35_0                            0x08001c64   Number         4  main.o(.text.NVIC_SetPriority)
    __arm_cp.35_1                            0x08001c68   Number         4  main.o(.text.NVIC_SetPriority)
    [Anonymous Symbol]                       0x08001c6c   Section        0  stm32l0xx_it.o(.text.PendSV_Handler)
    [Anonymous Symbol]                       0x08001c70   Section        0  stm32l0xx_ll_rcc.o(.text.RCC_GetHCLKClockFreq)
    __arm_cp.11_0                            0x08001c94   Number         4  stm32l0xx_ll_rcc.o(.text.RCC_GetHCLKClockFreq)
    [Anonymous Symbol]                       0x08001c98   Section        0  stm32l0xx_ll_rcc.o(.text.RCC_GetPCLK1ClockFreq)
    [Anonymous Symbol]                       0x08001cbc   Section        0  stm32l0xx_ll_rcc.o(.text.RCC_GetPCLK2ClockFreq)
    __arm_cp.13_0                            0x08001ce0   Number         4  stm32l0xx_ll_rcc.o(.text.RCC_GetPCLK2ClockFreq)
    [Anonymous Symbol]                       0x08001ce4   Section        0  stm32l0xx_ll_rcc.o(.text.RCC_GetSystemClockFreq)
    [Anonymous Symbol]                       0x08001d60   Section        0  stm32l0xx_ll_rcc.o(.text.RCC_PLL_GetFreqDomain_SYS)
    __arm_cp.28_0                            0x08001db8   Number         4  stm32l0xx_ll_rcc.o(.text.RCC_PLL_GetFreqDomain_SYS)
    __arm_cp.28_1                            0x08001dbc   Number         4  stm32l0xx_ll_rcc.o(.text.RCC_PLL_GetFreqDomain_SYS)
    __arm_cp.28_2                            0x08001dc0   Number         4  stm32l0xx_ll_rcc.o(.text.RCC_PLL_GetFreqDomain_SYS)
    __arm_cp.28_3                            0x08001dc4   Number         4  stm32l0xx_ll_rcc.o(.text.RCC_PLL_GetFreqDomain_SYS)
    [Anonymous Symbol]                       0x08001dc8   Section        0  stm32l0xx_it.o(.text.RTC_IRQHandler)
    __arm_cp.5_0                             0x08001df4   Number         4  stm32l0xx_it.o(.text.RTC_IRQHandler)
    __arm_cp.5_1                             0x08001df8   Number         4  stm32l0xx_it.o(.text.RTC_IRQHandler)
    __arm_cp.5_2                             0x08001dfc   Number         4  stm32l0xx_it.o(.text.RTC_IRQHandler)
    [Anonymous Symbol]                       0x08001e00   Section        0  timers.o(.text.RTC_initAlarm)
    __arm_cp.3_0                             0x08001e54   Number         4  timers.o(.text.RTC_initAlarm)
    __arm_cp.3_1                             0x08001e58   Number         4  timers.o(.text.RTC_initAlarm)
    __arm_cp.3_2                             0x08001e5c   Number         4  timers.o(.text.RTC_initAlarm)
    __arm_cp.3_3                             0x08001e60   Number         4  timers.o(.text.RTC_initAlarm)
    __arm_cp.3_4                             0x08001e64   Number         4  timers.o(.text.RTC_initAlarm)
    [Anonymous Symbol]                       0x08001e68   Section        0  stm32l0xx_it.o(.text.SPI1_IRQHandler)
    [Anonymous Symbol]                       0x08001e6a   Section        0  stm32l0xx_it.o(.text.SVC_Handler)
    [Anonymous Symbol]                       0x08001e6c   Section        0  stm32l0xx_it.o(.text.SysTick_Handler)
    [Anonymous Symbol]                       0x08001e6e   Section        0  main.o(.text.SystemClock_Config)
    [Anonymous Symbol]                       0x08001f2c   Section        0  system_stm32l0xx_1.o(.text.SystemInit)
    __arm_cp.0_0                             0x08001f74   Number         4  system_stm32l0xx_1.o(.text.SystemInit)
    __arm_cp.0_1                             0x08001f78   Number         4  system_stm32l0xx_1.o(.text.SystemInit)
    __arm_cp.0_2                             0x08001f7c   Number         4  system_stm32l0xx_1.o(.text.SystemInit)
    __arm_cp.0_3                             0x08001f80   Number         4  system_stm32l0xx_1.o(.text.SystemInit)
    __arm_cp.0_4                             0x08001f84   Number         4  system_stm32l0xx_1.o(.text.SystemInit)
    __arm_cp.0_5                             0x08001f88   Number         4  system_stm32l0xx_1.o(.text.SystemInit)
    __arm_cp.0_6                             0x08001f8c   Number         4  system_stm32l0xx_1.o(.text.SystemInit)
    [Anonymous Symbol]                       0x08001f90   Section        0  stm32l0xx_it.o(.text.TIM2_IRQHandler)
    [Anonymous Symbol]                       0x08001f94   Section        0  timers.o(.text.TIM2_delay)
    __arm_cp.1_0                             0x08001fd0   Number         4  timers.o(.text.TIM2_delay)
    __arm_cp.1_1                             0x08001fd4   Number         4  timers.o(.text.TIM2_delay)
    __arm_cp.1_2                             0x08001fd8   Number         4  timers.o(.text.TIM2_delay)
    [Anonymous Symbol]                       0x08001fdc   Section        0  timers.o(.text.TIM2_init)
    __arm_cp.0_0                             0x08001ff8   Number         4  timers.o(.text.TIM2_init)
    __arm_cp.0_1                             0x08001ffc   Number         4  timers.o(.text.TIM2_init)
    [Anonymous Symbol]                       0x08002000   Section        0  stm32l0xx_it.o(.text.USART1_IRQHandler)
    __arm_cp.9_0                             0x0800203c   Number         4  stm32l0xx_it.o(.text.USART1_IRQHandler)
    __arm_cp.9_1                             0x08002040   Number         4  stm32l0xx_it.o(.text.USART1_IRQHandler)
    __arm_cp.9_2                             0x08002044   Number         4  stm32l0xx_it.o(.text.USART1_IRQHandler)
    __arm_cp.9_3                             0x08002048   Number         4  stm32l0xx_it.o(.text.USART1_IRQHandler)
    [Anonymous Symbol]                       0x0800204c   Section        0  stm32l0xx_it.o(.text.USART4_5_IRQHandler)
    __arm_cp.6_0                             0x08002074   Number         4  stm32l0xx_it.o(.text.USART4_5_IRQHandler)
    __arm_cp.6_1                             0x08002078   Number         4  stm32l0xx_it.o(.text.USART4_5_IRQHandler)
    __arm_cp.6_2                             0x0800207c   Number         4  stm32l0xx_it.o(.text.USART4_5_IRQHandler)
    __arm_cp.6_3                             0x08002080   Number         4  stm32l0xx_it.o(.text.USART4_5_IRQHandler)
    [Anonymous Symbol]                       0x08002084   Section        0  xbee.o(.text.VHF_DisableVHF)
    [Anonymous Symbol]                       0x08002090   Section        0  xbee.o(.text.XB_DisableXbee)
    __arm_cp.3_0                             0x0800209c   Number         4  xbee.o(.text.XB_DisableXbee)
    [Anonymous Symbol]                       0x080020a0   Section        0  main.o(.text.main)
    __arm_cp.0_0                             0x08002178   Number         4  main.o(.text.main)
    __arm_cp.0_1                             0x0800217c   Number         4  main.o(.text.main)
    __arm_cp.0_2                             0x08002180   Number         4  main.o(.text.main)
    __arm_cp.0_3                             0x08002184   Number         4  main.o(.text.main)
    __arm_cp.0_4                             0x08002188   Number         4  main.o(.text.main)
    __arm_cp.0_5                             0x0800218c   Number         4  main.o(.text.main)
    i.__scatterload_copy                     0x08002190   Section       14  handlers.o(i.__scatterload_copy)
    i.__scatterload_null                     0x0800219e   Section        2  handlers.o(i.__scatterload_null)
    i.__scatterload_zeroinit                 0x080021a0   Section       14  handlers.o(i.__scatterload_zeroinit)
    STACK                                    0x20000098   Section     1024  startup_stm32l071xx.o(STACK)

    Global Symbols

    Symbol Name                              Value     Ov Type        Size  Object(Section)

    BuildAttributes$$THM_ISAv3M$S$PE$A:L22$X:L11$S22$IEEE1$IW$~IW$USESV6$~STKCKD$USESV7$~SHL$OTIME$ROPI$EBA8$MICROLIB$REQ8$PRES8$EABIv2 0x00000000   Number         0  anon$$obj.o ABSOLUTE
    __cpp_initialize__aeabi_                  - Undefined Weak Reference
    __cxa_finalize                            - Undefined Weak Reference
    __decompress                              - Undefined Weak Reference
    _clock_init                               - Undefined Weak Reference
    _microlib_exit                            - Undefined Weak Reference
    __Vectors_Size                           0x000000c0   Number         0  startup_stm32l071xx.o ABSOLUTE
    __Vectors                                0x08000000   Data           4  startup_stm32l071xx.o(RESET)
    __Vectors_End                            0x080000c0   Data           0  startup_stm32l071xx.o(RESET)
    __main                                   0x080000c1   Thumb Code     0  entry.o(.ARM.Collect$$$$00000000)
    _main_stk                                0x080000c1   Thumb Code     0  entry2.o(.ARM.Collect$$$$00000001)
    _main_scatterload                        0x080000c5   Thumb Code     0  entry5.o(.ARM.Collect$$$$00000004)
    __main_after_scatterload                 0x080000c9   Thumb Code     0  entry5.o(.ARM.Collect$$$$00000004)
    _main_clock                              0x080000c9   Thumb Code     0  entry7b.o(.ARM.Collect$$$$00000008)
    _main_cpp_init                           0x080000c9   Thumb Code     0  entry8b.o(.ARM.Collect$$$$0000000A)
    _main_init                               0x080000c9   Thumb Code     0  entry9a.o(.ARM.Collect$$$$0000000B)
    __rt_final_cpp                           0x080000d1   Thumb Code     0  entry10a.o(.ARM.Collect$$$$0000000D)
    __rt_final_exit                          0x080000d1   Thumb Code     0  entry11a.o(.ARM.Collect$$$$0000000F)
    Reset_Handler                            0x080000d5   Thumb Code     8  startup_stm32l071xx.o(.text)
    ADC1_COMP_IRQHandler                     0x080000e7   Thumb Code     0  startup_stm32l071xx.o(.text)
    DMA1_Channel1_IRQHandler                 0x080000e7   Thumb Code     0  startup_stm32l071xx.o(.text)
    DMA1_Channel2_3_IRQHandler               0x080000e7   Thumb Code     0  startup_stm32l071xx.o(.text)
    DMA1_Channel4_5_6_7_IRQHandler           0x080000e7   Thumb Code     0  startup_stm32l071xx.o(.text)
    EXTI0_1_IRQHandler                       0x080000e7   Thumb Code     0  startup_stm32l071xx.o(.text)
    EXTI2_3_IRQHandler                       0x080000e7   Thumb Code     0  startup_stm32l071xx.o(.text)
    EXTI4_15_IRQHandler                      0x080000e7   Thumb Code     0  startup_stm32l071xx.o(.text)
    FLASH_IRQHandler                         0x080000e7   Thumb Code     0  startup_stm32l071xx.o(.text)
    I2C1_IRQHandler                          0x080000e7   Thumb Code     0  startup_stm32l071xx.o(.text)
    I2C2_IRQHandler                          0x080000e7   Thumb Code     0  startup_stm32l071xx.o(.text)
    I2C3_IRQHandler                          0x080000e7   Thumb Code     0  startup_stm32l071xx.o(.text)
    LPTIM1_IRQHandler                        0x080000e7   Thumb Code     0  startup_stm32l071xx.o(.text)
    LPUART1_IRQHandler                       0x080000e7   Thumb Code     0  startup_stm32l071xx.o(.text)
    PVD_IRQHandler                           0x080000e7   Thumb Code     0  startup_stm32l071xx.o(.text)
    RCC_IRQHandler                           0x080000e7   Thumb Code     0  startup_stm32l071xx.o(.text)
    SPI2_IRQHandler                          0x080000e7   Thumb Code     0  startup_stm32l071xx.o(.text)
    TIM21_IRQHandler                         0x080000e7   Thumb Code     0  startup_stm32l071xx.o(.text)
    TIM22_IRQHandler                         0x080000e7   Thumb Code     0  startup_stm32l071xx.o(.text)
    TIM3_IRQHandler                          0x080000e7   Thumb Code     0  startup_stm32l071xx.o(.text)
    TIM6_IRQHandler                          0x080000e7   Thumb Code     0  startup_stm32l071xx.o(.text)
    TIM7_IRQHandler                          0x080000e7   Thumb Code     0  startup_stm32l071xx.o(.text)
    USART2_IRQHandler                        0x080000e7   Thumb Code     0  startup_stm32l071xx.o(.text)
    WWDG_IRQHandler                          0x080000e7   Thumb Code     0  startup_stm32l071xx.o(.text)
    __aeabi_uidiv                            0x080000f1   Thumb Code     0  uidiv.o(.text)
    __aeabi_uidivmod                         0x080000f1   Thumb Code    44  uidiv.o(.text)
    __aeabi_memset                           0x0800011d   Thumb Code    14  memseta.o(.text)
    __aeabi_memset4                          0x0800011d   Thumb Code     0  memseta.o(.text)
    __aeabi_memset8                          0x0800011d   Thumb Code     0  memseta.o(.text)
    __aeabi_memclr                           0x0800012b   Thumb Code     4  memseta.o(.text)
    __aeabi_memclr4                          0x0800012b   Thumb Code     0  memseta.o(.text)
    __aeabi_memclr8                          0x0800012b   Thumb Code     0  memseta.o(.text)
    _memset$wrapper                          0x0800012f   Thumb Code    18  memseta.o(.text)
    __scatterload                            0x08000141   Thumb Code    28  init.o(.text)
    __scatterload_rt2                        0x08000141   Thumb Code     0  init.o(.text)
    EEPROM_WriteByte                         0x08000165   Thumb Code    34  flash.o(.text.EEPROM_WriteByte)
    EEPROM_WriteData                         0x08000187   Thumb Code    96  flash.o(.text.EEPROM_WriteData)
    Error_Handler                            0x080001e7   Thumb Code     2  main.o(.text.Error_Handler)
    FLASH_Lock                               0x080001e9   Thumb Code    40  flash.o(.text.FLASH_Lock)
    FLASH_Unlock                             0x08000209   Thumb Code    60  flash.o(.text.FLASH_Unlock)
    FLASH_erasePage                          0x08000241   Thumb Code   104  flash.o(.text.FLASH_erasePage)
    FLASH_initDataStorage                    0x080002a5   Thumb Code    84  flash.o(.text.FLASH_initDataStorage)
    FLASH_unlockPrgm                         0x080002f9   Thumb Code    72  flash.o(.text.FLASH_unlockPrgm)
    GPS_GPSCSHigh                            0x08000341   Thumb Code    20  gps.o(.text.GPS_GPSCSHigh)
    GPS_GPSDisable                           0x08000355   Thumb Code    16  gps.o(.text.GPS_GPSDisable)
    HardFault_Handler                        0x08000365   Thumb Code     4  stm32l0xx_it.o(.text.HardFault_Handler)
    LL_GPIO_Init                             0x080003e5   Thumb Code   222  stm32l0xx_ll_gpio.o(.text.LL_GPIO_Init)
    LL_Init1msTick                           0x0800063d   Thumb Code    26  stm32l0xx_ll_utils.o(.text.LL_Init1msTick)
    LL_RCC_GetSystemClocksFreq               0x08000721   Thumb Code    58  stm32l0xx_ll_rcc.o(.text.LL_RCC_GetSystemClocksFreq)
    LL_RCC_GetUSARTClockFreq                 0x0800075d   Thumb Code   292  stm32l0xx_ll_rcc.o(.text.LL_RCC_GetUSARTClockFreq)
    LL_RTC_DATE_Init                         0x08000b4d   Thumb Code   272  stm32l0xx_ll_rtc.o(.text.LL_RTC_DATE_Init)
    LL_RTC_EnterInitMode                     0x08000cd5   Thumb Code   138  stm32l0xx_ll_rtc.o(.text.LL_RTC_EnterInitMode)
    LL_RTC_Init                              0x08000d73   Thumb Code    98  stm32l0xx_ll_rtc.o(.text.LL_RTC_Init)
    LL_RTC_TIME_Init                         0x08000edd   Thumb Code   284  stm32l0xx_ll_rtc.o(.text.LL_RTC_TIME_Init)
    LL_RTC_WaitForSynchro                    0x08000ff9   Thumb Code   240  stm32l0xx_ll_rtc.o(.text.LL_RTC_WaitForSynchro)
    LL_SPI_Init                              0x080010e9   Thumb Code   160  stm32l0xx_ll_spi.o(.text.LL_SPI_Init)
    LL_SetSystemCoreClock                    0x0800121d   Thumb Code    24  stm32l0xx_ll_utils.o(.text.LL_SetSystemCoreClock)
    LL_TIM_Init                              0x08001279   Thumb Code   192  stm32l0xx_ll_tim.o(.text.LL_TIM_Init)
    LL_USART_Init                            0x08001419   Thumb Code   256  stm32l0xx_ll_usart.o(.text.LL_USART_Init)
    LPM_gpioInit                             0x0800160d   Thumb Code   196  lowpower.o(.text.LPM_gpioInit)
    NMI_Handler                              0x08001bbd   Thumb Code     2  stm32l0xx_it.o(.text.NMI_Handler)
    PendSV_Handler                           0x08001c6d   Thumb Code     2  stm32l0xx_it.o(.text.PendSV_Handler)
    RCC_GetHCLKClockFreq                     0x08001c71   Thumb Code    40  stm32l0xx_ll_rcc.o(.text.RCC_GetHCLKClockFreq)
    RCC_GetPCLK1ClockFreq                    0x08001c99   Thumb Code    40  stm32l0xx_ll_rcc.o(.text.RCC_GetPCLK1ClockFreq)
    RCC_GetPCLK2ClockFreq                    0x08001cbd   Thumb Code    40  stm32l0xx_ll_rcc.o(.text.RCC_GetPCLK2ClockFreq)
    RCC_GetSystemClockFreq                   0x08001ce5   Thumb Code   136  stm32l0xx_ll_rcc.o(.text.RCC_GetSystemClockFreq)
    RCC_PLL_GetFreqDomain_SYS                0x08001d61   Thumb Code   104  stm32l0xx_ll_rcc.o(.text.RCC_PLL_GetFreqDomain_SYS)
    RTC_IRQHandler                           0x08001dc9   Thumb Code    56  stm32l0xx_it.o(.text.RTC_IRQHandler)
    RTC_initAlarm                            0x08001e01   Thumb Code   104  timers.o(.text.RTC_initAlarm)
    SPI1_IRQHandler                          0x08001e69   Thumb Code     2  stm32l0xx_it.o(.text.SPI1_IRQHandler)
    SVC_Handler                              0x08001e6b   Thumb Code     2  stm32l0xx_it.o(.text.SVC_Handler)
    SysTick_Handler                          0x08001e6d   Thumb Code     2  stm32l0xx_it.o(.text.SysTick_Handler)
    SystemClock_Config                       0x08001e6f   Thumb Code   190  main.o(.text.SystemClock_Config)
    SystemInit                               0x08001f2d   Thumb Code   100  system_stm32l0xx_1.o(.text.SystemInit)
    TIM2_IRQHandler                          0x08001f91   Thumb Code     2  stm32l0xx_it.o(.text.TIM2_IRQHandler)
    TIM2_delay                               0x08001f95   Thumb Code    72  timers.o(.text.TIM2_delay)
    TIM2_init                                0x08001fdd   Thumb Code    36  timers.o(.text.TIM2_init)
    USART1_IRQHandler                        0x08002001   Thumb Code    76  stm32l0xx_it.o(.text.USART1_IRQHandler)
    USART4_5_IRQHandler                      0x0800204d   Thumb Code    56  stm32l0xx_it.o(.text.USART4_5_IRQHandler)
    VHF_DisableVHF                           0x08002085   Thumb Code    16  xbee.o(.text.VHF_DisableVHF)
    XB_DisableXbee                           0x08002091   Thumb Code    16  xbee.o(.text.XB_DisableXbee)
    main                                     0x080020a1   Thumb Code   240  main.o(.text.main)
    __scatterload_copy                       0x08002191   Thumb Code    14  handlers.o(i.__scatterload_copy)
    __scatterload_null                       0x0800219f   Thumb Code     2  handlers.o(i.__scatterload_null)
    __scatterload_zeroinit                   0x080021a1   Thumb Code    14  handlers.o(i.__scatterload_zeroinit)
    AHBPrescTable                            0x080021ae   Data          16  system_stm32l0xx_1.o(.rodata.AHBPrescTable)
    APBPrescTable                            0x080021be   Data           8  system_stm32l0xx_1.o(.rodata.APBPrescTable)
    PLLMulTable                              0x080021c6   Data           9  system_stm32l0xx_1.o(.rodata.PLLMulTable)
    Region$$Table$$Base                      0x080021d0   Number         0  anon$$obj.o(Region$$Table)
    Region$$Table$$Limit                     0x080021f0   Number         0  anon$$obj.o(Region$$Table)
    SystemCoreClock                          0x20000000   Data           4  system_stm32l0xx_1.o(.data.SystemCoreClock)
    ComRxBuff                                0x20000008   Data          64  comport.o(.bss.ComRxBuff)
    ComRxWriteIndex                          0x20000048   Data           4  comport.o(.bss.ComRxWriteIndex)
    XbeeRxBuff                               0x2000004c   Data          64  xbee.o(.bss.XbeeRxBuff)
    XbeeRxBufferActive                       0x2000008c   Data           4  xbee.o(.bss.XbeeRxBufferActive)
    XbeeRxWriteIndex                         0x20000090   Data           4  xbee.o(.bss.XbeeRxWriteIndex)
    checkSchedule                            0x20000094   Data           4  main.o(.bss.checkSchedule)
    __initial_sp                             0x20000498   Data           0  startup_stm32l071xx.o(STACK)



==============================================================================

Memory Map of the image

  Image Entry point : 0x080000c1

  Load Region LR_IROM1 (Base: 0x08000000, Size: 0x000021f8, Max: 0x00030000, ABSOLUTE)

    Execution Region ER_IROM1 (Exec base: 0x08000000, Load base: 0x08000000, Size: 0x000021f0, Max: 0x00030000, ABSOLUTE)

    Exec Addr    Load Addr    Size         Type   Attr      Idx    E Section Name        Object

    0x08000000   0x08000000   0x000000c0   Data   RO            3    RESET               startup_stm32l071xx.o
    0x080000c0   0x080000c0   0x00000000   Code   RO          884  * .ARM.Collect$$$$00000000  mc_p.l(entry.o)
    0x080000c0   0x080000c0   0x00000004   Code   RO          945    .ARM.Collect$$$$00000001  mc_p.l(entry2.o)
    0x080000c4   0x080000c4   0x00000004   Code   RO          948    .ARM.Collect$$$$00000004  mc_p.l(entry5.o)
    0x080000c8   0x080000c8   0x00000000   Code   RO          950    .ARM.Collect$$$$00000008  mc_p.l(entry7b.o)
    0x080000c8   0x080000c8   0x00000000   Code   RO          952    .ARM.Collect$$$$0000000A  mc_p.l(entry8b.o)
    0x080000c8   0x080000c8   0x00000008   Code   RO          953    .ARM.Collect$$$$0000000B  mc_p.l(entry9a.o)
    0x080000d0   0x080000d0   0x00000000   Code   RO          955    .ARM.Collect$$$$0000000D  mc_p.l(entry10a.o)
    0x080000d0   0x080000d0   0x00000000   Code   RO          957    .ARM.Collect$$$$0000000F  mc_p.l(entry11a.o)
    0x080000d0   0x080000d0   0x00000004   Code   RO          946    .ARM.Collect$$$$00002712  mc_p.l(entry2.o)
    0x080000d4   0x080000d4   0x0000001c   Code   RO            4    .text               startup_stm32l071xx.o
    0x080000f0   0x080000f0   0x0000002c   Code   RO          887    .text               mc_p.l(uidiv.o)
    0x0800011c   0x0800011c   0x00000024   Code   RO          893    .text               mc_p.l(memseta.o)
    0x08000140   0x08000140   0x00000024   Code   RO          988    .text               mc_p.l(init.o)
    0x08000164   0x08000164   0x00000022   Code   RO           68    .text.EEPROM_WriteByte  flash.o
    0x08000186   0x08000186   0x00000060   Code   RO           70    .text.EEPROM_WriteData  flash.o
    0x080001e6   0x080001e6   0x00000002   Code   RO          267    .text.Error_Handler  main.o
    0x080001e8   0x080001e8   0x00000020   Code   RO           66    .text.FLASH_Lock    flash.o
    0x08000208   0x08000208   0x00000038   Code   RO           64    .text.FLASH_Unlock  flash.o
    0x08000240   0x08000240   0x00000064   Code   RO           78    .text.FLASH_erasePage  flash.o
    0x080002a4   0x080002a4   0x00000054   Code   RO           80    .text.FLASH_initDataStorage  flash.o
    0x080002f8   0x080002f8   0x00000048   Code   RO           74    .text.FLASH_unlockPrgm  flash.o
    0x08000340   0x08000340   0x00000014   Code   RO          101    .text.GPS_GPSCSHigh  gps.o
    0x08000354   0x08000354   0x00000010   Code   RO           97    .text.GPS_GPSDisable  gps.o
    0x08000364   0x08000364   0x00000004   Code   RO          346    .text.HardFault_Handler  stm32l0xx_it.o
    0x08000368   0x08000368   0x00000028   Code   RO          243    .text.LL_APB1_GRP1_EnableClock  main.o
    0x08000390   0x08000390   0x00000028   Code   RO          241    .text.LL_APB2_GRP1_EnableClock  main.o
    0x080003b8   0x080003b8   0x0000000c   Code   RO          265    .text.LL_FLASH_GetLatency  main.o
    0x080003c4   0x080003c4   0x00000020   Code   RO          263    .text.LL_FLASH_SetLatency  main.o
    0x080003e4   0x080003e4   0x000000de   Code   RO          406    .text.LL_GPIO_Init  stm32l0xx_ll_gpio.o
    0x080004c2   0x080004c2   0x00000018   Code   RO          331    .text.LL_GPIO_ResetOutputPin  main.o
    0x080004da   0x080004da   0x0000003a   Code   RO          414    .text.LL_GPIO_SetAFPin_0_7  stm32l0xx_ll_gpio.o
    0x08000514   0x08000514   0x0000003c   Code   RO          416    .text.LL_GPIO_SetAFPin_8_15  stm32l0xx_ll_gpio.o
    0x08000550   0x08000550   0x00000032   Code   RO          408    .text.LL_GPIO_SetPinMode  stm32l0xx_ll_gpio.o
    0x08000582   0x08000582   0x0000002c   Code   RO          418    .text.LL_GPIO_SetPinOutputType  stm32l0xx_ll_gpio.o
    0x080005ae   0x080005ae   0x00000032   Code   RO          412    .text.LL_GPIO_SetPinPull  stm32l0xx_ll_gpio.o
    0x080005e0   0x080005e0   0x00000032   Code   RO          410    .text.LL_GPIO_SetPinSpeed  stm32l0xx_ll_gpio.o
    0x08000612   0x08000612   0x00000002   PAD
    0x08000614   0x08000614   0x00000028   Code   RO          313    .text.LL_IOP_GRP1_EnableClock  main.o
    0x0800063c   0x0800063c   0x0000001a   Code   RO          823    .text.LL_Init1msTick  stm32l0xx_ll_utils.o
    0x08000656   0x08000656   0x00000002   PAD
    0x08000658   0x08000658   0x0000003c   Code   RO          825    .text.LL_InitTick   stm32l0xx_ll_utils.o
    0x08000694   0x08000694   0x00000010   Code   RO          279    .text.LL_PWR_EnableBkUpAccess  main.o
    0x080006a4   0x080006a4   0x00000020   Code   RO          269    .text.LL_PWR_SetRegulVoltageScaling  main.o
    0x080006c4   0x080006c4   0x00000010   Code   RO          293    .text.LL_RCC_EnableRTC  main.o
    0x080006d4   0x080006d4   0x00000010   Code   RO          281    .text.LL_RCC_ForceBackupDomainReset  main.o
    0x080006e4   0x080006e4   0x0000000c   Code   RO          803    .text.LL_RCC_GetAHBPrescaler  stm32l0xx_ll_rcc.o
    0x080006f0   0x080006f0   0x0000000c   Code   RO          805    .text.LL_RCC_GetAPB1Prescaler  stm32l0xx_ll_rcc.o
    0x080006fc   0x080006fc   0x0000000c   Code   RO          807    .text.LL_RCC_GetAPB2Prescaler  stm32l0xx_ll_rcc.o
    0x08000708   0x08000708   0x0000000c   Code   RO          303    .text.LL_RCC_GetSysClkSource  main.o
    0x08000714   0x08000714   0x0000000c   Code   RO          797    .text.LL_RCC_GetSysClkSource  stm32l0xx_ll_rcc.o
    0x08000720   0x08000720   0x0000003a   Code   RO          763    .text.LL_RCC_GetSystemClocksFreq  stm32l0xx_ll_rcc.o
    0x0800075a   0x0800075a   0x00000002   PAD
    0x0800075c   0x0800075c   0x00000124   Code   RO          773    .text.LL_RCC_GetUSARTClockFreq  stm32l0xx_ll_rcc.o
    0x08000880   0x08000880   0x00000018   Code   RO          775    .text.LL_RCC_GetUSARTClockSource  stm32l0xx_ll_rcc.o
    0x08000898   0x08000898   0x0000000c   Code   RO          777    .text.LL_RCC_HSI_IsReady  stm32l0xx_ll_rcc.o
    0x080008a4   0x080008a4   0x0000000c   Code   RO          779    .text.LL_RCC_IsActiveFlag_HSIDIV  stm32l0xx_ll_rcc.o
    0x080008b0   0x080008b0   0x00000010   Code   RO          287    .text.LL_RCC_LSE_Enable  main.o
    0x080008c0   0x080008c0   0x00000010   Code   RO          289    .text.LL_RCC_LSE_IsReady  main.o
    0x080008d0   0x080008d0   0x00000010   Code   RO          781    .text.LL_RCC_LSE_IsReady  stm32l0xx_ll_rcc.o
    0x080008e0   0x080008e0   0x0000001c   Code   RO          285    .text.LL_RCC_LSE_SetDriveCapability  main.o
    0x080008fc   0x080008fc   0x00000010   Code   RO          271    .text.LL_RCC_MSI_Enable  main.o
    0x0800090c   0x0800090c   0x0000000c   Code   RO          799    .text.LL_RCC_MSI_GetRange  stm32l0xx_ll_rcc.o
    0x08000918   0x08000918   0x00000014   Code   RO          273    .text.LL_RCC_MSI_IsReady  main.o
    0x0800092c   0x0800092c   0x00000020   Code   RO          277    .text.LL_RCC_MSI_SetCalibTrimming  main.o
    0x0800094c   0x0800094c   0x00000020   Code   RO          275    .text.LL_RCC_MSI_SetRange  main.o
    0x0800096c   0x0800096c   0x0000000c   Code   RO          813    .text.LL_RCC_PLL_GetDivider  stm32l0xx_ll_rcc.o
    0x08000978   0x08000978   0x0000000c   Code   RO          809    .text.LL_RCC_PLL_GetMainSource  stm32l0xx_ll_rcc.o
    0x08000984   0x08000984   0x0000000c   Code   RO          811    .text.LL_RCC_PLL_GetMultiplicator  stm32l0xx_ll_rcc.o
    0x08000990   0x08000990   0x00000010   Code   RO          283    .text.LL_RCC_ReleaseBackupDomainReset  main.o
    0x080009a0   0x080009a0   0x0000001c   Code   RO          295    .text.LL_RCC_SetAHBPrescaler  main.o
    0x080009bc   0x080009bc   0x0000001c   Code   RO          297    .text.LL_RCC_SetAPB1Prescaler  main.o
    0x080009d8   0x080009d8   0x0000001c   Code   RO          299    .text.LL_RCC_SetAPB2Prescaler  main.o
    0x080009f4   0x080009f4   0x00000020   Code   RO          291    .text.LL_RCC_SetRTCClockSource  main.o
    0x08000a14   0x08000a14   0x00000020   Code   RO          301    .text.LL_RCC_SetSysClkSource  main.o
    0x08000a34   0x08000a34   0x00000024   Code   RO          307    .text.LL_RCC_SetUSARTClockSource  main.o
    0x08000a58   0x08000a58   0x00000018   Code   RO          154    .text.LL_RTC_ALMA_Disable  timers.o
    0x08000a70   0x08000a70   0x00000018   Code   RO          160    .text.LL_RTC_ALMA_Enable  timers.o
    0x08000a88   0x08000a88   0x00000028   Code   RO          158    .text.LL_RTC_ALMA_SetMask  timers.o
    0x08000ab0   0x08000ab0   0x00000024   Code   RO          156    .text.LL_RTC_ALMA_SetSecond  timers.o
    0x08000ad4   0x08000ad4   0x0000001e   Code   RO          508    .text.LL_RTC_ClearFlag_RS  stm32l0xx_ll_rtc.o
    0x08000af2   0x08000af2   0x00000002   PAD
    0x08000af4   0x08000af4   0x00000058   Code   RO          464    .text.LL_RTC_DATE_Config  stm32l0xx_ll_rtc.o
    0x08000b4c   0x08000b4c   0x0000010c   Code   RO          462    .text.LL_RTC_DATE_Init  stm32l0xx_ll_rtc.o
    0x08000c58   0x08000c58   0x00000014   Code   RO          448    .text.LL_RTC_DisableInitMode  stm32l0xx_ll_rtc.o
    0x08000c6c   0x08000c6c   0x00000018   Code   RO          152    .text.LL_RTC_DisableWriteProtection  timers.o
    0x08000c84   0x08000c84   0x00000018   Code   RO          432    .text.LL_RTC_DisableWriteProtection  stm32l0xx_ll_rtc.o
    0x08000c9c   0x08000c9c   0x00000014   Code   RO          502    .text.LL_RTC_EnableInitMode  stm32l0xx_ll_rtc.o
    0x08000cb0   0x08000cb0   0x00000012   Code   RO          162    .text.LL_RTC_EnableWriteProtection  timers.o
    0x08000cc2   0x08000cc2   0x00000012   Code   RO          438    .text.LL_RTC_EnableWriteProtection  stm32l0xx_ll_rtc.o
    0x08000cd4   0x08000cd4   0x0000008a   Code   RO          434    .text.LL_RTC_EnterInitMode  stm32l0xx_ll_rtc.o
    0x08000d5e   0x08000d5e   0x00000014   Code   RO          454    .text.LL_RTC_GetHourFormat  stm32l0xx_ll_rtc.o
    0x08000d72   0x08000d72   0x00000062   Code   RO          440    .text.LL_RTC_Init   stm32l0xx_ll_rtc.o
    0x08000dd4   0x08000dd4   0x00000016   Code   RO          500    .text.LL_RTC_IsActiveFlag_INIT  stm32l0xx_ll_rtc.o
    0x08000dea   0x08000dea   0x00000016   Code   RO          510    .text.LL_RTC_IsActiveFlag_RS  stm32l0xx_ll_rtc.o
    0x08000e00   0x08000e00   0x00000016   Code   RO          458    .text.LL_RTC_IsShadowRegBypassEnabled  stm32l0xx_ll_rtc.o
    0x08000e16   0x08000e16   0x00000026   Code   RO          446    .text.LL_RTC_SetAsynchPrescaler  stm32l0xx_ll_rtc.o
    0x08000e3c   0x08000e3c   0x00000022   Code   RO          442    .text.LL_RTC_SetHourFormat  stm32l0xx_ll_rtc.o
    0x08000e5e   0x08000e5e   0x00000002   PAD
    0x08000e60   0x08000e60   0x00000028   Code   RO          444    .text.LL_RTC_SetSynchPrescaler  stm32l0xx_ll_rtc.o
    0x08000e88   0x08000e88   0x00000054   Code   RO          456    .text.LL_RTC_TIME_Config  stm32l0xx_ll_rtc.o
    0x08000edc   0x08000edc   0x0000011c   Code   RO          452    .text.LL_RTC_TIME_Init  stm32l0xx_ll_rtc.o
    0x08000ff8   0x08000ff8   0x000000f0   Code   RO          436    .text.LL_RTC_WaitForSynchro  stm32l0xx_ll_rtc.o
    0x080010e8   0x080010e8   0x000000a0   Code   RO          530    .text.LL_SPI_Init   stm32l0xx_ll_spi.o
    0x08001188   0x08001188   0x00000016   Code   RO          532    .text.LL_SPI_IsEnabled  stm32l0xx_ll_spi.o
    0x0800119e   0x0800119e   0x0000001a   Code   RO          534    .text.LL_SPI_SetCRCPolynomial  stm32l0xx_ll_spi.o
    0x080011b8   0x080011b8   0x00000022   Code   RO          315    .text.LL_SPI_SetStandard  main.o
    0x080011da   0x080011da   0x00000002   PAD
    0x080011dc   0x080011dc   0x00000010   Code   RO          504    .text.LL_SYSTICK_IsActiveCounterFlag  stm32l0xx_ll_rtc.o
    0x080011ec   0x080011ec   0x00000030   Code   RO          305    .text.LL_SYSTICK_SetClkSource  main.o
    0x0800121c   0x0800121c   0x00000018   Code   RO          829    .text.LL_SetSystemCoreClock  stm32l0xx_ll_utils.o
    0x08001234   0x08001234   0x00000016   Code   RO          317    .text.LL_TIM_DisableARRPreload  main.o
    0x0800124a   0x0800124a   0x00000016   Code   RO          323    .text.LL_TIM_DisableMasterSlaveMode  main.o
    0x08001260   0x08001260   0x00000016   Code   RO          661    .text.LL_TIM_GenerateEvent_UPDATE  stm32l0xx_ll_tim.o
    0x08001276   0x08001276   0x00000002   PAD
    0x08001278   0x08001278   0x000000c0   Code   RO          655    .text.LL_TIM_Init   stm32l0xx_ll_tim.o
    0x08001338   0x08001338   0x00000018   Code   RO          657    .text.LL_TIM_SetAutoReload  stm32l0xx_ll_tim.o
    0x08001350   0x08001350   0x00000028   Code   RO          319    .text.LL_TIM_SetClockSource  main.o
    0x08001378   0x08001378   0x00000018   Code   RO          659    .text.LL_TIM_SetPrescaler  stm32l0xx_ll_tim.o
    0x08001390   0x08001390   0x00000022   Code   RO          321    .text.LL_TIM_SetTriggerOutput  main.o
    0x080013b2   0x080013b2   0x00000022   Code   RO          327    .text.LL_USART_ConfigAsyncMode  main.o
    0x080013d4   0x080013d4   0x00000016   Code   RO          259    .text.LL_USART_Disable  main.o
    0x080013ea   0x080013ea   0x00000018   Code   RO          325    .text.LL_USART_DisableOverrunDetect  main.o
    0x08001402   0x08001402   0x00000016   Code   RO          261    .text.LL_USART_Enable  main.o
    0x08001418   0x08001418   0x00000100   Code   RO          719    .text.LL_USART_Init  stm32l0xx_ll_usart.o
    0x08001518   0x08001518   0x00000014   Code   RO          721    .text.LL_USART_IsEnabled  stm32l0xx_ll_usart.o
    0x0800152c   0x0800152c   0x00000074   Code   RO          727    .text.LL_USART_SetBaudRate  stm32l0xx_ll_usart.o
    0x080015a0   0x080015a0   0x00000024   Code   RO          725    .text.LL_USART_SetHWFlowCtrl  stm32l0xx_ll_usart.o
    0x080015c4   0x080015c4   0x00000024   Code   RO          723    .text.LL_USART_SetStopBitsLength  stm32l0xx_ll_usart.o
    0x080015e8   0x080015e8   0x00000024   Code   RO          329    .text.LL_USART_SetTXRXSwap  main.o
    0x0800160c   0x0800160c   0x000000c0   Code   RO          374    .text.LPM_gpioInit  lowpower.o
    0x080016cc   0x080016cc   0x0000012c   Code   RO          247    .text.MX_GPIO_Init  main.o
    0x080017f8   0x080017f8   0x00000088   Code   RO          249    .text.MX_RTC_Init   main.o
    0x08001880   0x08001880   0x00000110   Code   RO          251    .text.MX_SPI1_Init  main.o
    0x08001990   0x08001990   0x0000006c   Code   RO          253    .text.MX_TIM2_Init  main.o
    0x080019fc   0x080019fc   0x000000e0   Code   RO          255    .text.MX_USART1_UART_Init  main.o
    0x08001adc   0x08001adc   0x000000e0   Code   RO          257    .text.MX_USART4_UART_Init  main.o
    0x08001bbc   0x08001bbc   0x00000002   Code   RO          344    .text.NMI_Handler   stm32l0xx_it.o
    0x08001bbe   0x08001bbe   0x00000002   PAD
    0x08001bc0   0x08001bc0   0x00000020   Code   RO          311    .text.NVIC_EnableIRQ  main.o
    0x08001be0   0x08001be0   0x0000008c   Code   RO          309    .text.NVIC_SetPriority  main.o
    0x08001c6c   0x08001c6c   0x00000002   Code   RO          350    .text.PendSV_Handler  stm32l0xx_it.o
    0x08001c6e   0x08001c6e   0x00000002   PAD
    0x08001c70   0x08001c70   0x00000028   Code   RO          767    .text.RCC_GetHCLKClockFreq  stm32l0xx_ll_rcc.o
    0x08001c98   0x08001c98   0x00000024   Code   RO          769    .text.RCC_GetPCLK1ClockFreq  stm32l0xx_ll_rcc.o
    0x08001cbc   0x08001cbc   0x00000028   Code   RO          771    .text.RCC_GetPCLK2ClockFreq  stm32l0xx_ll_rcc.o
    0x08001ce4   0x08001ce4   0x0000007c   Code   RO          765    .text.RCC_GetSystemClockFreq  stm32l0xx_ll_rcc.o
    0x08001d60   0x08001d60   0x00000068   Code   RO          801    .text.RCC_PLL_GetFreqDomain_SYS  stm32l0xx_ll_rcc.o
    0x08001dc8   0x08001dc8   0x00000038   Code   RO          354    .text.RTC_IRQHandler  stm32l0xx_it.o
    0x08001e00   0x08001e00   0x00000068   Code   RO          150    .text.RTC_initAlarm  timers.o
    0x08001e68   0x08001e68   0x00000002   Code   RO          360    .text.SPI1_IRQHandler  stm32l0xx_it.o
    0x08001e6a   0x08001e6a   0x00000002   Code   RO          348    .text.SVC_Handler   stm32l0xx_it.o
    0x08001e6c   0x08001e6c   0x00000002   Code   RO          352    .text.SysTick_Handler  stm32l0xx_it.o
    0x08001e6e   0x08001e6e   0x000000be   Code   RO          245    .text.SystemClock_Config  main.o
    0x08001f2c   0x08001f2c   0x00000064   Code   RO          384    .text.SystemInit    system_stm32l0xx_1.o
    0x08001f90   0x08001f90   0x00000002   Code   RO          358    .text.TIM2_IRQHandler  stm32l0xx_it.o
    0x08001f92   0x08001f92   0x00000002   PAD
    0x08001f94   0x08001f94   0x00000048   Code   RO          146    .text.TIM2_delay    timers.o
    0x08001fdc   0x08001fdc   0x00000024   Code   RO          144    .text.TIM2_init     timers.o
    0x08002000   0x08002000   0x0000004c   Code   RO          362    .text.USART1_IRQHandler  stm32l0xx_it.o
    0x0800204c   0x0800204c   0x00000038   Code   RO          356    .text.USART4_5_IRQHandler  stm32l0xx_it.o
    0x08002084   0x08002084   0x0000000c   Code   RO          222    .text.VHF_DisableVHF  xbee.o
    0x08002090   0x08002090   0x00000010   Code   RO          198    .text.XB_DisableXbee  xbee.o
    0x080020a0   0x080020a0   0x000000f0   Code   RO          239    .text.main          main.o
    0x08002190   0x08002190   0x0000000e   Code   RO         1036    i.__scatterload_copy  mc_p.l(handlers.o)
    0x0800219e   0x0800219e   0x00000002   Code   RO         1037    i.__scatterload_null  mc_p.l(handlers.o)
    0x080021a0   0x080021a0   0x0000000e   Code   RO         1038    i.__scatterload_zeroinit  mc_p.l(handlers.o)
    0x080021ae   0x080021ae   0x00000010   Data   RO          389    .rodata.AHBPrescTable  system_stm32l0xx_1.o
    0x080021be   0x080021be   0x00000008   Data   RO          390    .rodata.APBPrescTable  system_stm32l0xx_1.o
    0x080021c6   0x080021c6   0x00000009   Data   RO          391    .rodata.PLLMulTable  system_stm32l0xx_1.o
    0x080021cf   0x080021cf   0x00000001   PAD
    0x080021d0   0x080021d0   0x00000020   Data   RO         1035    Region$$Table       anon$$obj.o


    Execution Region RW_IRAM1 (Exec base: 0x20000000, Load base: 0x080021f0, Size: 0x00000498, Max: 0x00005000, ABSOLUTE)

    Exec Addr    Load Addr    Size         Type   Attr      Idx    E Section Name        Object

    0x20000000   0x080021f0   0x00000004   Data   RW          388    .data.SystemCoreClock  system_stm32l0xx_1.o
    0x20000004   0x080021f4   0x00000004   PAD
    0x20000008        -       0x00000040   Zero   RW           53    .bss.ComRxBuff      comport.o
    0x20000048        -       0x00000004   Zero   RW           51    .bss.ComRxWriteIndex  comport.o
    0x2000004c        -       0x00000040   Zero   RW          225    .bss.XbeeRxBuff     xbee.o
    0x2000008c        -       0x00000004   Zero   RW          229    .bss.XbeeRxBufferActive  xbee.o
    0x20000090        -       0x00000004   Zero   RW          226    .bss.XbeeRxWriteIndex  xbee.o
    0x20000094        -       0x00000004   Zero   RW          333    .bss.checkSchedule  main.o
    0x20000098        -       0x00000400   Zero   RW            1    STACK               startup_stm32l071xx.o


==============================================================================

Image component sizes


      Code (inc. data)   RO Data    RW Data    ZI Data      Debug   Object Name

         0          0          0          0         68       5875   comport.o
       474         40          0          0          0       3809   flash.o
        36          8          0          0          0       6247   gps.o
       192          8          0          0          0       1688   lowpower.o
      2846        104          0          0          4      12832   main.o
        28          8        192          0       1024        592   startup_stm32l071xx.o
       204         44          0          0          0       2325   stm32l0xx_it.o
       534          0          0          0          0       3823   stm32l0xx_ll_gpio.o
       854         72          0          0          0       6843   stm32l0xx_ll_rcc.o
      1526         16          0          0          0       9508   stm32l0xx_ll_rtc.o
       208          4          0          0          0       4731   stm32l0xx_ll_spi.o
       262         12          0          0          0       7596   stm32l0xx_ll_tim.o
       464         24          0          0          0       4705   stm32l0xx_ll_usart.o
       110         16          0          0          0       6426   stm32l0xx_ll_utils.o
       100         28         33          4          0       2178   system_stm32l0xx_1.o
       378         44          0          0          0       5153   timers.o
        28          4          0          0         72       5067   xbee.o

    ----------------------------------------------------------------------
      8264        432        258          4       1172      89398   Object Totals
         0          0         32          0          0          0   (incl. Generated)
        20          0          1          0          4          0   (incl. Padding)

    ----------------------------------------------------------------------

      Code (inc. data)   RO Data    RW Data    ZI Data      Debug   Library Member Name

         0          0          0          0          0          0   entry.o
         0          0          0          0          0          0   entry10a.o
         0          0          0          0          0          0   entry11a.o
         8          4          0          0          0          0   entry2.o
         4          0          0          0          0          0   entry5.o
         0          0          0          0          0          0   entry7b.o
         0          0          0          0          0          0   entry8b.o
         8          4          0          0          0          0   entry9a.o
        30          0          0          0          0          0   handlers.o
        36          8          0          0          0         68   init.o
        36          0          0          0          0        100   memseta.o
        44          0          0          0          0         72   uidiv.o

    ----------------------------------------------------------------------
       166         16          0          0          0        240   Library Totals
         0          0          0          0          0          0   (incl. Padding)

    ----------------------------------------------------------------------

      Code (inc. data)   RO Data    RW Data    ZI Data      Debug   Library Name

       166         16          0          0          0        240   mc_p.l

    ----------------------------------------------------------------------
       166         16          0          0          0        240   Library Totals

    ----------------------------------------------------------------------

==============================================================================


      Code (inc. data)   RO Data    RW Data    ZI Data      Debug   

      8430        448        258          4       1172      89522   Grand Totals
      8430        448        258          4       1172      89522   ELF Image Totals
      8430        448        258          4          0          0   ROM Totals

==============================================================================

    Total RO  Size (Code + RO Data)                 8688 (   8.48kB)
    Total RW  Size (RW Data + ZI Data)              1176 (   1.15kB)
    Total ROM Size (Code + RO Data + RW Data)       8692 (   8.49kB)

==============================================================================

