Component: ARM Compiler 6.12 Tool: armlink [5d624300]

==============================================================================

Section Cross References

    startup_stm32l071xx.o(RESET) refers to startup_stm32l071xx.o(STACK) for __initial_sp
    startup_stm32l071xx.o(RESET) refers to startup_stm32l071xx.o(.text) for Reset_Handler
    startup_stm32l071xx.o(RESET) refers to stm32l0xx_it.o(.text.NMI_Handler) for NMI_Handler
    startup_stm32l071xx.o(RESET) refers to stm32l0xx_it.o(.text.HardFault_Handler) for HardFault_Handler
    startup_stm32l071xx.o(RESET) refers to stm32l0xx_it.o(.text.SVC_Handler) for SVC_Handler
    startup_stm32l071xx.o(RESET) refers to stm32l0xx_it.o(.text.PendSV_Handler) for PendSV_Handler
    startup_stm32l071xx.o(RESET) refers to stm32l0xx_it.o(.text.SysTick_Handler) for SysTick_Handler
    startup_stm32l071xx.o(RESET) refers to stm32l0xx_it.o(.text.RTC_IRQHandler) for RTC_IRQHandler
    startup_stm32l071xx.o(RESET) refers to stm32l0xx_it.o(.text.USART4_5_IRQHandler) for USART4_5_IRQHandler
    startup_stm32l071xx.o(RESET) refers to stm32l0xx_it.o(.text.TIM2_IRQHandler) for TIM2_IRQHandler
    startup_stm32l071xx.o(RESET) refers to stm32l0xx_it.o(.text.SPI1_IRQHandler) for SPI1_IRQHandler
    startup_stm32l071xx.o(RESET) refers to stm32l0xx_it.o(.text.USART1_IRQHandler) for USART1_IRQHandler
    startup_stm32l071xx.o(.text) refers to system_stm32l0xx.o(.text.SystemInit) for SystemInit
    startup_stm32l071xx.o(.text) refers to entry.o(.ARM.Collect$$$$00000000) for __main
    comport.o(.ARM.exidx.text.CC_ComPortPresent) refers to comport.o(.text.CC_ComPortPresent) for [Anonymous Symbol]
    comport.o(.ARM.exidx.text.CC_SendByte) refers to comport.o(.text.CC_SendByte) for [Anonymous Symbol]
    comport.o(.text.CC_SendData) refers to comport.o(.text.CC_SendByte) for CC_SendByte
    comport.o(.ARM.exidx.text.CC_SendData) refers to comport.o(.text.CC_SendData) for [Anonymous Symbol]
    comport.o(.text.CC_CheckForHandshake) refers to memcmp.o(.text) for memcmp
    comport.o(.text.CC_CheckForHandshake) refers to comport.o(.text.CC_SendData) for CC_SendData
    comport.o(.text.CC_CheckForHandshake) refers to comport.o(.bss..L_MergedGlobals) for [Anonymous Symbol]
    comport.o(.text.CC_CheckForHandshake) refers to comport.o(.rodata.str1.1) for .L.str
    comport.o(.ARM.exidx.text.CC_CheckForHandshake) refers to comport.o(.text.CC_CheckForHandshake) for [Anonymous Symbol]
    comport.o(.text.CC_ParseCommand) refers to memseta.o(.text) for __aeabi_memclr4
    comport.o(.text.CC_ParseCommand) refers to memcmp.o(.text) for memcmp
    comport.o(.text.CC_ParseCommand) refers to comport.o(.bss..L_MergedGlobals) for [Anonymous Symbol]
    comport.o(.ARM.exidx.text.CC_ParseCommand) refers to comport.o(.text.CC_ParseCommand) for [Anonymous Symbol]
    comport.o(.text.CC_ExecuteCommand) refers to comport.o(.text.CC_SetRTC) for CC_SetRTC
    comport.o(.text.CC_ExecuteCommand) refers to comport.o(.text.CC_SetProgram) for CC_SetProgram
    comport.o(.text.CC_ExecuteCommand) refers to comport.o(.text.CC_SendTimestamp) for CC_SendTimestamp
    comport.o(.text.CC_ExecuteCommand) refers to comport.o(.text.CC_ReadProgram) for CC_ReadProgram
    comport.o(.text.CC_ExecuteCommand) refers to comport.o(.text.CC_ConfigureXbee) for CC_ConfigureXbee
    comport.o(.text.CC_ExecuteCommand) refers to xbee.o(.text.XB_GetConfig) for XB_GetConfig
    comport.o(.text.CC_ExecuteCommand) refers to xbee.o(.text.XB_GetSN) for XB_GetSN
    comport.o(.text.CC_ExecuteCommand) refers to flash.o(.text.FLASH_initDataStorage) for FLASH_initDataStorage
    comport.o(.text.CC_ExecuteCommand) refers to comport.o(.text.CC_DownloadFixes) for CC_DownloadFixes
    comport.o(.ARM.exidx.text.CC_ExecuteCommand) refers to comport.o(.text.CC_ExecuteCommand) for [Anonymous Symbol]
    comport.o(.text.CC_SetRTC) refers to timers.o(.text.TIM2_initDelay_inline) for TIM2_initDelay_inline
    comport.o(.text.CC_SetRTC) refers to idiv.o(.text) for __aeabi_idivmod
    comport.o(.text.CC_SetRTC) refers to stm32l0xx_ll_rtc.o(.text.LL_RTC_TIME_Init) for LL_RTC_TIME_Init
    comport.o(.text.CC_SetRTC) refers to stm32l0xx_ll_rtc.o(.text.LL_RTC_DATE_Init) for LL_RTC_DATE_Init
    comport.o(.text.CC_SetRTC) refers to printf5.o(i.__0sprintf$5) for __2sprintf
    comport.o(.text.CC_SetRTC) refers to strlen.o(.text) for strlen
    comport.o(.text.CC_SetRTC) refers to comport.o(.text.CC_SendData) for CC_SendData
    comport.o(.text.CC_SetRTC) refers to comport.o(.bss..L_MergedGlobals) for [Anonymous Symbol]
    comport.o(.text.CC_SetRTC) refers to comport.o(.rodata.str1.1) for .L.str.10
    comport.o(.ARM.exidx.text.CC_SetRTC) refers to comport.o(.text.CC_SetRTC) for [Anonymous Symbol]
    comport.o(.text.CC_SendTimestamp) refers to printf5.o(i.__0sprintf$5) for __2sprintf
    comport.o(.text.CC_SendTimestamp) refers to strlen.o(.text) for strlen
    comport.o(.text.CC_SendTimestamp) refers to comport.o(.text.CC_SendData) for CC_SendData
[...]
    Removing stm32l0xx_ll_rtc.o(.ARM.exidx.text.LL_RTC_ExitInitMode), (8 bytes).
    Removing stm32l0xx_ll_spi.o(.text), (0 bytes).
    Removing stm32l0xx_ll_spi.o(.text.LL_SPI_DeInit), (72 bytes).
    Removing stm32l0xx_ll_spi.o(.ARM.exidx.text.LL_SPI_DeInit), (8 bytes).
    Removing stm32l0xx_ll_spi.o(.ARM.exidx.text.LL_SPI_Init), (8 bytes).
    Removing stm32l0xx_ll_spi.o(.text.LL_SPI_StructInit), (16 bytes).
    Removing stm32l0xx_ll_spi.o(.ARM.exidx.text.LL_SPI_StructInit), (8 bytes).
    Removing stm32l0xx_ll_spi.o(.text.LL_I2S_DeInit), (8 bytes).
    Removing stm32l0xx_ll_spi.o(.ARM.exidx.text.LL_I2S_DeInit), (8 bytes).
    Removing stm32l0xx_ll_spi.o(.text.LL_I2S_Init), (152 bytes).
    Removing stm32l0xx_ll_spi.o(.ARM.exidx.text.LL_I2S_Init), (8 bytes).
    Removing stm32l0xx_ll_spi.o(.text.LL_I2S_StructInit), (18 bytes).
    Removing stm32l0xx_ll_spi.o(.ARM.exidx.text.LL_I2S_StructInit), (8 bytes).
    Removing stm32l0xx_ll_spi.o(.text.LL_I2S_ConfigPrescaler), (24 bytes).
    Removing stm32l0xx_ll_spi.o(.ARM.exidx.text.LL_I2S_ConfigPrescaler), (8 bytes).
    Removing stm32l0xx_ll_dma.o(.text), (0 bytes).
    Removing stm32l0xx_ll_dma.o(.text.LL_DMA_DeInit), (232 bytes).
    Removing stm32l0xx_ll_dma.o(.ARM.exidx.text.LL_DMA_DeInit), (8 bytes).
    Removing stm32l0xx_ll_dma.o(.text.LL_DMA_Init), (140 bytes).
    Removing stm32l0xx_ll_dma.o(.ARM.exidx.text.LL_DMA_Init), (8 bytes).
    Removing stm32l0xx_ll_dma.o(.text.LL_DMA_StructInit), (10 bytes).
    Removing stm32l0xx_ll_dma.o(.ARM.exidx.text.LL_DMA_StructInit), (8 bytes).
    Removing stm32l0xx_ll_pwr.o(.text), (0 bytes).
    Removing stm32l0xx_ll_pwr.o(.text.LL_PWR_DeInit), (28 bytes).
    Removing stm32l0xx_ll_pwr.o(.ARM.exidx.text.LL_PWR_DeInit), (8 bytes).
    Removing stm32l0xx_ll_exti.o(.text), (0 bytes).
    Removing stm32l0xx_ll_exti.o(.text.LL_EXTI_DeInit), (36 bytes).
    Removing stm32l0xx_ll_exti.o(.ARM.exidx.text.LL_EXTI_DeInit), (8 bytes).
    Removing stm32l0xx_ll_exti.o(.text.LL_EXTI_Init), (152 bytes).
    Removing stm32l0xx_ll_exti.o(.ARM.exidx.text.LL_EXTI_Init), (8 bytes).
    Removing stm32l0xx_ll_exti.o(.text.LL_EXTI_StructInit), (12 bytes).
    Removing stm32l0xx_ll_exti.o(.ARM.exidx.text.LL_EXTI_StructInit), (8 bytes).
    Removing stm32l0xx_ll_tim.o(.text), (0 bytes).
    Removing stm32l0xx_ll_tim.o(.text.LL_TIM_DeInit), (144 bytes).
    Removing stm32l0xx_ll_tim.o(.ARM.exidx.text.LL_TIM_DeInit), (8 bytes).
    Removing stm32l0xx_ll_tim.o(.text.LL_TIM_StructInit), (14 bytes).
    Removing stm32l0xx_ll_tim.o(.ARM.exidx.text.LL_TIM_StructInit), (8 bytes).
    Removing stm32l0xx_ll_tim.o(.ARM.exidx.text.LL_TIM_Init), (8 bytes).
    Removing stm32l0xx_ll_tim.o(.text.LL_TIM_OC_StructInit), (12 bytes).
    Removing stm32l0xx_ll_tim.o(.ARM.exidx.text.LL_TIM_OC_StructInit), (8 bytes).
    Removing stm32l0xx_ll_tim.o(.text.LL_TIM_OC_Init), (252 bytes).
    Removing stm32l0xx_ll_tim.o(.ARM.exidx.text.LL_TIM_OC_Init), (8 bytes).
    Removing stm32l0xx_ll_tim.o(.text.LL_TIM_IC_StructInit), (14 bytes).
    Removing stm32l0xx_ll_tim.o(.ARM.exidx.text.LL_TIM_IC_StructInit), (8 bytes).
    Removing stm32l0xx_ll_tim.o(.text.LL_TIM_IC_Init), (214 bytes).
    Removing stm32l0xx_ll_tim.o(.ARM.exidx.text.LL_TIM_IC_Init), (8 bytes).
    Removing stm32l0xx_ll_tim.o(.text.LL_TIM_ENCODER_StructInit), (26 bytes).
    Removing stm32l0xx_ll_tim.o(.ARM.exidx.text.LL_TIM_ENCODER_StructInit), (8 bytes).
    Removing stm32l0xx_ll_tim.o(.text.LL_TIM_ENCODER_Init), (128 bytes).
    Removing stm32l0xx_ll_tim.o(.ARM.exidx.text.LL_TIM_ENCODER_Init), (8 bytes).
    Removing stm32l0xx_ll_usart.o(.text), (0 bytes).
    Removing stm32l0xx_ll_usart.o(.text.LL_USART_DeInit), (92 bytes).
    Removing stm32l0xx_ll_usart.o(.ARM.exidx.text.LL_USART_DeInit), (8 bytes).
    Removing stm32l0xx_ll_usart.o(.ARM.exidx.text.LL_USART_Init), (8 bytes).
    Removing stm32l0xx_ll_usart.o(.text.LL_USART_StructInit), (24 bytes).
    Removing stm32l0xx_ll_usart.o(.ARM.exidx.text.LL_USART_StructInit), (8 bytes).
    Removing stm32l0xx_ll_usart.o(.text.LL_USART_ClockInit), (58 bytes).
    Removing stm32l0xx_ll_usart.o(.ARM.exidx.text.LL_USART_ClockInit), (8 bytes).
    Removing stm32l0xx_ll_usart.o(.text.LL_USART_ClockStructInit), (12 bytes).
    Removing stm32l0xx_ll_usart.o(.ARM.exidx.text.LL_USART_ClockStructInit), (8 bytes).
    Removing stm32l0xx_ll_rcc.o(.text), (0 bytes).
    Removing stm32l0xx_ll_rcc.o(.text.LL_RCC_DeInit), (132 bytes).
    Removing stm32l0xx_ll_rcc.o(.ARM.exidx.text.LL_RCC_DeInit), (8 bytes).
    Removing stm32l0xx_ll_rcc.o(.ARM.exidx.text.LL_RCC_GetSystemClocksFreq), (8 bytes).
    Removing stm32l0xx_ll_rcc.o(.ARM.exidx.text.RCC_GetSystemClockFreq), (8 bytes).
    Removing stm32l0xx_ll_rcc.o(.text.RCC_GetHCLKClockFreq), (24 bytes).
    Removing stm32l0xx_ll_rcc.o(.ARM.exidx.text.RCC_GetHCLKClockFreq), (8 bytes).
    Removing stm32l0xx_ll_rcc.o(.text.RCC_GetPCLK1ClockFreq), (24 bytes).
    Removing stm32l0xx_ll_rcc.o(.ARM.exidx.text.RCC_GetPCLK1ClockFreq), (8 bytes).
    Removing stm32l0xx_ll_rcc.o(.text.RCC_GetPCLK2ClockFreq), (24 bytes).
    Removing stm32l0xx_ll_rcc.o(.ARM.exidx.text.RCC_GetPCLK2ClockFreq), (8 bytes).
    Removing stm32l0xx_ll_rcc.o(.ARM.exidx.text.LL_RCC_GetUSARTClockFreq), (8 bytes).
    Removing stm32l0xx_ll_rcc.o(.text.LL_RCC_GetI2CClockFreq), (184 bytes).
    Removing stm32l0xx_ll_rcc.o(.ARM.exidx.text.LL_RCC_GetI2CClockFreq), (8 bytes).
    Removing stm32l0xx_ll_rcc.o(.text.LL_RCC_GetLPUARTClockFreq), (116 bytes).
    Removing stm32l0xx_ll_rcc.o(.ARM.exidx.text.LL_RCC_GetLPUARTClockFreq), (8 bytes).
    Removing stm32l0xx_ll_rcc.o(.text.LL_RCC_GetLPTIMClockFreq), (132 bytes).
    Removing stm32l0xx_ll_rcc.o(.ARM.exidx.text.LL_RCC_GetLPTIMClockFreq), (8 bytes).
    Removing stm32l0xx_ll_rcc.o(.ARM.exidx.text.RCC_PLL_GetFreqDomain_SYS), (8 bytes).
    Removing stm32l0xx_ll_utils.o(.text), (0 bytes).
    Removing stm32l0xx_ll_utils.o(.ARM.exidx.text.LL_Init1msTick), (8 bytes).
    Removing stm32l0xx_ll_utils.o(.text.LL_mDelay), (40 bytes).
    Removing stm32l0xx_ll_utils.o(.ARM.exidx.text.LL_mDelay), (8 bytes).
    Removing stm32l0xx_ll_utils.o(.ARM.exidx.text.LL_SetSystemCoreClock), (8 bytes).
    Removing stm32l0xx_ll_utils.o(.text.LL_PLL_ConfigSystemClock_HSI), (80 bytes).
    Removing stm32l0xx_ll_utils.o(.ARM.exidx.text.LL_PLL_ConfigSystemClock_HSI), (8 bytes).
    Removing stm32l0xx_ll_utils.o(.text.UTILS_GetPLLOutputFrequency), (28 bytes).
    Removing stm32l0xx_ll_utils.o(.ARM.exidx.text.UTILS_GetPLLOutputFrequency), (8 bytes).
    Removing stm32l0xx_ll_utils.o(.text.UTILS_EnablePLLAndSwitchSystem), (152 bytes).
    Removing stm32l0xx_ll_utils.o(.ARM.exidx.text.UTILS_EnablePLLAndSwitchSystem), (8 bytes).
    Removing stm32l0xx_ll_utils.o(.text.LL_PLL_ConfigSystemClock_HSE), (104 bytes).
    Removing stm32l0xx_ll_utils.o(.ARM.exidx.text.LL_PLL_ConfigSystemClock_HSE), (8 bytes).
    Removing stm32l0xx_ll_utils.o(.text.UTILS_SetFlashLatency), (100 bytes).
    Removing stm32l0xx_ll_utils.o(.ARM.exidx.text.UTILS_SetFlashLatency), (8 bytes).
    Removing dadd.o(.text), (356 bytes).
    Removing dmul.o(.text), (208 bytes).
    Removing ddiv.o(.text), (240 bytes).
    Removing dfixul.o(.text), (64 bytes).
    Removing cdrcmple.o(.text), (40 bytes).
    Removing depilogue.o(.text), (190 bytes).
    Removing depilogue.o(i.__ARM_clz), (46 bytes).

237 unused section(s) (total 7162 bytes) removed from the image.

==============================================================================

Image Symbol Table

    Local Symbols

    Symbol Name                              Value     Ov Type        Size  Object(Section)

    ../clib/microlib/ctype/ctype.c           0x00000000   Number         0  ctype_o.o ABSOLUTE
    ../clib/microlib/ctype/ctype.c           0x00000000   Number         0  isalnum_o.o ABSOLUTE
    ../clib/microlib/ctype/ctype.c           0x00000000   Number         0  isalpha_o.o ABSOLUTE
    ../clib/microlib/ctype/ctype.c           0x00000000   Number         0  isblank_o.o ABSOLUTE
    ../clib/microlib/ctype/ctype.c           0x00000000   Number         0  iscntrl_o.o ABSOLUTE
    ../clib/microlib/ctype/ctype.c           0x00000000   Number         0  isdigit_o.o ABSOLUTE
    ../clib/microlib/ctype/ctype.c           0x00000000   Number         0  isgraph_o.o ABSOLUTE
    ../clib/microlib/ctype/ctype.c           0x00000000   Number         0  islower_o.o ABSOLUTE
    ../clib/microlib/ctype/ctype.c           0x00000000   Number         0  isprint_o.o ABSOLUTE
    ../clib/microlib/ctype/ctype.c           0x00000000   Number         0  ispunct_o.o ABSOLUTE
    ../clib/microlib/ctype/ctype.c           0x00000000   Number         0  isspace_o.o ABSOLUTE
    ../clib/microlib/ctype/ctype.c           0x00000000   Number         0  isupper_o.o ABSOLUTE
    ../clib/microlib/ctype/ctype.c           0x00000000   Number         0  isxdigit_o.o ABSOLUTE
    ../clib/microlib/division.c              0x00000000   Number         0  uidiv.o ABSOLUTE
    ../clib/microlib/division.c              0x00000000   Number         0  idiv.o ABSOLUTE
    ../clib/microlib/division.c              0x00000000   Number         0  uldiv.o ABSOLUTE
    ../clib/microlib/errno.c                 0x00000000   Number         0  errno.o ABSOLUTE
    ../clib/microlib/init/entry.s            0x00000000   Number         0  entry.o ABSOLUTE
    ../clib/microlib/init/entry.s            0x00000000   Number         0  entry2.o ABSOLUTE
    ../clib/microlib/init/entry.s            0x00000000   Number         0  entry5.o ABSOLUTE
    ../clib/microlib/init/entry.s            0x00000000   Number         0  entry7a.o ABSOLUTE
    ../clib/microlib/init/entry.s            0x00000000   Number         0  entry7b.o ABSOLUTE
    ../clib/microlib/init/entry.s            0x00000000   Number         0  entry8a.o ABSOLUTE
    ../clib/microlib/init/entry.s            0x00000000   Number         0  entry8b.o ABSOLUTE
    ../clib/microlib/init/entry.s            0x00000000   Number         0  entry9a.o ABSOLUTE
    ../clib/microlib/init/entry.s            0x00000000   Number         0  entry9b.o ABSOLUTE
    ../clib/microlib/init/entry.s            0x00000000   Number         0  entry10a.o ABSOLUTE
    ../clib/microlib/init/entry.s            0x00000000   Number         0  entry10b.o ABSOLUTE
    ../clib/microlib/init/entry.s            0x00000000   Number         0  entry11a.o ABSOLUTE
    ../clib/microlib/init/entry.s            0x00000000   Number         0  entry11b.o ABSOLUTE
    ../clib/microlib/longlong.c              0x00000000   Number         0  llshl.o ABSOLUTE
    ../clib/microlib/longlong.c              0x00000000   Number         0  llushr.o ABSOLUTE
    ../clib/microlib/longlong.c              0x00000000   Number         0  llsshr.o ABSOLUTE
    ../clib/microlib/printf/printf.c         0x00000000   Number         0  printfb.o ABSOLUTE
    ../clib/microlib/printf/printf.c         0x00000000   Number         0  printf0.o ABSOLUTE
    ../clib/microlib/printf/printf.c         0x00000000   Number         0  printf1.o ABSOLUTE
    ../clib/microlib/printf/printf.c         0x00000000   Number         0  printf2.o ABSOLUTE
    ../clib/microlib/printf/printf.c         0x00000000   Number         0  printf3.o ABSOLUTE
    ../clib/microlib/printf/printf.c         0x00000000   Number         0  printf4.o ABSOLUTE
    ../clib/microlib/printf/printf.c         0x00000000   Number         0  printf5.o ABSOLUTE
    ../clib/microlib/printf/printf.c         0x00000000   Number         0  printf6.o ABSOLUTE
    ../clib/microlib/printf/printf.c         0x00000000   Number         0  printf7.o ABSOLUTE
    ../clib/microlib/printf/printf.c         0x00000000   Number         0  printf8.o ABSOLUTE
    ../clib/microlib/printf/printf.c         0x00000000   Number         0  printfa.o ABSOLUTE
    ../clib/microlib/printf/stubs.s          0x00000000   Number         0  stubs.o ABSOLUTE
    ../clib/microlib/stdio/fputc.c           0x00000000   Number         0  fputc.o ABSOLUTE
    ../clib/microlib/stdio/fputc.c           0x00000000   Number         0  fputc_h.o ABSOLUTE
    ../clib/microlib/stdio/semi.s            0x00000000   Number         0  semi.o ABSOLUTE
    ../clib/microlib/stdio/streams.c         0x00000000   Number         0  stdout.o ABSOLUTE
    ../clib/microlib/string/memcmp.c         0x00000000   Number         0  memcmp.o ABSOLUTE
    ../clib/microlib/string/memcpy.c         0x00000000   Number         0  memcpya.o ABSOLUTE
    ../clib/microlib/string/memcpy.c         0x00000000   Number         0  memcpyb.o ABSOLUTE
    ../clib/microlib/string/memset.c         0x00000000   Number         0  memseta.o ABSOLUTE
    ../clib/microlib/string/strlen.c         0x00000000   Number         0  strlen.o ABSOLUTE
    ../clib/microlib/string/strncpy.c        0x00000000   Number         0  strncpy.o ABSOLUTE
    ../clib/microlib/string/strtok.c         0x00000000   Number         0  strtok.o ABSOLUTE
    ../clib/microlib/string/strtok.c         0x00000000   Number         0  strtok_r.o ABSOLUTE
    ../clib/microlib/stubs.s                 0x00000000   Number         0  iusefp.o ABSOLUTE
    ../clib/microlib/stubs.s                 0x00000000   Number         0  iusesemip.o ABSOLUTE
    ../clib/scanf.c                          0x00000000   Number         0  atoi.o ABSOLUTE
    ../clib/scanf.c                          0x00000000   Number         0  strtol.o ABSOLUTE
    ../clib/scanf.c                          0x00000000   Number         0  _strtoul.o ABSOLUTE
    ../clib/scanf.c                          0x00000000   Number         0  _chval.o ABSOLUTE
    ../fplib/microlib/fpadd.c                0x00000000   Number         0  dadd.o ABSOLUTE
    ../fplib/microlib/fpcmp.c                0x00000000   Number         0  fcmple.o ABSOLUTE
    ../fplib/microlib/fpdiv.c                0x00000000   Number         0  ddiv.o ABSOLUTE
    ../fplib/microlib/fpepilogue.c           0x00000000   Number         0  fepilogue.o ABSOLUTE
    ../fplib/microlib/fpepilogue.c           0x00000000   Number         0  depilogue.o ABSOLUTE
    ../fplib/microlib/fpfix.c                0x00000000   Number         0  dfixul.o ABSOLUTE
    ../fplib/microlib/fpflt.c                0x00000000   Number         0  fflti.o ABSOLUTE
    ../fplib/microlib/fpmul.c                0x00000000   Number         0  dmul.o ABSOLUTE
    cdrcmple.s                               0x00000000   Number         0  cdrcmple.o ABSOLUTE
    comport.c                                0x00000000   Number         0  comport.o ABSOLUTE
    dc.s                                     0x00000000   Number         0  dc.o ABSOLUTE
    flash.c                                  0x00000000   Number         0  flash.o ABSOLUTE
    gps.c                                    0x00000000   Number         0  gps.o ABSOLUTE
    handlers.s                               0x00000000   Number         0  handlers.o ABSOLUTE
    init.s                                   0x00000000   Number         0  init.o ABSOLUTE
    lowpower.c                               0x00000000   Number         0  lowpower.o ABSOLUTE
    main.c                                   0x00000000   Number         0  main.o ABSOLUTE
    scheduler.c                              0x00000000   Number         0  scheduler.o ABSOLUTE
    startup_stm32l071xx.s                    0x00000000   Number         0  startup_stm32l071xx.o ABSOLUTE
    stm32l0xx_it.c                           0x00000000   Number         0  stm32l0xx_it.o ABSOLUTE
    stm32l0xx_ll_dma.c                       0x00000000   Number         0  stm32l0xx_ll_dma.o ABSOLUTE
    stm32l0xx_ll_exti.c                      0x00000000   Number         0  stm32l0xx_ll_exti.o ABSOLUTE
    stm32l0xx_ll_gpio.c                      0x00000000   Number         0  stm32l0xx_ll_gpio.o ABSOLUTE
    stm32l0xx_ll_pwr.c                       0x00000000   Number         0  stm32l0xx_ll_pwr.o ABSOLUTE
    stm32l0xx_ll_rcc.c                       0x00000000   Number         0  stm32l0xx_ll_rcc.o ABSOLUTE
    stm32l0xx_ll_rtc.c                       0x00000000   Number         0  stm32l0xx_ll_rtc.o ABSOLUTE
    stm32l0xx_ll_spi.c                       0x00000000   Number         0  stm32l0xx_ll_spi.o ABSOLUTE
    stm32l0xx_ll_tim.c                       0x00000000   Number         0  stm32l0xx_ll_tim.o ABSOLUTE
    stm32l0xx_ll_usart.c                     0x00000000   Number         0  stm32l0xx_ll_usart.o ABSOLUTE
    stm32l0xx_ll_utils.c                     0x00000000   Number         0  stm32l0xx_ll_utils.o ABSOLUTE
    system_stm32l0xx.c                       0x00000000   Number         0  system_stm32l0xx.o ABSOLUTE
    timers.c                                 0x00000000   Number         0  timers.o ABSOLUTE
    xbee.c                                   0x00000000   Number         0  xbee.o ABSOLUTE
    RESET                                    0x08000000   Section      192  startup_stm32l071xx.o(RESET)
    .ARM.Collect$$$$00000000                 0x080000c0   Section        0  entry.o(.ARM.Collect$$$$00000000)
    .ARM.Collect$$$$00000001                 0x080000c0   Section        4  entry2.o(.ARM.Collect$$$$00000001)
    .ARM.Collect$$$$00000004                 0x080000c4   Section        4  entry5.o(.ARM.Collect$$$$00000004)
    .ARM.Collect$$$$00000008                 0x080000c8   Section        0  entry7b.o(.ARM.Collect$$$$00000008)
    .ARM.Collect$$$$0000000A                 0x080000c8   Section        0  entry8b.o(.ARM.Collect$$$$0000000A)
    .ARM.Collect$$$$0000000B                 0x080000c8   Section        8  entry9a.o(.ARM.Collect$$$$0000000B)
    __lit__00000000                          0x080000d0   Data           4  entry2.o(.ARM.Collect$$$$00002712)
    .ARM.Collect$$$$0000000D                 0x080000d0   Section        0  entry10a.o(.ARM.Collect$$$$0000000D)
    .ARM.Collect$$$$0000000F                 0x080000d0   Section        0  entry11a.o(.ARM.Collect$$$$0000000F)
    .ARM.Collect$$$$00002712                 0x080000d0   Section        4  entry2.o(.ARM.Collect$$$$00002712)
    .text                                    0x080000d4   Section       28  startup_stm32l071xx.o(.text)
    .text                                    0x080000f0   Section        0  uidiv.o(.text)
    .text                                    0x0800011c   Section        0  idiv.o(.text)
    .text                                    0x08000144   Section        0  memcpya.o(.text)
    .text                                    0x08000168   Section        0  memseta.o(.text)
    .text                                    0x0800018c   Section        0  strncpy.o(.text)
    .text                                    0x080001a6   Section        0  strlen.o(.text)
    .text                                    0x080001b4   Section        0  memcmp.o(.text)
    .text                                    0x080001d0   Section        0  strtok.o(.text)
    .text                                    0x08000218   Section        0  atoi.o(.text)
    .text                                    0x08000232   Section        0  fcmple.o(.text)
    .text                                    0x0800024e   Section        0  fflti.o(.text)
    .text                                    0x08000264   Section        0  uldiv.o(.text)
    .text                                    0x080002c4   Section        0  strtol.o(.text)
    .text                                    0x08000334   Section        0  iusefp.o(.text)
    .text                                    0x08000334   Section        0  fepilogue.o(.text)
    .text                                    0x080003b8   Section       36  init.o(.text)
    .text                                    0x080003dc   Section        0  llshl.o(.text)
    .text                                    0x080003fc   Section        0  llushr.o(.text)
    .text                                    0x08000420   Section        0  ctype_o.o(.text)
    .text                                    0x08000428   Section        0  _strtoul.o(.text)
    .text                                    0x080004ce   Section        0  _chval.o(.text)
    [Anonymous Symbol]                       0x080004ec   Section        0  comport.o(.text.CC_CheckForHandshake)
    __arm_cp.3_1                             0x0800055c   Number         4  comport.o(.text.CC_CheckForHandshake)
    [Anonymous Symbol]                       0x08000560   Section        0  comport.o(.text.CC_ComPortPresent)
    [Anonymous Symbol]                       0x08000564   Section        0  comport.o(.text.CC_ConfigureXbee)
    __arm_cp.10_1                            0x080005c8   Number         4  comport.o(.text.CC_ConfigureXbee)
    [Anonymous Symbol]                       0x080005cc   Section        0  comport.o(.text.CC_DownloadFixes)
    __arm_cp.11_0                            0x08000694   Number         4  comport.o(.text.CC_DownloadFixes)
    __arm_cp.11_1                            0x08000698   Number         4  comport.o(.text.CC_DownloadFixes)
    [Anonymous Symbol]                       0x0800069c   Section        0  comport.o(.text.CC_ExecuteCommand)
    [Anonymous Symbol]                       0x080006f8   Section        0  comport.o(.text.CC_ParseCommand)
    __arm_cp.4_0                             0x080007f4   Number         4  comport.o(.text.CC_ParseCommand)
    [Anonymous Symbol]                       0x08000840   Section        0  comport.o(.text.CC_ReadProgram)
    [Anonymous Symbol]                       0x08000864   Section        0  comport.o(.text.CC_SendByte)
    __arm_cp.1_0                             0x08000874   Number         4  comport.o(.text.CC_SendByte)
    [Anonymous Symbol]                       0x08000878   Section        0  comport.o(.text.CC_SendData)
    [Anonymous Symbol]                       0x08000894   Section        0  comport.o(.text.CC_SendTimestamp)
    [Anonymous Symbol]                       0x080008f0   Section        0  comport.o(.text.CC_SetProgram)
    __arm_cp.8_2                             0x080009b8   Number         4  comport.o(.text.CC_SetProgram)
    [Anonymous Symbol]                       0x080009bc   Section        0  comport.o(.text.CC_SetRTC)
    __arm_cp.6_0                             0x08000ae8   Number         4  comport.o(.text.CC_SetRTC)
    __arm_cp.6_1                             0x08000aec   Number         4  comport.o(.text.CC_SetRTC)
    __arm_cp.6_2                             0x08000af0   Number         4  comport.o(.text.CC_SetRTC)
    __arm_cp.6_3                             0x08000af4   Number         4  comport.o(.text.CC_SetRTC)
    [Anonymous Symbol]                       0x08000af8   Section        0  flash.o(.text.EEPROM_WriteByte)
    [Anonymous Symbol]                       0x08000afe   Section        0  flash.o(.text.EEPROM_WriteData)
    [Anonymous Symbol]                       0x08000b14   Section        0  flash.o(.text.FLASH_Lock)
    [Anonymous Symbol]                       0x08000b28   Section        0  flash.o(.text.FLASH_ReadData)
    [Anonymous Symbol]                       0x08000b3c   Section        0  flash.o(.text.FLASH_Unlock)
    [Anonymous Symbol]                       0x08000b54   Section        0  flash.o(.text.FLASH_erasePage)
    [Anonymous Symbol]                       0x08000b84   Section        0  flash.o(.text.FLASH_initDataStorage)
    [Anonymous Symbol]                       0x08000bb8   Section        0  flash.o(.text.FLASH_readFixes)
    __arm_cp.10_1                            0x08000c00   Number         4  flash.o(.text.FLASH_readFixes)
    __arm_cp.10_3                            0x08000c04   Number         4  flash.o(.text.FLASH_readFixes)
    [Anonymous Symbol]                       0x08000c08   Section        0  flash.o(.text.FLASH_saveFix)
    __arm_cp.9_0                             0x08000cb4   Number         4  flash.o(.text.FLASH_saveFix)
    __arm_cp.9_1                             0x08000cb8   Number         4  flash.o(.text.FLASH_saveFix)
    __arm_cp.9_3                             0x08000cbc   Number         4  flash.o(.text.FLASH_saveFix)
    __arm_cp.9_4                             0x08000cc0   Number         4  flash.o(.text.FLASH_saveFix)
    __arm_cp.9_5                             0x08000cc4   Number         4  flash.o(.text.FLASH_saveFix)
    [Anonymous Symbol]                       0x08000cc8   Section        0  flash.o(.text.FLASH_unlockPrgm)
    __arm_cp.5_0                             0x08000ce8   Number         4  flash.o(.text.FLASH_unlockPrgm)
    __arm_cp.5_1                             0x08000cec   Number         4  flash.o(.text.FLASH_unlockPrgm)
    __arm_cp.5_2                             0x08000cf0   Number         4  flash.o(.text.FLASH_unlockPrgm)
    [Anonymous Symbol]                       0x08000cf4   Section        0  flash.o(.text.FLASH_writeWord)
    __arm_cp.6_0                             0x08000d1c   Number         4  flash.o(.text.FLASH_writeWord)
    [Anonymous Symbol]                       0x08000d20   Section        0  gps.o(.text.GPS_GPSCSHigh)
    __arm_cp.3_0                             0x08000d30   Number         4  gps.o(.text.GPS_GPSCSHigh)
    [Anonymous Symbol]                       0x08000d34   Section        0  gps.o(.text.GPS_GPSDisable)
    __arm_cp.1_0                             0x08000d40   Number         4  gps.o(.text.GPS_GPSDisable)
    [Anonymous Symbol]                       0x08000d44   Section        0  gps.o(.text.GPS_UBX_enablePUBX_Position)
    __arm_cp.9_0                             0x08000d60   Number         4  gps.o(.text.GPS_UBX_enablePUBX_Position)
    [Anonymous Symbol]                       0x08000d74   Section        0  gps.o(.text.GPS_getNMEA)
    __arm_cp.8_0                             0x08000ff8   Number         4  gps.o(.text.GPS_getNMEA)
    __arm_cp.8_1                             0x08000ffc   Number         4  gps.o(.text.GPS_getNMEA)
    __arm_cp.8_2                             0x08001000   Number         4  gps.o(.text.GPS_getNMEA)
    [Anonymous Symbol]                       0x08001004   Section        0  gps.o(.text.GPS_subroutine)
    __arm_cp.10_0                            0x08001328   Number         4  gps.o(.text.GPS_subroutine)
    __arm_cp.10_1                            0x0800132c   Number         4  gps.o(.text.GPS_subroutine)
    __arm_cp.10_2                            0x08001330   Number         4  gps.o(.text.GPS_subroutine)
    __arm_cp.10_3                            0x08001334   Number         4  gps.o(.text.GPS_subroutine)
    __arm_cp.10_4                            0x08001338   Number         4  gps.o(.text.GPS_subroutine)
    __arm_cp.10_5                            0x0800133c   Number         4  gps.o(.text.GPS_subroutine)
    __arm_cp.10_6                            0x08001340   Number         4  gps.o(.text.GPS_subroutine)
    __arm_cp.10_7                            0x08001344   Number         4  gps.o(.text.GPS_subroutine)
    __arm_cp.10_8                            0x08001348   Number         4  gps.o(.text.GPS_subroutine)
    __arm_cp.10_9                            0x0800134c   Number         4  gps.o(.text.GPS_subroutine)
    [Anonymous Symbol]                       0x08001350   Section        0  stm32l0xx_it.o(.text.HardFault_Handler)
    LL_APB1_GRP1_EnableClock                 0x08001355   Thumb Code    28  main.o(.text.LL_APB1_GRP1_EnableClock)
    [Anonymous Symbol]                       0x08001354   Section        0  main.o(.text.LL_APB1_GRP1_EnableClock)
    __arm_cp.2_0                             0x0800136c   Number         4  main.o(.text.LL_APB1_GRP1_EnableClock)
    LL_APB2_GRP1_EnableClock                 0x08001371   Thumb Code    28  main.o(.text.LL_APB2_GRP1_EnableClock)
    [Anonymous Symbol]                       0x08001370   Section        0  main.o(.text.LL_APB2_GRP1_EnableClock)
    __arm_cp.1_0                             0x08001388   Number         4  main.o(.text.LL_APB2_GRP1_EnableClock)
    [Anonymous Symbol]                       0x0800138c   Section        0  stm32l0xx_ll_gpio.o(.text.LL_GPIO_Init)
    LL_IOP_GRP1_EnableClock                  0x0800142d   Thumb Code    28  main.o(.text.LL_IOP_GRP1_EnableClock)
    [Anonymous Symbol]                       0x0800142c   Section        0  main.o(.text.LL_IOP_GRP1_EnableClock)
    __arm_cp.5_0                             0x08001444   Number         4  main.o(.text.LL_IOP_GRP1_EnableClock)
    [Anonymous Symbol]                       0x08001448   Section        0  stm32l0xx_ll_utils.o(.text.LL_Init1msTick)
    [Anonymous Symbol]                       0x08001464   Section        0  stm32l0xx_ll_rcc.o(.text.LL_RCC_GetSystemClocksFreq)
    __arm_cp.1_0                             0x0800149c   Number         4  stm32l0xx_ll_rcc.o(.text.LL_RCC_GetSystemClocksFreq)
    [Anonymous Symbol]                       0x080014a0   Section        0  stm32l0xx_ll_rcc.o(.text.LL_RCC_GetUSARTClockFreq)
    __arm_cp.6_0                             0x08001548   Number         4  stm32l0xx_ll_rcc.o(.text.LL_RCC_GetUSARTClockFreq)
    __arm_cp.6_1                             0x0800154c   Number         4  stm32l0xx_ll_rcc.o(.text.LL_RCC_GetUSARTClockFreq)
    __arm_cp.6_2                             0x08001550   Number         4  stm32l0xx_ll_rcc.o(.text.LL_RCC_GetUSARTClockFreq)
    __arm_cp.6_3                             0x08001554   Number         4  stm32l0xx_ll_rcc.o(.text.LL_RCC_GetUSARTClockFreq)
    __arm_cp.6_4                             0x08001558   Number         4  stm32l0xx_ll_rcc.o(.text.LL_RCC_GetUSARTClockFreq)
    __arm_cp.6_5                             0x0800155c   Number         4  stm32l0xx_ll_rcc.o(.text.LL_RCC_GetUSARTClockFreq)
    __arm_cp.6_6                             0x08001560   Number         4  stm32l0xx_ll_rcc.o(.text.LL_RCC_GetUSARTClockFreq)
    __arm_cp.6_7                             0x08001564   Number         4  stm32l0xx_ll_rcc.o(.text.LL_RCC_GetUSARTClockFreq)
    __arm_cp.6_8                             0x08001568   Number         4  stm32l0xx_ll_rcc.o(.text.LL_RCC_GetUSARTClockFreq)
    LL_RTC_DATE_Config                       0x0800156d   Thumb Code    40  stm32l0xx_ll_rtc.o(.text.LL_RTC_DATE_Config)
    [Anonymous Symbol]                       0x0800156c   Section        0  stm32l0xx_ll_rtc.o(.text.LL_RTC_DATE_Config)
    __arm_cp.9_0                             0x08001590   Number         4  stm32l0xx_ll_rtc.o(.text.LL_RTC_DATE_Config)
    [Anonymous Symbol]                       0x08001594   Section        0  stm32l0xx_ll_rtc.o(.text.LL_RTC_DATE_Init)
    [Anonymous Symbol]                       0x08001658   Section        0  stm32l0xx_ll_rtc.o(.text.LL_RTC_EnterInitMode)
    __arm_cp.1_0                             0x0800169c   Number         4  stm32l0xx_ll_rtc.o(.text.LL_RTC_EnterInitMode)
    [Anonymous Symbol]                       0x080016a0   Section        0  stm32l0xx_ll_rtc.o(.text.LL_RTC_Init)
    __arm_cp.3_0                             0x080016f4   Number         4  stm32l0xx_ll_rtc.o(.text.LL_RTC_Init)
    LL_RTC_TIME_Config                       0x080016f9   Thumb Code    36  stm32l0xx_ll_rtc.o(.text.LL_RTC_TIME_Config)
    [Anonymous Symbol]                       0x080016f8   Section        0  stm32l0xx_ll_rtc.o(.text.LL_RTC_TIME_Config)
    __arm_cp.6_0                             0x08001718   Number         4  stm32l0xx_ll_rtc.o(.text.LL_RTC_TIME_Config)
    [Anonymous Symbol]                       0x0800171c   Section        0  stm32l0xx_ll_rtc.o(.text.LL_RTC_TIME_Init)
    __arm_cp.5_0                             0x080017dc   Number         4  stm32l0xx_ll_rtc.o(.text.LL_RTC_TIME_Init)
    [Anonymous Symbol]                       0x080017e0   Section        0  stm32l0xx_ll_rtc.o(.text.LL_RTC_WaitForSynchro)
    __arm_cp.2_0                             0x08001858   Number         4  stm32l0xx_ll_rtc.o(.text.LL_RTC_WaitForSynchro)
    [Anonymous Symbol]                       0x0800185c   Section        0  stm32l0xx_ll_spi.o(.text.LL_SPI_Init)
    __arm_cp.1_0                             0x080018d4   Number         4  stm32l0xx_ll_spi.o(.text.LL_SPI_Init)
    [Anonymous Symbol]                       0x080018d8   Section        0  stm32l0xx_ll_utils.o(.text.LL_SetSystemCoreClock)
    __arm_cp.2_0                             0x080018e0   Number         4  stm32l0xx_ll_utils.o(.text.LL_SetSystemCoreClock)
    [Anonymous Symbol]                       0x080018e4   Section        0  stm32l0xx_ll_tim.o(.text.LL_TIM_Init)
    __arm_cp.2_0                             0x08001928   Number         4  stm32l0xx_ll_tim.o(.text.LL_TIM_Init)
    __arm_cp.2_1                             0x0800192c   Number         4  stm32l0xx_ll_tim.o(.text.LL_TIM_Init)
    __arm_cp.2_2                             0x08001930   Number         4  stm32l0xx_ll_tim.o(.text.LL_TIM_Init)
    __arm_cp.2_3                             0x08001934   Number         4  stm32l0xx_ll_tim.o(.text.LL_TIM_Init)
    [Anonymous Symbol]                       0x08001938   Section        0  stm32l0xx_ll_usart.o(.text.LL_USART_Init)
    __arm_cp.1_0                             0x080019e8   Number         4  stm32l0xx_ll_usart.o(.text.LL_USART_Init)
    __arm_cp.1_1                             0x080019ec   Number         4  stm32l0xx_ll_usart.o(.text.LL_USART_Init)
    __arm_cp.1_3                             0x080019f0   Number         4  stm32l0xx_ll_usart.o(.text.LL_USART_Init)
    __arm_cp.1_5                             0x080019f4   Number         4  stm32l0xx_ll_usart.o(.text.LL_USART_Init)
    [Anonymous Symbol]                       0x080019f8   Section        0  lowpower.o(.text.LPM_gpioInit)
    __arm_cp.2_0                             0x08001a6c   Number         4  lowpower.o(.text.LPM_gpioInit)
    __arm_cp.2_1                             0x08001a70   Number         4  lowpower.o(.text.LPM_gpioInit)
    __arm_cp.2_2                             0x08001a74   Number         4  lowpower.o(.text.LPM_gpioInit)
    [Anonymous Symbol]                       0x08001a78   Section        0  lowpower.o(.text.LPM_stop)
    __arm_cp.1_0                             0x08001acc   Number         4  lowpower.o(.text.LPM_stop)
    __arm_cp.1_1                             0x08001ad0   Number         4  lowpower.o(.text.LPM_stop)
    __arm_cp.1_2                             0x08001ad4   Number         4  lowpower.o(.text.LPM_stop)
    __arm_cp.1_3                             0x08001ad8   Number         4  lowpower.o(.text.LPM_stop)
    [Anonymous Symbol]                       0x08001adc   Section        0  stm32l0xx_it.o(.text.NMI_Handler)
    NVIC_SystemReset                         0x08001ae1   Thumb Code    28  stm32l0xx_it.o(.text.NVIC_SystemReset)
    [Anonymous Symbol]                       0x08001ae0   Section        0  stm32l0xx_it.o(.text.NVIC_SystemReset)
    __arm_cp.2_0                             0x08001af4   Number         4  stm32l0xx_it.o(.text.NVIC_SystemReset)
    __arm_cp.2_1                             0x08001af8   Number         4  stm32l0xx_it.o(.text.NVIC_SystemReset)
    [Anonymous Symbol]                       0x08001afc   Section        0  stm32l0xx_it.o(.text.PendSV_Handler)
    [Anonymous Symbol]                       0x08001b00   Section        0  stm32l0xx_ll_rcc.o(.text.RCC_GetSystemClockFreq)
    [Anonymous Symbol]                       0x08001b3c   Section        0  stm32l0xx_ll_rcc.o(.text.RCC_PLL_GetFreqDomain_SYS)
    __arm_cp.10_0                            0x08001b74   Number         4  stm32l0xx_ll_rcc.o(.text.RCC_PLL_GetFreqDomain_SYS)
    __arm_cp.10_1                            0x08001b78   Number         4  stm32l0xx_ll_rcc.o(.text.RCC_PLL_GetFreqDomain_SYS)
    __arm_cp.10_2                            0x08001b7c   Number         4  stm32l0xx_ll_rcc.o(.text.RCC_PLL_GetFreqDomain_SYS)
    __arm_cp.10_3                            0x08001b80   Number         4  stm32l0xx_ll_rcc.o(.text.RCC_PLL_GetFreqDomain_SYS)
    __arm_cp.10_4                            0x08001b84   Number         4  stm32l0xx_ll_rcc.o(.text.RCC_PLL_GetFreqDomain_SYS)
    [Anonymous Symbol]                       0x08001b88   Section        0  stm32l0xx_it.o(.text.RTC_IRQHandler)
    __arm_cp.6_0                             0x08001bac   Number         4  stm32l0xx_it.o(.text.RTC_IRQHandler)
    __arm_cp.6_1                             0x08001bb0   Number         4  stm32l0xx_it.o(.text.RTC_IRQHandler)
    __arm_cp.6_2                             0x08001bb4   Number         4  stm32l0xx_it.o(.text.RTC_IRQHandler)
    [Anonymous Symbol]                       0x08001bb8   Section        0  timers.o(.text.RTC_getTimeDate)
    [Anonymous Symbol]                       0x08001c00   Section        0  timers.o(.text.RTC_initAlarm)
    __arm_cp.3_0                             0x08001c54   Number         4  timers.o(.text.RTC_initAlarm)
    __arm_cp.3_1                             0x08001c58   Number         4  timers.o(.text.RTC_initAlarm)
    __arm_cp.3_2                             0x08001c5c   Number         4  timers.o(.text.RTC_initAlarm)
    [Anonymous Symbol]                       0x08001c60   Section        0  timers.o(.text.RTC_setTimeDate)
    __arm_cp.4_0                             0x08001c84   Number         4  timers.o(.text.RTC_setTimeDate)
    [Anonymous Symbol]                       0x08001c88   Section        0  stm32l0xx_it.o(.text.SPI1_IRQHandler)
    [Anonymous Symbol]                       0x08001c8a   Section        0  stm32l0xx_it.o(.text.SVC_Handler)
    [Anonymous Symbol]                       0x08001c8c   Section        0  stm32l0xx_it.o(.text.SysTick_Handler)
    [Anonymous Symbol]                       0x08001c90   Section        0  main.o(.text.SystemClock_Config)
    __arm_cp.3_0                             0x08001d58   Number         4  main.o(.text.SystemClock_Config)
    __arm_cp.3_1                             0x08001d5c   Number         4  main.o(.text.SystemClock_Config)
    __arm_cp.3_2                             0x08001d60   Number         4  main.o(.text.SystemClock_Config)
    __arm_cp.3_4                             0x08001d64   Number         4  main.o(.text.SystemClock_Config)
    [Anonymous Symbol]                       0x08001d68   Section        0  system_stm32l0xx.o(.text.SystemInit)
    __arm_cp.0_0                             0x08001da8   Number         4  system_stm32l0xx.o(.text.SystemInit)
    __arm_cp.0_1                             0x08001dac   Number         4  system_stm32l0xx.o(.text.SystemInit)
    __arm_cp.0_2                             0x08001db0   Number         4  system_stm32l0xx.o(.text.SystemInit)
    __arm_cp.0_3                             0x08001db4   Number         4  system_stm32l0xx.o(.text.SystemInit)
    [Anonymous Symbol]                       0x08001db8   Section        0  stm32l0xx_it.o(.text.TIM2_IRQHandler)
    [Anonymous Symbol]                       0x08001dba   Section        0  timers.o(.text.TIM2_delay)
    [Anonymous Symbol]                       0x08001dd8   Section        0  timers.o(.text.TIM2_init)
    __arm_cp.0_0                             0x08001df4   Number         4  timers.o(.text.TIM2_init)
    [Anonymous Symbol]                       0x08001df8   Section        0  timers.o(.text.TIM2_initDelay_inline)
    [Anonymous Symbol]                       0x08001e0c   Section        0  stm32l0xx_it.o(.text.USART1_IRQHandler)
    __arm_cp.10_0                            0x08001e3c   Number         4  stm32l0xx_it.o(.text.USART1_IRQHandler)
    __arm_cp.10_1                            0x08001e40   Number         4  stm32l0xx_it.o(.text.USART1_IRQHandler)
    __arm_cp.10_2                            0x08001e44   Number         4  stm32l0xx_it.o(.text.USART1_IRQHandler)
    [Anonymous Symbol]                       0x08001e48   Section        0  stm32l0xx_it.o(.text.USART4_5_IRQHandler)
    __arm_cp.7_0                             0x08001e6c   Number         4  stm32l0xx_it.o(.text.USART4_5_IRQHandler)
    __arm_cp.7_1                             0x08001e70   Number         4  stm32l0xx_it.o(.text.USART4_5_IRQHandler)
    __arm_cp.7_2                             0x08001e74   Number         4  stm32l0xx_it.o(.text.USART4_5_IRQHandler)
    __arm_cp.7_3                             0x08001e78   Number         4  stm32l0xx_it.o(.text.USART4_5_IRQHandler)
    [Anonymous Symbol]                       0x08001e7c   Section        0  xbee.o(.text.VHF_DisableVHF)
    [Anonymous Symbol]                       0x08001e88   Section        0  xbee.o(.text.VHF_EnableVHF)
    [Anonymous Symbol]                       0x08001e94   Section        0  xbee.o(.text.XB_CheckForDongle)
    [Anonymous Symbol]                       0x08001ee4   Section        0  xbee.o(.text.XB_ConfigureDevice)
    __arm_cp.7_0                             0x08002098   Number         4  xbee.o(.text.XB_ConfigureDevice)
    __arm_cp.7_1                             0x0800209c   Number         4  xbee.o(.text.XB_ConfigureDevice)
    __arm_cp.7_2                             0x080020a0   Number         4  xbee.o(.text.XB_ConfigureDevice)
    __arm_cp.7_3                             0x080020a4   Number         4  xbee.o(.text.XB_ConfigureDevice)
    __arm_cp.7_6                             0x080020b4   Number         4  xbee.o(.text.XB_ConfigureDevice)
    __arm_cp.7_9                             0x080020c4   Number         4  xbee.o(.text.XB_ConfigureDevice)
    __arm_cp.7_10                            0x080020c8   Number         4  xbee.o(.text.XB_ConfigureDevice)
    [Anonymous Symbol]                       0x080020dc   Section        0  xbee.o(.text.XB_DisableXbee)
    [Anonymous Symbol]                       0x080020e8   Section        0  xbee.o(.text.XB_EnableXbee)
    [Anonymous Symbol]                       0x080020fc   Section        0  xbee.o(.text.XB_ExecuteCommand)
    [Anonymous Symbol]                       0x08002110   Section        0  xbee.o(.text.XB_GetConfig)
    __arm_cp.8_4                             0x0800218c   Number         4  xbee.o(.text.XB_GetConfig)
    __arm_cp.8_5                             0x08002190   Number         4  xbee.o(.text.XB_GetConfig)
    __arm_cp.8_6                             0x08002194   Number         4  xbee.o(.text.XB_GetConfig)
    [Anonymous Symbol]                       0x08002198   Section        0  xbee.o(.text.XB_GetResponse)
    __arm_cp.6_0                             0x08002224   Number         4  xbee.o(.text.XB_GetResponse)
    [Anonymous Symbol]                       0x08002228   Section        0  xbee.o(.text.XB_GetSN)
    __arm_cp.9_0                             0x080022a4   Number         4  xbee.o(.text.XB_GetSN)
    __arm_cp.9_1                             0x080022a8   Number         4  xbee.o(.text.XB_GetSN)
    __arm_cp.9_2                             0x080022ac   Number         4  xbee.o(.text.XB_GetSN)
    __arm_cp.9_3                             0x080022b0   Number         4  xbee.o(.text.XB_GetSN)
    __arm_cp.9_6                             0x080022c4   Number         4  xbee.o(.text.XB_GetSN)
    [Anonymous Symbol]                       0x080022c8   Section        0  xbee.o(.text.XB_ParseCommand)
    __arm_cp.11_0                            0x08002334   Number         4  xbee.o(.text.XB_ParseCommand)
    [Anonymous Symbol]                       0x08002340   Section        0  xbee.o(.text.XB_SendByte)
    __arm_cp.4_0                             0x08002350   Number         4  xbee.o(.text.XB_SendByte)
    [Anonymous Symbol]                       0x08002354   Section        0  xbee.o(.text.XB_SendData)
    [Anonymous Symbol]                       0x08002370   Section        0  xbee.o(.text.XB_TransmitFixes)
    __arm_cp.12_1                            0x0800243c   Number         4  xbee.o(.text.XB_TransmitFixes)
    __arm_cp.12_2                            0x08002440   Number         4  xbee.o(.text.XB_TransmitFixes)
    [Anonymous Symbol]                       0x08002444   Section        0  xbee.o(.text.XB_XbeeSubroutine)
    __arm_cp.0_0                             0x080024bc   Number         4  xbee.o(.text.XB_XbeeSubroutine)
    __arm_cp.0_1                             0x080024c0   Number         4  xbee.o(.text.XB_XbeeSubroutine)
    __arm_cp.0_2                             0x080024c4   Number         4  xbee.o(.text.XB_XbeeSubroutine)
    __arm_cp.0_3                             0x080024c8   Number         4  xbee.o(.text.XB_XbeeSubroutine)
    [Anonymous Symbol]                       0x080024cc   Section        0  main.o(.text.main)
    __arm_cp.0_16                            0x080028d4   Number         4  main.o(.text.main)
    __arm_cp.0_0                             0x0800290c   Number         4  main.o(.text.main)
    __arm_cp.0_2                             0x08002910   Number         4  main.o(.text.main)
    __arm_cp.0_3                             0x08002914   Number         4  main.o(.text.main)
    __arm_cp.0_4                             0x08002918   Number         4  main.o(.text.main)
    __arm_cp.0_5                             0x0800291c   Number         4  main.o(.text.main)
    __arm_cp.0_6                             0x08002920   Number         4  main.o(.text.main)
    __arm_cp.0_7                             0x08002924   Number         4  main.o(.text.main)
    __arm_cp.0_8                             0x08002928   Number         4  main.o(.text.main)
    __arm_cp.0_9                             0x0800292c   Number         4  main.o(.text.main)
    __arm_cp.0_10                            0x08002930   Number         4  main.o(.text.main)
    __arm_cp.0_11                            0x08002934   Number         4  main.o(.text.main)
    __arm_cp.0_12                            0x08002938   Number         4  main.o(.text.main)
    __arm_cp.0_13                            0x0800293c   Number         4  main.o(.text.main)
    __arm_cp.0_14                            0x08002940   Number         4  main.o(.text.main)
    [Anonymous Symbol]                       0x08002944   Section        0  scheduler.o(.text.scheduler)
    __arm_cp.0_0                             0x08002a34   Number         4  scheduler.o(.text.scheduler)
    i.__0sprintf$5                           0x08002a38   Section        0  printf5.o(i.__0sprintf$5)
    i.__aeabi_errno_addr                     0x08002a60   Section        0  errno.o(i.__aeabi_errno_addr)
    i.__scatterload_copy                     0x08002a68   Section       14  handlers.o(i.__scatterload_copy)
    i.__scatterload_null                     0x08002a76   Section        2  handlers.o(i.__scatterload_null)
    i.__scatterload_zeroinit                 0x08002a78   Section       14  handlers.o(i.__scatterload_zeroinit)
    _printf_core                             0x08002a89   Thumb Code   688  printf5.o(i._printf_core)
    i._printf_core                           0x08002a88   Section        0  printf5.o(i._printf_core)
    _sputc                                   0x08002d65   Thumb Code    10  printf5.o(i._sputc)
    i._sputc                                 0x08002d64   Section        0  printf5.o(i._sputc)
    .constdata                               0x08002d6e   Section      129  ctype_o.o(.constdata)
    table                                    0x08002df0   Data           4  ctype_o.o(.constdata)
    .constdata                               0x08002df0   Section        4  ctype_o.o(.constdata)
    .L.str                                   0x08002e15   Data           5  comport.o(.rodata.str1.1)
    [Anonymous Symbol]                       0x08002e15   Section        0  comport.o(.rodata.str1.1)
    .L.str.10                                0x08002e1a   Data          15  comport.o(.rodata.str1.1)
    .L.str                                   0x08002e29   Data           2  gps.o(.rodata.str1.1)
    [Anonymous Symbol]                       0x08002e29   Section        0  gps.o(.rodata.str1.1)
    .L.str                                   0x08002e2b   Data           4  xbee.o(.rodata.str1.1)
    [Anonymous Symbol]                       0x08002e2b   Section        0  xbee.o(.rodata.str1.1)
    .L.str.6                                 0x08002e2f   Data           5  xbee.o(.rodata.str1.1)
    .L.str.5                                 0x08002e34   Data           5  xbee.o(.rodata.str1.1)
    state                                    0x20000000   Data           4  strtok.o(.data)
    .data                                    0x20000000   Section        4  strtok.o(.data)
    _errno                                   0x20000004   Data           4  errno.o(.data)
    .data                                    0x20000004   Section        4  errno.o(.data)
    FLASH_readFixes.currAddr                 0x20000008   Data           4  flash.o(.data.FLASH_readFixes.currAddr)
    [Anonymous Symbol]                       0x20000008   Section        0  flash.o(.data.FLASH_readFixes.currAddr)
    [Anonymous Symbol]                       0x20000010   Section        0  comport.o(.bss..L_MergedGlobals)
    [Anonymous Symbol]                       0x2000005c   Section        0  xbee.o(.bss..L_MergedGlobals)
    STACK                                    0x200000b8   Section     1024  startup_stm32l071xx.o(STACK)

    Global Symbols

    Symbol Name                              Value     Ov Type        Size  Object(Section)

    BuildAttributes$$THM_ISAv3M$S$PE$A:L22$X:L11$S22$IEEE1$IW$~IW$USESV6$~STKCKD$USESV7$~SHL$OTIME$ROPI$EBA8$MICROLIB$REQ8$PRES8$EABIv2 0x00000000   Number         0  anon$$obj.o ABSOLUTE
    _printf_a                                0x00000000   Number         0  stubs.o ABSOLUTE
    _printf_c                                0x00000000   Number         0  stubs.o ABSOLUTE
    _printf_charcount                        0x00000000   Number         0  stubs.o ABSOLUTE
    _printf_d                                0x00000000   Number         0  stubs.o ABSOLUTE
    _printf_e                                0x00000000   Number         0  stubs.o ABSOLUTE
    _printf_f                                0x00000000   Number         0  stubs.o ABSOLUTE
    _printf_flags                            0x00000000   Number         0  stubs.o ABSOLUTE
    _printf_fp_dec                           0x00000000   Number         0  stubs.o ABSOLUTE
    _printf_fp_hex                           0x00000000   Number         0  stubs.o ABSOLUTE
    _printf_g                                0x00000000   Number         0  stubs.o ABSOLUTE
    _printf_i                                0x00000000   Number         0  stubs.o ABSOLUTE
    _printf_int_dec                          0x00000000   Number         0  stubs.o ABSOLUTE
    _printf_l                                0x00000000   Number         0  stubs.o ABSOLUTE
    _printf_lc                               0x00000000   Number         0  stubs.o ABSOLUTE
    _printf_ll                               0x00000000   Number         0  stubs.o ABSOLUTE
    _printf_lld                              0x00000000   Number         0  stubs.o ABSOLUTE
    _printf_lli                              0x00000000   Number         0  stubs.o ABSOLUTE
    _printf_llo                              0x00000000   Number         0  stubs.o ABSOLUTE
    _printf_llu                              0x00000000   Number         0  stubs.o ABSOLUTE
    _printf_llx                              0x00000000   Number         0  stubs.o ABSOLUTE
    _printf_longlong_dec                     0x00000000   Number         0  stubs.o ABSOLUTE
    _printf_longlong_hex                     0x00000000   Number         0  stubs.o ABSOLUTE
    _printf_longlong_oct                     0x00000000   Number         0  stubs.o ABSOLUTE
    _printf_ls                               0x00000000   Number         0  stubs.o ABSOLUTE
    _printf_mbtowc                           0x00000000   Number         0  stubs.o ABSOLUTE
    _printf_n                                0x00000000   Number         0  stubs.o ABSOLUTE
    _printf_o                                0x00000000   Number         0  stubs.o ABSOLUTE
    _printf_p                                0x00000000   Number         0  stubs.o ABSOLUTE
    _printf_percent                          0x00000000   Number         0  stubs.o ABSOLUTE
    _printf_pre_padding                      0x00000000   Number         0  stubs.o ABSOLUTE
    _printf_return_value                     0x00000000   Number         0  stubs.o ABSOLUTE
    _printf_s                                0x00000000   Number         0  stubs.o ABSOLUTE
    _printf_sizespec                         0x00000000   Number         0  stubs.o ABSOLUTE
    _printf_str                              0x00000000   Number         0  stubs.o ABSOLUTE
    _printf_truncate_signed                  0x00000000   Number         0  stubs.o ABSOLUTE
    _printf_truncate_unsigned                0x00000000   Number         0  stubs.o ABSOLUTE
    _printf_u                                0x00000000   Number         0  stubs.o ABSOLUTE
    _printf_wc                               0x00000000   Number         0  stubs.o ABSOLUTE
    _printf_wctomb                           0x00000000   Number         0  stubs.o ABSOLUTE
    _printf_widthprec                        0x00000000   Number         0  stubs.o ABSOLUTE
    _printf_x                                0x00000000   Number         0  stubs.o ABSOLUTE
    __cpp_initialize__aeabi_                  - Undefined Weak Reference
    __cxa_finalize                            - Undefined Weak Reference
    __decompress                              - Undefined Weak Reference
    _clock_init                               - Undefined Weak Reference
    _microlib_exit                            - Undefined Weak Reference
    __Vectors_Size                           0x000000c0   Number         0  startup_stm32l071xx.o ABSOLUTE
    __Vectors                                0x08000000   Data           4  startup_stm32l071xx.o(RESET)
    __Vectors_End                            0x080000c0   Data           0  startup_stm32l071xx.o(RESET)
    __main                                   0x080000c1   Thumb Code     0  entry.o(.ARM.Collect$$$$00000000)
    _main_stk                                0x080000c1   Thumb Code     0  entry2.o(.ARM.Collect$$$$00000001)
    _main_scatterload                        0x080000c5   Thumb Code     0  entry5.o(.ARM.Collect$$$$00000004)
    __main_after_scatterload                 0x080000c9   Thumb Code     0  entry5.o(.ARM.Collect$$$$00000004)
    _main_clock                              0x080000c9   Thumb Code     0  entry7b.o(.ARM.Collect$$$$00000008)
    _main_cpp_init                           0x080000c9   Thumb Code     0  entry8b.o(.ARM.Collect$$$$0000000A)
    _main_init                               0x080000c9   Thumb Code     0  entry9a.o(.ARM.Collect$$$$0000000B)
    __rt_final_cpp                           0x080000d1   Thumb Code     0  entry10a.o(.ARM.Collect$$$$0000000D)
    __rt_final_exit                          0x080000d1   Thumb Code     0  entry11a.o(.ARM.Collect$$$$0000000F)
    Reset_Handler                            0x080000d5   Thumb Code     8  startup_stm32l071xx.o(.text)
    ADC1_COMP_IRQHandler                     0x080000e7   Thumb Code     0  startup_stm32l071xx.o(.text)
    DMA1_Channel1_IRQHandler                 0x080000e7   Thumb Code     0  startup_stm32l071xx.o(.text)
    DMA1_Channel2_3_IRQHandler               0x080000e7   Thumb Code     0  startup_stm32l071xx.o(.text)
    DMA1_Channel4_5_6_7_IRQHandler           0x080000e7   Thumb Code     0  startup_stm32l071xx.o(.text)
    EXTI0_1_IRQHandler                       0x080000e7   Thumb Code     0  startup_stm32l071xx.o(.text)
    EXTI2_3_IRQHandler                       0x080000e7   Thumb Code     0  startup_stm32l071xx.o(.text)
    EXTI4_15_IRQHandler                      0x080000e7   Thumb Code     0  startup_stm32l071xx.o(.text)
    FLASH_IRQHandler                         0x080000e7   Thumb Code     0  startup_stm32l071xx.o(.text)
    I2C1_IRQHandler                          0x080000e7   Thumb Code     0  startup_stm32l071xx.o(.text)
    I2C2_IRQHandler                          0x080000e7   Thumb Code     0  startup_stm32l071xx.o(.text)
    I2C3_IRQHandler                          0x080000e7   Thumb Code     0  startup_stm32l071xx.o(.text)
    LPTIM1_IRQHandler                        0x080000e7   Thumb Code     0  startup_stm32l071xx.o(.text)
    LPUART1_IRQHandler                       0x080000e7   Thumb Code     0  startup_stm32l071xx.o(.text)
    PVD_IRQHandler                           0x080000e7   Thumb Code     0  startup_stm32l071xx.o(.text)
    RCC_IRQHandler                           0x080000e7   Thumb Code     0  startup_stm32l071xx.o(.text)
    SPI2_IRQHandler                          0x080000e7   Thumb Code     0  startup_stm32l071xx.o(.text)
    TIM21_IRQHandler                         0x080000e7   Thumb Code     0  startup_stm32l071xx.o(.text)
    TIM22_IRQHandler                         0x080000e7   Thumb Code     0  startup_stm32l071xx.o(.text)
    TIM3_IRQHandler                          0x080000e7   Thumb Code     0  startup_stm32l071xx.o(.text)
    TIM6_IRQHandler                          0x080000e7   Thumb Code     0  startup_stm32l071xx.o(.text)
    TIM7_IRQHandler                          0x080000e7   Thumb Code     0  startup_stm32l071xx.o(.text)
    USART2_IRQHandler                        0x080000e7   Thumb Code     0  startup_stm32l071xx.o(.text)
    WWDG_IRQHandler                          0x080000e7   Thumb Code     0  startup_stm32l071xx.o(.text)
    __aeabi_uidiv                            0x080000f1   Thumb Code     0  uidiv.o(.text)
    __aeabi_uidivmod                         0x080000f1   Thumb Code    44  uidiv.o(.text)
    __aeabi_idiv                             0x0800011d   Thumb Code     0  idiv.o(.text)
    __aeabi_idivmod                          0x0800011d   Thumb Code    40  idiv.o(.text)
    __aeabi_memcpy                           0x08000145   Thumb Code    36  memcpya.o(.text)
    __aeabi_memcpy4                          0x08000145   Thumb Code     0  memcpya.o(.text)
    __aeabi_memcpy8                          0x08000145   Thumb Code     0  memcpya.o(.text)
    __aeabi_memset                           0x08000169   Thumb Code    14  memseta.o(.text)
    __aeabi_memset4                          0x08000169   Thumb Code     0  memseta.o(.text)
    __aeabi_memset8                          0x08000169   Thumb Code     0  memseta.o(.text)
    __aeabi_memclr                           0x08000177   Thumb Code     4  memseta.o(.text)
    __aeabi_memclr4                          0x08000177   Thumb Code     0  memseta.o(.text)
    __aeabi_memclr8                          0x08000177   Thumb Code     0  memseta.o(.text)
    _memset$wrapper                          0x0800017b   Thumb Code    18  memseta.o(.text)
    strncpy                                  0x0800018d   Thumb Code    26  strncpy.o(.text)
    strlen                                   0x080001a7   Thumb Code    14  strlen.o(.text)
    memcmp                                   0x080001b5   Thumb Code    26  memcmp.o(.text)
    strtok                                   0x080001d1   Thumb Code    68  strtok.o(.text)
    atoi                                     0x08000219   Thumb Code    26  atoi.o(.text)
    __aeabi_fcmple                           0x08000233   Thumb Code    28  fcmple.o(.text)
    __aeabi_i2f                              0x0800024f   Thumb Code    22  fflti.o(.text)
    __aeabi_uldivmod                         0x08000265   Thumb Code    96  uldiv.o(.text)
    strtol                                   0x080002c5   Thumb Code   108  strtol.o(.text)
    __I$use$fp                               0x08000335   Thumb Code     0  iusefp.o(.text)
    _float_round                             0x08000335   Thumb Code    16  fepilogue.o(.text)
    _float_epilogue                          0x08000345   Thumb Code   114  fepilogue.o(.text)
    __scatterload                            0x080003b9   Thumb Code    28  init.o(.text)
    __scatterload_rt2                        0x080003b9   Thumb Code     0  init.o(.text)
    __aeabi_llsl                             0x080003dd   Thumb Code    32  llshl.o(.text)
    _ll_shift_l                              0x080003dd   Thumb Code     0  llshl.o(.text)
    __aeabi_llsr                             0x080003fd   Thumb Code    34  llushr.o(.text)
    _ll_ushift_r                             0x080003fd   Thumb Code     0  llushr.o(.text)
    __rt_ctype_table                         0x08000421   Thumb Code     4  ctype_o.o(.text)
    _strtoul                                 0x08000429   Thumb Code   166  _strtoul.o(.text)
    _chval                                   0x080004cf   Thumb Code    30  _chval.o(.text)
    CC_CheckForHandshake                     0x080004ed   Thumb Code   120  comport.o(.text.CC_CheckForHandshake)
    CC_ComPortPresent                        0x08000561   Thumb Code     4  comport.o(.text.CC_ComPortPresent)
    CC_ConfigureXbee                         0x08000565   Thumb Code   108  comport.o(.text.CC_ConfigureXbee)
    CC_DownloadFixes                         0x080005cd   Thumb Code   208  comport.o(.text.CC_DownloadFixes)
    CC_ExecuteCommand                        0x0800069d   Thumb Code    92  comport.o(.text.CC_ExecuteCommand)
    CC_ParseCommand                          0x080006f9   Thumb Code   328  comport.o(.text.CC_ParseCommand)
    CC_ReadProgram                           0x08000841   Thumb Code    40  comport.o(.text.CC_ReadProgram)
    CC_SendByte                              0x08000865   Thumb Code    20  comport.o(.text.CC_SendByte)
    CC_SendData                              0x08000879   Thumb Code    26  comport.o(.text.CC_SendData)
    CC_SendTimestamp                         0x08000895   Thumb Code   100  comport.o(.text.CC_SendTimestamp)
    CC_SetProgram                            0x080008f1   Thumb Code   212  comport.o(.text.CC_SetProgram)
    CC_SetRTC                                0x080009bd   Thumb Code   316  comport.o(.text.CC_SetRTC)
    EEPROM_WriteByte                         0x08000af9   Thumb Code     6  flash.o(.text.EEPROM_WriteByte)
    EEPROM_WriteData                         0x08000aff   Thumb Code    20  flash.o(.text.EEPROM_WriteData)
    FLASH_Lock                               0x08000b15   Thumb Code    24  flash.o(.text.FLASH_Lock)
    FLASH_ReadData                           0x08000b29   Thumb Code    20  flash.o(.text.FLASH_ReadData)
    FLASH_Unlock                             0x08000b3d   Thumb Code    36  flash.o(.text.FLASH_Unlock)
    FLASH_erasePage                          0x08000b55   Thumb Code    52  flash.o(.text.FLASH_erasePage)
    FLASH_initDataStorage                    0x08000b85   Thumb Code    72  flash.o(.text.FLASH_initDataStorage)
    FLASH_readFixes                          0x08000bb9   Thumb Code    88  flash.o(.text.FLASH_readFixes)
    FLASH_saveFix                            0x08000c09   Thumb Code   196  flash.o(.text.FLASH_saveFix)
    FLASH_unlockPrgm                         0x08000cc9   Thumb Code    44  flash.o(.text.FLASH_unlockPrgm)
    FLASH_writeWord                          0x08000cf5   Thumb Code    44  flash.o(.text.FLASH_writeWord)
    GPS_GPSCSHigh                            0x08000d21   Thumb Code    20  gps.o(.text.GPS_GPSCSHigh)
    GPS_GPSDisable                           0x08000d35   Thumb Code    16  gps.o(.text.GPS_GPSDisable)
    GPS_UBX_enablePUBX_Position              0x08000d45   Thumb Code    48  gps.o(.text.GPS_UBX_enablePUBX_Position)
    GPS_getNMEA                              0x08000d75   Thumb Code   656  gps.o(.text.GPS_getNMEA)
    GPS_subroutine                           0x08001005   Thumb Code   844  gps.o(.text.GPS_subroutine)
    HardFault_Handler                        0x08001351   Thumb Code     4  stm32l0xx_it.o(.text.HardFault_Handler)
    LL_GPIO_Init                             0x0800138d   Thumb Code   158  stm32l0xx_ll_gpio.o(.text.LL_GPIO_Init)
    LL_Init1msTick                           0x08001449   Thumb Code    32  stm32l0xx_ll_utils.o(.text.LL_Init1msTick)
    LL_RCC_GetSystemClocksFreq               0x08001465   Thumb Code    68  stm32l0xx_ll_rcc.o(.text.LL_RCC_GetSystemClocksFreq)
    LL_RCC_GetUSARTClockFreq                 0x080014a1   Thumb Code   204  stm32l0xx_ll_rcc.o(.text.LL_RCC_GetUSARTClockFreq)
    LL_RTC_DATE_Init                         0x08001595   Thumb Code   200  stm32l0xx_ll_rtc.o(.text.LL_RTC_DATE_Init)
    LL_RTC_EnterInitMode                     0x08001659   Thumb Code    72  stm32l0xx_ll_rtc.o(.text.LL_RTC_EnterInitMode)
    LL_RTC_Init                              0x080016a1   Thumb Code    88  stm32l0xx_ll_rtc.o(.text.LL_RTC_Init)
    LL_RTC_TIME_Init                         0x0800171d   Thumb Code   196  stm32l0xx_ll_rtc.o(.text.LL_RTC_TIME_Init)
    LL_RTC_WaitForSynchro                    0x080017e1   Thumb Code   124  stm32l0xx_ll_rtc.o(.text.LL_RTC_WaitForSynchro)
    LL_SPI_Init                              0x0800185d   Thumb Code   124  stm32l0xx_ll_spi.o(.text.LL_SPI_Init)
    LL_SetSystemCoreClock                    0x080018d9   Thumb Code    12  stm32l0xx_ll_utils.o(.text.LL_SetSystemCoreClock)
    LL_TIM_Init                              0x080018e5   Thumb Code    84  stm32l0xx_ll_tim.o(.text.LL_TIM_Init)
    LL_USART_Init                            0x08001939   Thumb Code   200  stm32l0xx_ll_usart.o(.text.LL_USART_Init)
    LPM_gpioInit                             0x080019f9   Thumb Code   128  lowpower.o(.text.LPM_gpioInit)
    LPM_stop                                 0x08001a79   Thumb Code   104  lowpower.o(.text.LPM_stop)
    NMI_Handler                              0x08001add   Thumb Code     2  stm32l0xx_it.o(.text.NMI_Handler)
    PendSV_Handler                           0x08001afd   Thumb Code     2  stm32l0xx_it.o(.text.PendSV_Handler)
    RCC_GetSystemClockFreq                   0x08001b01   Thumb Code    76  stm32l0xx_ll_rcc.o(.text.RCC_GetSystemClockFreq)
    RCC_PLL_GetFreqDomain_SYS                0x08001b3d   Thumb Code    76  stm32l0xx_ll_rcc.o(.text.RCC_PLL_GetFreqDomain_SYS)
    RTC_IRQHandler                           0x08001b89   Thumb Code    48  stm32l0xx_it.o(.text.RTC_IRQHandler)
    RTC_getTimeDate                          0x08001bb9   Thumb Code    76  timers.o(.text.RTC_getTimeDate)
    RTC_initAlarm                            0x08001c01   Thumb Code    96  timers.o(.text.RTC_initAlarm)
    RTC_setTimeDate                          0x08001c61   Thumb Code    40  timers.o(.text.RTC_setTimeDate)
    SPI1_IRQHandler                          0x08001c89   Thumb Code     2  stm32l0xx_it.o(.text.SPI1_IRQHandler)
    SVC_Handler                              0x08001c8b   Thumb Code     2  stm32l0xx_it.o(.text.SVC_Handler)
    SysTick_Handler                          0x08001c8d   Thumb Code     2  stm32l0xx_it.o(.text.SysTick_Handler)
    SystemClock_Config                       0x08001c91   Thumb Code   220  main.o(.text.SystemClock_Config)
    SystemInit                               0x08001d69   Thumb Code    80  system_stm32l0xx.o(.text.SystemInit)
    TIM2_IRQHandler                          0x08001db9   Thumb Code     2  stm32l0xx_it.o(.text.TIM2_IRQHandler)
    TIM2_delay                               0x08001dbb   Thumb Code    28  timers.o(.text.TIM2_delay)
    TIM2_init                                0x08001dd9   Thumb Code    32  timers.o(.text.TIM2_init)
    TIM2_initDelay_inline                    0x08001df9   Thumb Code    20  timers.o(.text.TIM2_initDelay_inline)
    USART1_IRQHandler                        0x08001e0d   Thumb Code    60  stm32l0xx_it.o(.text.USART1_IRQHandler)
    USART4_5_IRQHandler                      0x08001e49   Thumb Code    52  stm32l0xx_it.o(.text.USART4_5_IRQHandler)
    VHF_DisableVHF                           0x08001e7d   Thumb Code    16  xbee.o(.text.VHF_DisableVHF)
    VHF_EnableVHF                            0x08001e89   Thumb Code    16  xbee.o(.text.VHF_EnableVHF)
    XB_CheckForDongle                        0x08001e95   Thumb Code    88  xbee.o(.text.XB_CheckForDongle)
    XB_ConfigureDevice                       0x08001ee5   Thumb Code   508  xbee.o(.text.XB_ConfigureDevice)
    XB_DisableXbee                           0x080020dd   Thumb Code    16  xbee.o(.text.XB_DisableXbee)
    XB_EnableXbee                            0x080020e9   Thumb Code    24  xbee.o(.text.XB_EnableXbee)
    XB_ExecuteCommand                        0x080020fd   Thumb Code    20  xbee.o(.text.XB_ExecuteCommand)
    XB_GetConfig                             0x08002111   Thumb Code   152  xbee.o(.text.XB_GetConfig)
    XB_GetResponse                           0x08002199   Thumb Code   144  xbee.o(.text.XB_GetResponse)
    XB_GetSN                                 0x08002229   Thumb Code   160  xbee.o(.text.XB_GetSN)
    XB_ParseCommand                          0x080022c9   Thumb Code   120  xbee.o(.text.XB_ParseCommand)
    XB_SendByte                              0x08002341   Thumb Code    20  xbee.o(.text.XB_SendByte)
    XB_SendData                              0x08002355   Thumb Code    26  xbee.o(.text.XB_SendData)
    XB_TransmitFixes                         0x08002371   Thumb Code   216  xbee.o(.text.XB_TransmitFixes)
    XB_XbeeSubroutine                        0x08002445   Thumb Code   136  xbee.o(.text.XB_XbeeSubroutine)
    main                                     0x080024cd   Thumb Code  1144  main.o(.text.main)
    scheduler                                0x08002945   Thumb Code   244  scheduler.o(.text.scheduler)
    __0sprintf$5                             0x08002a39   Thumb Code    36  printf5.o(i.__0sprintf$5)
    __1sprintf$5                             0x08002a39   Thumb Code     0  printf5.o(i.__0sprintf$5)
    __2sprintf                               0x08002a39   Thumb Code     0  printf5.o(i.__0sprintf$5)
    __aeabi_errno_addr                       0x08002a61   Thumb Code     4  errno.o(i.__aeabi_errno_addr)
    __rt_errno_addr                          0x08002a61   Thumb Code     0  errno.o(i.__aeabi_errno_addr)
    __scatterload_copy                       0x08002a69   Thumb Code    14  handlers.o(i.__scatterload_copy)
    __scatterload_null                       0x08002a77   Thumb Code     2  handlers.o(i.__scatterload_null)
    __scatterload_zeroinit                   0x08002a79   Thumb Code    14  handlers.o(i.__scatterload_zeroinit)
    __ctype_table                            0x08002d6e   Data         129  ctype_o.o(.constdata)
    AHBPrescTable                            0x08002df4   Data          16  system_stm32l0xx.o(.rodata.AHBPrescTable)
    APBPrescTable                            0x08002e04   Data           8  system_stm32l0xx.o(.rodata.APBPrescTable)
    PLLMulTable                              0x08002e0c   Data           9  system_stm32l0xx.o(.rodata.PLLMulTable)
    Region$$Table$$Base                      0x08002e3c   Number         0  anon$$obj.o(Region$$Table)
    Region$$Table$$Limit                     0x08002e5c   Number         0  anon$$obj.o(Region$$Table)
    SystemCoreClock                          0x2000000c   Data           4  system_stm32l0xx.o(.data.SystemCoreClock)
    ComRxWriteIndex                          0x20000010   Data           4  comport.o(.bss..L_MergedGlobals)
    ComRxReadFrom                            0x20000014   Data           4  comport.o(.bss..L_MergedGlobals)
    ComRxReadTo                              0x20000018   Data           4  comport.o(.bss..L_MergedGlobals)
    ComRxBuff                                0x2000001c   Data          64  comport.o(.bss..L_MergedGlobals)
    XbeeRxWriteIndex                         0x2000005c   Data           4  xbee.o(.bss..L_MergedGlobals)
    XbeeRxReadTo                             0x20000060   Data           4  xbee.o(.bss..L_MergedGlobals)
    XbeeRxReadFrom                           0x20000064   Data           4  xbee.o(.bss..L_MergedGlobals)
    XbeeRxBufferActive                       0x20000068   Data           4  xbee.o(.bss..L_MergedGlobals)
    XbeeRxBuff                               0x2000006c   Data          64  xbee.o(.bss..L_MergedGlobals)
    XbeeDongleConnected                      0x200000ac   Data           4  xbee.o(.bss.XbeeDongleConnected)
    checkSchedule                            0x200000b0   Data           4  main.o(.bss.checkSchedule)
    __initial_sp                             0x200004b8   Data           0  startup_stm32l071xx.o(STACK)



==============================================================================

Memory Map of the image

  Image Entry point : 0x080000c1

  Load Region LR_IROM1 (Base: 0x08000000, Size: 0x00002e70, Max: 0x00030000, ABSOLUTE)

    Execution Region ER_IROM1 (Exec base: 0x08000000, Load base: 0x08000000, Size: 0x00002e5c, Max: 0x00030000, ABSOLUTE)

    Exec Addr    Load Addr    Size         Type   Attr      Idx    E Section Name        Object

    0x08000000   0x08000000   0x000000c0   Data   RO            3    RESET               startup_stm32l071xx.o
    0x080000c0   0x080000c0   0x00000000   Code   RO          493  * .ARM.Collect$$$$00000000  mc_p.l(entry.o)
    0x080000c0   0x080000c0   0x00000004   Code   RO          785    .ARM.Collect$$$$00000001  mc_p.l(entry2.o)
    0x080000c4   0x080000c4   0x00000004   Code   RO          788    .ARM.Collect$$$$00000004  mc_p.l(entry5.o)
    0x080000c8   0x080000c8   0x00000000   Code   RO          790    .ARM.Collect$$$$00000008  mc_p.l(entry7b.o)
    0x080000c8   0x080000c8   0x00000000   Code   RO          792    .ARM.Collect$$$$0000000A  mc_p.l(entry8b.o)
    0x080000c8   0x080000c8   0x00000008   Code   RO          793    .ARM.Collect$$$$0000000B  mc_p.l(entry9a.o)
    0x080000d0   0x080000d0   0x00000000   Code   RO          795    .ARM.Collect$$$$0000000D  mc_p.l(entry10a.o)
    0x080000d0   0x080000d0   0x00000000   Code   RO          797    .ARM.Collect$$$$0000000F  mc_p.l(entry11a.o)
    0x080000d0   0x080000d0   0x00000004   Code   RO          786    .ARM.Collect$$$$00002712  mc_p.l(entry2.o)
    0x080000d4   0x080000d4   0x0000001c   Code   RO            4    .text               startup_stm32l071xx.o
    0x080000f0   0x080000f0   0x0000002c   Code   RO          496    .text               mc_p.l(uidiv.o)
    0x0800011c   0x0800011c   0x00000028   Code   RO          498    .text               mc_p.l(idiv.o)
    0x08000144   0x08000144   0x00000024   Code   RO          500    .text               mc_p.l(memcpya.o)
    0x08000168   0x08000168   0x00000024   Code   RO          502    .text               mc_p.l(memseta.o)
    0x0800018c   0x0800018c   0x0000001a   Code   RO          504    .text               mc_p.l(strncpy.o)
    0x080001a6   0x080001a6   0x0000000e   Code   RO          506    .text               mc_p.l(strlen.o)
    0x080001b4   0x080001b4   0x0000001a   Code   RO          508    .text               mc_p.l(memcmp.o)
    0x080001ce   0x080001ce   0x00000002   PAD
    0x080001d0   0x080001d0   0x00000048   Code   RO          510    .text               mc_p.l(strtok.o)
    0x08000218   0x08000218   0x0000001a   Code   RO          779    .text               mc_p.l(atoi.o)
    0x08000232   0x08000232   0x0000001c   Code   RO          781    .text               mf_p.l(fcmple.o)
    0x0800024e   0x0800024e   0x00000016   Code   RO          783    .text               mf_p.l(fflti.o)
    0x08000264   0x08000264   0x00000060   Code   RO          804    .text               mc_p.l(uldiv.o)
    0x080002c4   0x080002c4   0x00000070   Code   RO          813    .text               mc_p.l(strtol.o)
    0x08000334   0x08000334   0x00000000   Code   RO          815    .text               mc_p.l(iusefp.o)
    0x08000334   0x08000334   0x00000082   Code   RO          816    .text               mf_p.l(fepilogue.o)
    0x080003b6   0x080003b6   0x00000002   PAD
    0x080003b8   0x080003b8   0x00000024   Code   RO          828    .text               mc_p.l(init.o)
    0x080003dc   0x080003dc   0x00000020   Code   RO          831    .text               mc_p.l(llshl.o)
    0x080003fc   0x080003fc   0x00000022   Code   RO          833    .text               mc_p.l(llushr.o)
    0x0800041e   0x0800041e   0x00000002   PAD
    0x08000420   0x08000420   0x00000008   Code   RO          837    .text               mc_p.l(ctype_o.o)
    0x08000428   0x08000428   0x000000a6   Code   RO          865    .text               mc_p.l(_strtoul.o)
    0x080004ce   0x080004ce   0x0000001e   Code   RO          872    .text               mc_p.l(_chval.o)
    0x080004ec   0x080004ec   0x00000074   Code   RO           17    .text.CC_CheckForHandshake  comport.o
    0x08000560   0x08000560   0x00000004   Code   RO           11    .text.CC_ComPortPresent  comport.o
    0x08000564   0x08000564   0x00000068   Code   RO           31    .text.CC_ConfigureXbee  comport.o
    0x080005cc   0x080005cc   0x000000d0   Code   RO           33    .text.CC_DownloadFixes  comport.o
    0x0800069c   0x0800069c   0x0000005c   Code   RO           21    .text.CC_ExecuteCommand  comport.o
    0x080006f8   0x080006f8   0x00000148   Code   RO           19    .text.CC_ParseCommand  comport.o
    0x08000840   0x08000840   0x00000024   Code   RO           29    .text.CC_ReadProgram  comport.o
    0x08000864   0x08000864   0x00000014   Code   RO           13    .text.CC_SendByte   comport.o
    0x08000878   0x08000878   0x0000001a   Code   RO           15    .text.CC_SendData   comport.o
    0x08000892   0x08000892   0x00000002   PAD
    0x08000894   0x08000894   0x0000005c   Code   RO           25    .text.CC_SendTimestamp  comport.o
    0x080008f0   0x080008f0   0x000000cc   Code   RO           27    .text.CC_SetProgram  comport.o
    0x080009bc   0x080009bc   0x0000013c   Code   RO           23    .text.CC_SetRTC     comport.o
    0x08000af8   0x08000af8   0x00000006   Code   RO           50    .text.EEPROM_WriteByte  flash.o
    0x08000afe   0x08000afe   0x00000014   Code   RO           52    .text.EEPROM_WriteData  flash.o
    0x08000b12   0x08000b12   0x00000002   PAD
    0x08000b14   0x08000b14   0x00000014   Code   RO           48    .text.FLASH_Lock    flash.o
    0x08000b28   0x08000b28   0x00000014   Code   RO           54    .text.FLASH_ReadData  flash.o
    0x08000b3c   0x08000b3c   0x00000018   Code   RO           46    .text.FLASH_Unlock  flash.o
    0x08000b54   0x08000b54   0x00000030   Code   RO           60    .text.FLASH_erasePage  flash.o
    0x08000b84   0x08000b84   0x00000034   Code   RO           62    .text.FLASH_initDataStorage  flash.o
    0x08000bb8   0x08000bb8   0x00000050   Code   RO           66    .text.FLASH_readFixes  flash.o
    0x08000c08   0x08000c08   0x000000c0   Code   RO           64    .text.FLASH_saveFix  flash.o
    0x08000cc8   0x08000cc8   0x0000002c   Code   RO           56    .text.FLASH_unlockPrgm  flash.o
    0x08000cf4   0x08000cf4   0x0000002c   Code   RO           58    .text.FLASH_writeWord  flash.o
    0x08000d20   0x08000d20   0x00000014   Code   RO           84    .text.GPS_GPSCSHigh  gps.o
    0x08000d34   0x08000d34   0x00000010   Code   RO           80    .text.GPS_GPSDisable  gps.o
    0x08000d44   0x08000d44   0x00000030   Code   RO           96    .text.GPS_UBX_enablePUBX_Position  gps.o
    0x08000d74   0x08000d74   0x00000290   Code   RO           94    .text.GPS_getNMEA   gps.o
    0x08001004   0x08001004   0x0000034c   Code   RO           98    .text.GPS_subroutine  gps.o
    0x08001350   0x08001350   0x00000004   Code   RO          210    .text.HardFault_Handler  stm32l0xx_it.o
    0x08001354   0x08001354   0x0000001c   Code   RO          187    .text.LL_APB1_GRP1_EnableClock  main.o
    0x08001370   0x08001370   0x0000001c   Code   RO          185    .text.LL_APB2_GRP1_EnableClock  main.o
    0x0800138c   0x0800138c   0x0000009e   Code   RO          272    .text.LL_GPIO_Init  stm32l0xx_ll_gpio.o
    0x0800142a   0x0800142a   0x00000002   PAD
    0x0800142c   0x0800142c   0x0000001c   Code   RO          193    .text.LL_IOP_GRP1_EnableClock  main.o
    0x08001448   0x08001448   0x0000001c   Code   RO          469    .text.LL_Init1msTick  stm32l0xx_ll_utils.o
    0x08001464   0x08001464   0x0000003c   Code   RO          440    .text.LL_RCC_GetSystemClocksFreq  stm32l0xx_ll_rcc.o
    0x080014a0   0x080014a0   0x000000cc   Code   RO          450    .text.LL_RCC_GetUSARTClockFreq  stm32l0xx_ll_rcc.o
    0x0800156c   0x0800156c   0x00000028   Code   RO          303    .text.LL_RTC_DATE_Config  stm32l0xx_ll_rtc.o
    0x08001594   0x08001594   0x000000c4   Code   RO          301    .text.LL_RTC_DATE_Init  stm32l0xx_ll_rtc.o
    0x08001658   0x08001658   0x00000048   Code   RO          287    .text.LL_RTC_EnterInitMode  stm32l0xx_ll_rtc.o
    0x080016a0   0x080016a0   0x00000058   Code   RO          291    .text.LL_RTC_Init   stm32l0xx_ll_rtc.o
    0x080016f8   0x080016f8   0x00000024   Code   RO          297    .text.LL_RTC_TIME_Config  stm32l0xx_ll_rtc.o
    0x0800171c   0x0800171c   0x000000c4   Code   RO          295    .text.LL_RTC_TIME_Init  stm32l0xx_ll_rtc.o
    0x080017e0   0x080017e0   0x0000007c   Code   RO          289    .text.LL_RTC_WaitForSynchro  stm32l0xx_ll_rtc.o
    0x0800185c   0x0800185c   0x0000007c   Code   RO          332    .text.LL_SPI_Init   stm32l0xx_ll_spi.o
    0x080018d8   0x080018d8   0x0000000c   Code   RO          473    .text.LL_SetSystemCoreClock  stm32l0xx_ll_utils.o
    0x080018e4   0x080018e4   0x00000054   Code   RO          396    .text.LL_TIM_Init   stm32l0xx_ll_tim.o
    0x08001938   0x08001938   0x000000c0   Code   RO          421    .text.LL_USART_Init  stm32l0xx_ll_usart.o
    0x080019f8   0x080019f8   0x00000080   Code   RO          242    .text.LPM_gpioInit  lowpower.o
    0x08001a78   0x08001a78   0x00000064   Code   RO          240    .text.LPM_stop      lowpower.o
    0x08001adc   0x08001adc   0x00000002   Code   RO          208    .text.NMI_Handler   stm32l0xx_it.o
    0x08001ade   0x08001ade   0x00000002   PAD
    0x08001ae0   0x08001ae0   0x0000001c   Code   RO          212    .text.NVIC_SystemReset  stm32l0xx_it.o
    0x08001afc   0x08001afc   0x00000002   Code   RO          216    .text.PendSV_Handler  stm32l0xx_it.o
    0x08001afe   0x08001afe   0x00000002   PAD
    0x08001b00   0x08001b00   0x0000003c   Code   RO          442    .text.RCC_GetSystemClockFreq  stm32l0xx_ll_rcc.o
    0x08001b3c   0x08001b3c   0x0000004c   Code   RO          458    .text.RCC_PLL_GetFreqDomain_SYS  stm32l0xx_ll_rcc.o
    0x08001b88   0x08001b88   0x00000030   Code   RO          220    .text.RTC_IRQHandler  stm32l0xx_it.o
    0x08001bb8   0x08001bb8   0x00000048   Code   RO          130    .text.RTC_getTimeDate  timers.o
    0x08001c00   0x08001c00   0x00000060   Code   RO          126    .text.RTC_initAlarm  timers.o
    0x08001c60   0x08001c60   0x00000028   Code   RO          128    .text.RTC_setTimeDate  timers.o
    0x08001c88   0x08001c88   0x00000002   Code   RO          226    .text.SPI1_IRQHandler  stm32l0xx_it.o
    0x08001c8a   0x08001c8a   0x00000002   Code   RO          214    .text.SVC_Handler   stm32l0xx_it.o
    0x08001c8c   0x08001c8c   0x00000002   Code   RO          218    .text.SysTick_Handler  stm32l0xx_it.o
    0x08001c8e   0x08001c8e   0x00000002   PAD
    0x08001c90   0x08001c90   0x000000d8   Code   RO          189    .text.SystemClock_Config  main.o
    0x08001d68   0x08001d68   0x00000050   Code   RO          253    .text.SystemInit    system_stm32l0xx.o
    0x08001db8   0x08001db8   0x00000002   Code   RO          224    .text.TIM2_IRQHandler  stm32l0xx_it.o
    0x08001dba   0x08001dba   0x0000001c   Code   RO          122    .text.TIM2_delay    timers.o
    0x08001dd6   0x08001dd6   0x00000002   PAD
    0x08001dd8   0x08001dd8   0x00000020   Code   RO          120    .text.TIM2_init     timers.o
    0x08001df8   0x08001df8   0x00000014   Code   RO          124    .text.TIM2_initDelay_inline  timers.o
    0x08001e0c   0x08001e0c   0x0000003c   Code   RO          228    .text.USART1_IRQHandler  stm32l0xx_it.o
    0x08001e48   0x08001e48   0x00000034   Code   RO          222    .text.USART4_5_IRQHandler  stm32l0xx_it.o
    0x08001e7c   0x08001e7c   0x0000000c   Code   RO          169    .text.VHF_DisableVHF  xbee.o
    0x08001e88   0x08001e88   0x0000000c   Code   RO          167    .text.VHF_EnableVHF  xbee.o
    0x08001e94   0x08001e94   0x00000050   Code   RO          161    .text.XB_CheckForDongle  xbee.o
    0x08001ee4   0x08001ee4   0x000001f8   Code   RO          155    .text.XB_ConfigureDevice  xbee.o
    0x080020dc   0x080020dc   0x0000000c   Code   RO          147    .text.XB_DisableXbee  xbee.o
    0x080020e8   0x080020e8   0x00000014   Code   RO          145    .text.XB_EnableXbee  xbee.o
    0x080020fc   0x080020fc   0x00000014   Code   RO          143    .text.XB_ExecuteCommand  xbee.o
    0x08002110   0x08002110   0x00000088   Code   RO          157    .text.XB_GetConfig  xbee.o
    0x08002198   0x08002198   0x00000090   Code   RO          153    .text.XB_GetResponse  xbee.o
    0x08002228   0x08002228   0x000000a0   Code   RO          159    .text.XB_GetSN      xbee.o
    0x080022c8   0x080022c8   0x00000078   Code   RO          163    .text.XB_ParseCommand  xbee.o
    0x08002340   0x08002340   0x00000014   Code   RO          149    .text.XB_SendByte   xbee.o
    0x08002354   0x08002354   0x0000001a   Code   RO          151    .text.XB_SendData   xbee.o
    0x0800236e   0x0800236e   0x00000002   PAD
    0x08002370   0x08002370   0x000000d4   Code   RO          165    .text.XB_TransmitFixes  xbee.o
    0x08002444   0x08002444   0x00000088   Code   RO          141    .text.XB_XbeeSubroutine  xbee.o
    0x080024cc   0x080024cc   0x00000478   Code   RO          183    .text.main          main.o
    0x08002944   0x08002944   0x000000f4   Code   RO          110    .text.scheduler     scheduler.o
    0x08002a38   0x08002a38   0x00000028   Code   RO          653    i.__0sprintf$5      mc_p.l(printf5.o)
    0x08002a60   0x08002a60   0x00000008   Code   RO          806    i.__aeabi_errno_addr  mc_p.l(errno.o)
    0x08002a68   0x08002a68   0x0000000e   Code   RO          876    i.__scatterload_copy  mc_p.l(handlers.o)
    0x08002a76   0x08002a76   0x00000002   Code   RO          877    i.__scatterload_null  mc_p.l(handlers.o)
    0x08002a78   0x08002a78   0x0000000e   Code   RO          878    i.__scatterload_zeroinit  mc_p.l(handlers.o)
    0x08002a86   0x08002a86   0x00000002   PAD
    0x08002a88   0x08002a88   0x000002dc   Code   RO          658    i._printf_core      mc_p.l(printf5.o)
    0x08002d64   0x08002d64   0x0000000a   Code   RO          660    i._sputc            mc_p.l(printf5.o)
    0x08002d6e   0x08002d6e   0x00000081   Data   RO          838    .constdata          mc_p.l(ctype_o.o)
    0x08002def   0x08002def   0x00000001   PAD
    0x08002df0   0x08002df0   0x00000004   Data   RO          839    .constdata          mc_p.l(ctype_o.o)
    0x08002df4   0x08002df4   0x00000010   Data   RO          258    .rodata.AHBPrescTable  system_stm32l0xx.o
    0x08002e04   0x08002e04   0x00000008   Data   RO          259    .rodata.APBPrescTable  system_stm32l0xx.o
    0x08002e0c   0x08002e0c   0x00000009   Data   RO          260    .rodata.PLLMulTable  system_stm32l0xx.o
    0x08002e15   0x08002e15   0x00000014   Data   RO           35    .rodata.str1.1      comport.o
    0x08002e29   0x08002e29   0x00000002   Data   RO          100    .rodata.str1.1      gps.o
    0x08002e2b   0x08002e2b   0x0000000e   Data   RO          172    .rodata.str1.1      xbee.o
    0x08002e39   0x08002e39   0x00000003   PAD
    0x08002e3c   0x08002e3c   0x00000020   Data   RO          875    Region$$Table       anon$$obj.o


    Execution Region RW_IRAM1 (Exec base: 0x20000000, Load base: 0x08002e60, Size: 0x000004b8, Max: 0x00005000, ABSOLUTE)

    Exec Addr    Load Addr    Size         Type   Attr      Idx    E Section Name        Object

    0x20000000   0x08002e60   0x00000004   Data   RW          511    .data               mc_p.l(strtok.o)
    0x20000004   0x08002e64   0x00000004   Data   RW          809    .data               mc_p.l(errno.o)
    0x20000008   0x08002e68   0x00000004   Data   RW           68    .data.FLASH_readFixes.currAddr  flash.o
    0x2000000c   0x08002e6c   0x00000004   Data   RW          257    .data.SystemCoreClock  system_stm32l0xx.o
    0x20000010        -       0x0000004c   Zero   RW           36    .bss..L_MergedGlobals  comport.o
    0x2000005c        -       0x00000050   Zero   RW          173    .bss..L_MergedGlobals  xbee.o
    0x200000ac        -       0x00000004   Zero   RW          171    .bss.XbeeDongleConnected  xbee.o
    0x200000b0        -       0x00000004   Zero   RW          195    .bss.checkSchedule  main.o
    0x200000b4   0x08002e70   0x00000004   PAD
    0x200000b8        -       0x00000400   Zero   RW            1    STACK               startup_stm32l071xx.o


==============================================================================

Image component sizes


      Code (inc. data)   RO Data    RW Data    ZI Data      Debug   Object Name

      1546        126         20          0         76       6841   comport.o
       550         44          0          4          0       4116   flash.o
      1584         98          2          0          0       9523   gps.o
       228         28          0          0          0       2251   lowpower.o
      1444         92          0          0          4      12043   main.o
       244          4          0          0          0       1597   scheduler.o
        28          8        192          0       1024        612   startup_stm32l071xx.o
       204         48          0          0          0       2760   stm32l0xx_it.o
       158          0          0          0          0       3712   stm32l0xx_ll_gpio.o
       400         60          0          0          0       7520   stm32l0xx_ll_rcc.o
       752         24          0          0          0      11122   stm32l0xx_ll_rtc.o
       124          4          0          0          0       4821   stm32l0xx_ll_spi.o
        84         16          0          0          0       8208   stm32l0xx_ll_tim.o
       192         16          0          0          0       4727   stm32l0xx_ll_usart.o
        40          4          0          0          0       6495   stm32l0xx_ll_utils.o
        80         16         33          4          0       2182   system_stm32l0xx.o
       288         20          0          0          0       4642   timers.o
      1614        160         14          0         84       5583   xbee.o

    ----------------------------------------------------------------------
      9576        768        296          8       1192      98755   Object Totals
         0          0         32          0          0          0   (incl. Generated)
        16          0          3          0          4          0   (incl. Padding)

    ----------------------------------------------------------------------

      Code (inc. data)   RO Data    RW Data    ZI Data      Debug   Library Member Name

        30          0          0          0          0         60   _chval.o
       166          0          0          0          0         84   _strtoul.o
        26          0          0          0          0         72   atoi.o
         8          4        133          0          0         60   ctype_o.o
         0          0          0          0          0          0   entry.o
         0          0          0          0          0          0   entry10a.o
         0          0          0          0          0          0   entry11a.o
         8          4          0          0          0          0   entry2.o
         4          0          0          0          0          0   entry5.o
         0          0          0          0          0          0   entry7b.o
         0          0          0          0          0          0   entry8b.o
         8          4          0          0          0          0   entry9a.o
         8          4          0          4          0         60   errno.o
        30          0          0          0          0          0   handlers.o
        40          0          0          0          0         72   idiv.o
        36          8          0          0          0         68   init.o
         0          0          0          0          0          0   iusefp.o
        32          0          0          0          0         68   llshl.o
        34          0          0          0          0         68   llushr.o
        26          0          0          0          0         72   memcmp.o
        36          0          0          0          0         60   memcpya.o
        36          0          0          0          0        100   memseta.o
       782         48          0          0          0        228   printf5.o
        14          0          0          0          0         60   strlen.o
        26          0          0          0          0         68   strncpy.o
        72          4          0          4          0         72   strtok.o
       112          4          0          0          0         76   strtol.o
        44          0          0          0          0         72   uidiv.o
        96          0          0          0          0         84   uldiv.o
        28          0          0          0          0         60   fcmple.o
       130          0          0          0          0        144   fepilogue.o
        22          0          0          0          0         68   fflti.o

    ----------------------------------------------------------------------
      1862         80        134          8          0       1776   Library Totals
         8          0          1          0          0          0   (incl. Padding)

    ----------------------------------------------------------------------

      Code (inc. data)   RO Data    RW Data    ZI Data      Debug   Library Name

      1674         80        133          8          0       1504   mc_p.l
       180          0          0          0          0        272   mf_p.l

    ----------------------------------------------------------------------
      1862         80        134          8          0       1776   Library Totals

    ----------------------------------------------------------------------

==============================================================================


      Code (inc. data)   RO Data    RW Data    ZI Data      Debug   

     11438        848        430         16       1192      99591   Grand Totals
     11438        848        430         16       1192      99591   ELF Image Totals
     11438        848        430         16          0          0   ROM Totals

==============================================================================

    Total RO  Size (Code + RO Data)                11868 (  11.59kB)
    Total RW  Size (RW Data + ZI Data)              1208 (   1.18kB)
    Total ROM Size (Code + RO Data + RW Data)      11884 (  11.61kB)

==============================================================================

