Component: ARM Compiler 6.12 Tool: armlink [5d624300]

==============================================================================

Section Cross References

    startup_stm32l071xx.o(RESET) refers to startup_stm32l071xx.o(STACK) for __initial_sp
    startup_stm32l071xx.o(RESET) refers to startup_stm32l071xx.o(.text) for Reset_Handler
    startup_stm32l071xx.o(RESET) refers to stm32l0xx_it.o(.text.NMI_Handler) for NMI_Handler
    startup_stm32l071xx.o(RESET) refers to stm32l0xx_it.o(.text.HardFault_Handler) for HardFault_Handler
    startup_stm32l071xx.o(RESET) refers to stm32l0xx_it.o(.text.SVC_Handler) for SVC_Handler
    startup_stm32l071xx.o(RESET) refers to stm32l0xx_it.o(.text.PendSV_Handler) for PendSV_Handler
    startup_stm32l071xx.o(RESET) refers to stm32l0xx_it.o(.text.SysTick_Handler) for SysTick_Handler
    startup_stm32l071xx.o(RESET) refers to stm32l0xx_it.o(.text.RTC_IRQHandler) for RTC_IRQHandler
    startup_stm32l071xx.o(RESET) refers to stm32l0xx_it.o(.text.USART4_5_IRQHandler) for USART4_5_IRQHandler
    startup_stm32l071xx.o(RESET) refers to stm32l0xx_it.o(.text.TIM2_IRQHandler) for TIM2_IRQHandler
    startup_stm32l071xx.o(RESET) refers to stm32l0xx_it.o(.text.SPI1_IRQHandler) for SPI1_IRQHandler
    startup_stm32l071xx.o(RESET) refers to stm32l0xx_it.o(.text.USART1_IRQHandler) for USART1_IRQHandler
    startup_stm32l071xx.o(.text) refers to system_stm32l0xx.o(.text.SystemInit) for SystemInit
    startup_stm32l071xx.o(.text) refers to entry.o(.ARM.Collect$$$$00000000) for __main
    comport.o(.ARM.exidx.text.CC_ComPortPresent) refers to comport.o(.text.CC_ComPortPresent) for [Anonymous Symbol]
    comport.o(.text.CC_SendByte) refers to comport.o(.text.LL_USART_TransmitData8) for LL_USART_TransmitData8
    comport.o(.ARM.exidx.text.CC_SendByte) refers to comport.o(.text.CC_SendByte) for [Anonymous Symbol]
    comport.o(.ARM.exidx.text.LL_USART_TransmitData8) refers to comport.o(.text.LL_USART_TransmitData8) for [Anonymous Symbol]
    comport.o(.text.CC_SendData) refers to comport.o(.text.CC_SendByte) for CC_SendByte
    comport.o(.ARM.exidx.text.CC_SendData) refers to comport.o(.text.CC_SendData) for [Anonymous Symbol]
    comport.o(.text.CC_CheckForHandshake) refers to strcmp.o(.text) for strcmp
    comport.o(.text.CC_CheckForHandshake) refers to comport.o(.text.CC_SendData) for CC_SendData
    comport.o(.text.CC_CheckForHandshake) refers to comport.o(.bss.ComRxReadFrom) for ComRxReadFrom
    comport.o(.text.CC_CheckForHandshake) refers to comport.o(.bss.ComRxWriteIndex) for ComRxWriteIndex
    comport.o(.text.CC_CheckForHandshake) refers to comport.o(.bss.ComRxBuff) for ComRxBuff
    comport.o(.text.CC_CheckForHandshake) refers to comport.o(.rodata.str1.1) for .L.str
    comport.o(.ARM.exidx.text.CC_CheckForHandshake) refers to comport.o(.text.CC_CheckForHandshake) for [Anonymous Symbol]
    comport.o(.text.CC_ParseCommand) refers to memseta.o(.text) for __aeabi_memclr
    comport.o(.text.CC_ParseCommand) refers to strcmp.o(.text) for strcmp
    comport.o(.text.CC_ParseCommand) refers to comport.o(.bss.ComRxWriteIndex) for ComRxWriteIndex
    comport.o(.text.CC_ParseCommand) refers to comport.o(.bss.ComRxReadFrom) for ComRxReadFrom
    comport.o(.text.CC_ParseCommand) refers to comport.o(.bss.ComRxBuff) for ComRxBuff
    comport.o(.text.CC_ParseCommand) refers to comport.o(.bss.ComRxReadTo) for ComRxReadTo
    comport.o(.text.CC_ParseCommand) refers to comport.o(.rodata.str1.1) for .L.str.1
    comport.o(.ARM.exidx.text.CC_ParseCommand) refers to comport.o(.text.CC_ParseCommand) for [Anonymous Symbol]
    comport.o(.text.CC_ExecuteCommand) refers to comport.o(.text.CC_SetRTC) for CC_SetRTC
    comport.o(.text.CC_ExecuteCommand) refers to comport.o(.text.CC_SendTimestamp) for CC_SendTimestamp
    comport.o(.text.CC_ExecuteCommand) refers to comport.o(.text.CC_SetProgram) for CC_SetProgram
    comport.o(.text.CC_ExecuteCommand) refers to comport.o(.text.CC_ReadProgram) for CC_ReadProgram
    comport.o(.text.CC_ExecuteCommand) refers to flash.o(.text.FLASH_initDataStorage) for FLASH_initDataStorage
    comport.o(.text.CC_ExecuteCommand) refers to comport.o(.text.CC_DownloadFixes) for CC_DownloadFixes
    comport.o(.ARM.exidx.text.CC_ExecuteCommand) refers to comport.o(.text.CC_ExecuteCommand) for [Anonymous Symbol]
    comport.o(.text.CC_SetRTC) refers to comport.o(.text.LL_RTC_DATE_GetDay) for LL_RTC_DATE_GetDay
    comport.o(.text.CC_SetRTC) refers to idiv.o(.text) for __aeabi_idivmod
    comport.o(.text.CC_SetRTC) refers to stm32l0xx_ll_rtc.o(.text.LL_RTC_TIME_Init) for LL_RTC_TIME_Init
    comport.o(.text.CC_SetRTC) refers to stm32l0xx_ll_rtc.o(.text.LL_RTC_DATE_Init) for LL_RTC_DATE_Init
    comport.o(.text.CC_SetRTC) refers to comport.o(.text.LL_RTC_TIME_GetSecond) for LL_RTC_TIME_GetSecond
    comport.o(.text.CC_SetRTC) refers to comport.o(.text.LL_RTC_TIME_GetMinute) for LL_RTC_TIME_GetMinute
[...]
    __arm_cp.36_0                            0x08002034   Number         4  main.o(.text.LL_IOP_GRP1_EnableClock)
    [Anonymous Symbol]                       0x08002038   Section        0  stm32l0xx_ll_utils.o(.text.LL_Init1msTick)
    LL_InitTick                              0x08002055   Thumb Code    60  stm32l0xx_ll_utils.o(.text.LL_InitTick)
    [Anonymous Symbol]                       0x08002054   Section        0  stm32l0xx_ll_utils.o(.text.LL_InitTick)
    __arm_cp.1_0                             0x08002084   Number         4  stm32l0xx_ll_utils.o(.text.LL_InitTick)
    __arm_cp.1_1                             0x08002088   Number         4  stm32l0xx_ll_utils.o(.text.LL_InitTick)
    __arm_cp.1_2                             0x0800208c   Number         4  stm32l0xx_ll_utils.o(.text.LL_InitTick)
    LL_PWR_EnableBkUpAccess                  0x08002091   Thumb Code    20  main.o(.text.LL_PWR_EnableBkUpAccess)
    [Anonymous Symbol]                       0x08002090   Section        0  main.o(.text.LL_PWR_EnableBkUpAccess)
    LL_PWR_SetRegulVoltageScaling            0x080020a1   Thumb Code    32  main.o(.text.LL_PWR_SetRegulVoltageScaling)
    [Anonymous Symbol]                       0x080020a0   Section        0  main.o(.text.LL_PWR_SetRegulVoltageScaling)
    __arm_cp.14_0                            0x080020bc   Number         4  main.o(.text.LL_PWR_SetRegulVoltageScaling)
    LL_RCC_EnableRTC                         0x080020c1   Thumb Code    20  main.o(.text.LL_RCC_EnableRTC)
    [Anonymous Symbol]                       0x080020c0   Section        0  main.o(.text.LL_RCC_EnableRTC)
    LL_RCC_ForceBackupDomainReset            0x080020d1   Thumb Code    20  main.o(.text.LL_RCC_ForceBackupDomainReset)
    [Anonymous Symbol]                       0x080020d0   Section        0  main.o(.text.LL_RCC_ForceBackupDomainReset)
    LL_RCC_GetAHBPrescaler                   0x080020e1   Thumb Code    16  stm32l0xx_ll_rcc.o(.text.LL_RCC_GetAHBPrescaler)
    [Anonymous Symbol]                       0x080020e0   Section        0  stm32l0xx_ll_rcc.o(.text.LL_RCC_GetAHBPrescaler)
    LL_RCC_GetAPB1Prescaler                  0x080020ed   Thumb Code    16  stm32l0xx_ll_rcc.o(.text.LL_RCC_GetAPB1Prescaler)
    [Anonymous Symbol]                       0x080020ec   Section        0  stm32l0xx_ll_rcc.o(.text.LL_RCC_GetAPB1Prescaler)
    LL_RCC_GetAPB2Prescaler                  0x080020f9   Thumb Code    16  stm32l0xx_ll_rcc.o(.text.LL_RCC_GetAPB2Prescaler)
    [Anonymous Symbol]                       0x080020f8   Section        0  stm32l0xx_ll_rcc.o(.text.LL_RCC_GetAPB2Prescaler)
    LL_RCC_GetSysClkSource                   0x08002105   Thumb Code    16  main.o(.text.LL_RCC_GetSysClkSource)
    [Anonymous Symbol]                       0x08002104   Section        0  main.o(.text.LL_RCC_GetSysClkSource)
    LL_RCC_GetSysClkSource                   0x08002111   Thumb Code    16  stm32l0xx_ll_rcc.o(.text.LL_RCC_GetSysClkSource)
    [Anonymous Symbol]                       0x08002110   Section        0  stm32l0xx_ll_rcc.o(.text.LL_RCC_GetSysClkSource)
    [Anonymous Symbol]                       0x0800211c   Section        0  stm32l0xx_ll_rcc.o(.text.LL_RCC_GetSystemClocksFreq)
    [Anonymous Symbol]                       0x08002158   Section        0  stm32l0xx_ll_rcc.o(.text.LL_RCC_GetUSARTClockFreq)
    __arm_cp.14_0                            0x0800226c   Number         4  stm32l0xx_ll_rcc.o(.text.LL_RCC_GetUSARTClockFreq)
    __arm_cp.14_1                            0x08002270   Number         4  stm32l0xx_ll_rcc.o(.text.LL_RCC_GetUSARTClockFreq)
    __arm_cp.14_2                            0x08002274   Number         4  stm32l0xx_ll_rcc.o(.text.LL_RCC_GetUSARTClockFreq)
    __arm_cp.14_3                            0x08002278   Number         4  stm32l0xx_ll_rcc.o(.text.LL_RCC_GetUSARTClockFreq)
    LL_RCC_GetUSARTClockSource               0x0800227d   Thumb Code    28  stm32l0xx_ll_rcc.o(.text.LL_RCC_GetUSARTClockSource)
    [Anonymous Symbol]                       0x0800227c   Section        0  stm32l0xx_ll_rcc.o(.text.LL_RCC_GetUSARTClockSource)
    LL_RCC_HSI_IsReady                       0x08002295   Thumb Code    16  stm32l0xx_ll_rcc.o(.text.LL_RCC_HSI_IsReady)
    [Anonymous Symbol]                       0x08002294   Section        0  stm32l0xx_ll_rcc.o(.text.LL_RCC_HSI_IsReady)
    LL_RCC_IsActiveFlag_HSIDIV               0x080022a1   Thumb Code    16  stm32l0xx_ll_rcc.o(.text.LL_RCC_IsActiveFlag_HSIDIV)
    [Anonymous Symbol]                       0x080022a0   Section        0  stm32l0xx_ll_rcc.o(.text.LL_RCC_IsActiveFlag_HSIDIV)
    LL_RCC_LSE_Enable                        0x080022ad   Thumb Code    20  main.o(.text.LL_RCC_LSE_Enable)
    [Anonymous Symbol]                       0x080022ac   Section        0  main.o(.text.LL_RCC_LSE_Enable)
    LL_RCC_LSE_IsReady                       0x080022bd   Thumb Code    20  main.o(.text.LL_RCC_LSE_IsReady)
    [Anonymous Symbol]                       0x080022bc   Section        0  main.o(.text.LL_RCC_LSE_IsReady)
    LL_RCC_LSE_IsReady                       0x080022cd   Thumb Code    20  stm32l0xx_ll_rcc.o(.text.LL_RCC_LSE_IsReady)
    [Anonymous Symbol]                       0x080022cc   Section        0  stm32l0xx_ll_rcc.o(.text.LL_RCC_LSE_IsReady)
    LL_RCC_LSE_SetDriveCapability            0x080022dd   Thumb Code    32  main.o(.text.LL_RCC_LSE_SetDriveCapability)
    [Anonymous Symbol]                       0x080022dc   Section        0  main.o(.text.LL_RCC_LSE_SetDriveCapability)
    LL_RCC_MSI_Enable                        0x080022f9   Thumb Code    20  main.o(.text.LL_RCC_MSI_Enable)
    [Anonymous Symbol]                       0x080022f8   Section        0  main.o(.text.LL_RCC_MSI_Enable)
    LL_RCC_MSI_GetRange                      0x08002309   Thumb Code    16  stm32l0xx_ll_rcc.o(.text.LL_RCC_MSI_GetRange)
    [Anonymous Symbol]                       0x08002308   Section        0  stm32l0xx_ll_rcc.o(.text.LL_RCC_MSI_GetRange)
    LL_RCC_MSI_IsReady                       0x08002315   Thumb Code    20  main.o(.text.LL_RCC_MSI_IsReady)
    [Anonymous Symbol]                       0x08002314   Section        0  main.o(.text.LL_RCC_MSI_IsReady)
    __arm_cp.16_0                            0x08002324   Number         4  main.o(.text.LL_RCC_MSI_IsReady)
    LL_RCC_MSI_SetCalibTrimming              0x08002329   Thumb Code    36  main.o(.text.LL_RCC_MSI_SetCalibTrimming)
    [Anonymous Symbol]                       0x08002328   Section        0  main.o(.text.LL_RCC_MSI_SetCalibTrimming)
    LL_RCC_MSI_SetRange                      0x08002349   Thumb Code    32  main.o(.text.LL_RCC_MSI_SetRange)
    [Anonymous Symbol]                       0x08002348   Section        0  main.o(.text.LL_RCC_MSI_SetRange)
    __arm_cp.17_0                            0x08002364   Number         4  main.o(.text.LL_RCC_MSI_SetRange)
    LL_RCC_PLL_GetDivider                    0x08002369   Thumb Code    16  stm32l0xx_ll_rcc.o(.text.LL_RCC_PLL_GetDivider)
    [Anonymous Symbol]                       0x08002368   Section        0  stm32l0xx_ll_rcc.o(.text.LL_RCC_PLL_GetDivider)
    LL_RCC_PLL_GetMainSource                 0x08002375   Thumb Code    16  stm32l0xx_ll_rcc.o(.text.LL_RCC_PLL_GetMainSource)
    [Anonymous Symbol]                       0x08002374   Section        0  stm32l0xx_ll_rcc.o(.text.LL_RCC_PLL_GetMainSource)
    LL_RCC_PLL_GetMultiplicator              0x08002381   Thumb Code    16  stm32l0xx_ll_rcc.o(.text.LL_RCC_PLL_GetMultiplicator)
    [Anonymous Symbol]                       0x08002380   Section        0  stm32l0xx_ll_rcc.o(.text.LL_RCC_PLL_GetMultiplicator)
    LL_RCC_ReleaseBackupDomainReset          0x0800238d   Thumb Code    20  main.o(.text.LL_RCC_ReleaseBackupDomainReset)
    [Anonymous Symbol]                       0x0800238c   Section        0  main.o(.text.LL_RCC_ReleaseBackupDomainReset)
    LL_RCC_SetAHBPrescaler                   0x0800239d   Thumb Code    32  main.o(.text.LL_RCC_SetAHBPrescaler)
    [Anonymous Symbol]                       0x0800239c   Section        0  main.o(.text.LL_RCC_SetAHBPrescaler)
    LL_RCC_SetAPB1Prescaler                  0x080023b9   Thumb Code    32  main.o(.text.LL_RCC_SetAPB1Prescaler)
    [Anonymous Symbol]                       0x080023b8   Section        0  main.o(.text.LL_RCC_SetAPB1Prescaler)
    LL_RCC_SetAPB2Prescaler                  0x080023d5   Thumb Code    32  main.o(.text.LL_RCC_SetAPB2Prescaler)
    [Anonymous Symbol]                       0x080023d4   Section        0  main.o(.text.LL_RCC_SetAPB2Prescaler)
    LL_RCC_SetRTCClockSource                 0x080023f1   Thumb Code    32  main.o(.text.LL_RCC_SetRTCClockSource)
    [Anonymous Symbol]                       0x080023f0   Section        0  main.o(.text.LL_RCC_SetRTCClockSource)
    __arm_cp.25_0                            0x0800240c   Number         4  main.o(.text.LL_RCC_SetRTCClockSource)
    LL_RCC_SetSysClkSource                   0x08002411   Thumb Code    32  main.o(.text.LL_RCC_SetSysClkSource)
    [Anonymous Symbol]                       0x08002410   Section        0  main.o(.text.LL_RCC_SetSysClkSource)
    __arm_cp.30_0                            0x0800242c   Number         4  main.o(.text.LL_RCC_SetSysClkSource)
    LL_RCC_SetUSARTClockSource               0x08002431   Thumb Code    36  main.o(.text.LL_RCC_SetUSARTClockSource)
    [Anonymous Symbol]                       0x08002430   Section        0  main.o(.text.LL_RCC_SetUSARTClockSource)
    __arm_cp.33_0                            0x08002450   Number         4  main.o(.text.LL_RCC_SetUSARTClockSource)
    LL_RTC_ALMA_Disable                      0x08002455   Thumb Code    24  timers.o(.text.LL_RTC_ALMA_Disable)
    [Anonymous Symbol]                       0x08002454   Section        0  timers.o(.text.LL_RTC_ALMA_Disable)
    LL_RTC_ALMA_Enable                       0x0800246d   Thumb Code    24  timers.o(.text.LL_RTC_ALMA_Enable)
    [Anonymous Symbol]                       0x0800246c   Section        0  timers.o(.text.LL_RTC_ALMA_Enable)
    LL_RTC_ALMA_SetMask                      0x08002485   Thumb Code    40  timers.o(.text.LL_RTC_ALMA_SetMask)
    [Anonymous Symbol]                       0x08002484   Section        0  timers.o(.text.LL_RTC_ALMA_SetMask)
    __arm_cp.7_0                             0x080024a8   Number         4  timers.o(.text.LL_RTC_ALMA_SetMask)
    LL_RTC_ALMA_SetSecond                    0x080024ad   Thumb Code    36  timers.o(.text.LL_RTC_ALMA_SetSecond)
    [Anonymous Symbol]                       0x080024ac   Section        0  timers.o(.text.LL_RTC_ALMA_SetSecond)
    LL_RTC_ClearFlag_RS                      0x080024d1   Thumb Code    30  stm32l0xx_ll_rtc.o(.text.LL_RTC_ClearFlag_RS)
    [Anonymous Symbol]                       0x080024d0   Section        0  stm32l0xx_ll_rtc.o(.text.LL_RTC_ClearFlag_RS)
    LL_RTC_DATE_Config                       0x080024f1   Thumb Code    88  stm32l0xx_ll_rtc.o(.text.LL_RTC_DATE_Config)
    [Anonymous Symbol]                       0x080024f0   Section        0  stm32l0xx_ll_rtc.o(.text.LL_RTC_DATE_Config)
    __arm_cp.17_0                            0x08002544   Number         4  stm32l0xx_ll_rtc.o(.text.LL_RTC_DATE_Config)
    LL_RTC_DATE_GetDay                       0x08002549   Thumb Code    26  comport.o(.text.LL_RTC_DATE_GetDay)
    [Anonymous Symbol]                       0x08002548   Section        0  comport.o(.text.LL_RTC_DATE_GetDay)
    LL_RTC_DATE_GetDay                       0x08002563   Thumb Code    26  timers.o(.text.LL_RTC_DATE_GetDay)
    [Anonymous Symbol]                       0x08002562   Section        0  timers.o(.text.LL_RTC_DATE_GetDay)
    LL_RTC_DATE_GetMonth                     0x0800257d   Thumb Code    30  comport.o(.text.LL_RTC_DATE_GetMonth)
    [Anonymous Symbol]                       0x0800257c   Section        0  comport.o(.text.LL_RTC_DATE_GetMonth)
    LL_RTC_DATE_GetMonth                     0x0800259b   Thumb Code    30  timers.o(.text.LL_RTC_DATE_GetMonth)
    [Anonymous Symbol]                       0x0800259a   Section        0  timers.o(.text.LL_RTC_DATE_GetMonth)
    LL_RTC_DATE_GetWeekDay                   0x080025b9   Thumb Code    20  comport.o(.text.LL_RTC_DATE_GetWeekDay)
    [Anonymous Symbol]                       0x080025b8   Section        0  comport.o(.text.LL_RTC_DATE_GetWeekDay)
    LL_RTC_DATE_GetWeekDay                   0x080025cd   Thumb Code    20  timers.o(.text.LL_RTC_DATE_GetWeekDay)
    [Anonymous Symbol]                       0x080025cc   Section        0  timers.o(.text.LL_RTC_DATE_GetWeekDay)
    LL_RTC_DATE_GetYear                      0x080025e1   Thumb Code    28  comport.o(.text.LL_RTC_DATE_GetYear)
    [Anonymous Symbol]                       0x080025e0   Section        0  comport.o(.text.LL_RTC_DATE_GetYear)
    LL_RTC_DATE_GetYear                      0x080025fd   Thumb Code    28  timers.o(.text.LL_RTC_DATE_GetYear)
    [Anonymous Symbol]                       0x080025fc   Section        0  timers.o(.text.LL_RTC_DATE_GetYear)
    [Anonymous Symbol]                       0x08002618   Section        0  stm32l0xx_ll_rtc.o(.text.LL_RTC_DATE_Init)
    __arm_cp.16_0                            0x08002724   Number         4  stm32l0xx_ll_rtc.o(.text.LL_RTC_DATE_Init)
    LL_RTC_DisableInitMode                   0x08002729   Thumb Code    20  stm32l0xx_ll_rtc.o(.text.LL_RTC_DisableInitMode)
    [Anonymous Symbol]                       0x08002728   Section        0  stm32l0xx_ll_rtc.o(.text.LL_RTC_DisableInitMode)
    LL_RTC_DisableWriteProtection            0x0800273d   Thumb Code    24  timers.o(.text.LL_RTC_DisableWriteProtection)
    [Anonymous Symbol]                       0x0800273c   Section        0  timers.o(.text.LL_RTC_DisableWriteProtection)
    LL_RTC_DisableWriteProtection            0x08002755   Thumb Code    24  stm32l0xx_ll_rtc.o(.text.LL_RTC_DisableWriteProtection)
    [Anonymous Symbol]                       0x08002754   Section        0  stm32l0xx_ll_rtc.o(.text.LL_RTC_DisableWriteProtection)
    LL_RTC_EnableInitMode                    0x0800276d   Thumb Code    20  stm32l0xx_ll_rtc.o(.text.LL_RTC_EnableInitMode)
    [Anonymous Symbol]                       0x0800276c   Section        0  stm32l0xx_ll_rtc.o(.text.LL_RTC_EnableInitMode)
    LL_RTC_EnableWriteProtection             0x08002781   Thumb Code    18  timers.o(.text.LL_RTC_EnableWriteProtection)
    [Anonymous Symbol]                       0x08002780   Section        0  timers.o(.text.LL_RTC_EnableWriteProtection)
    LL_RTC_EnableWriteProtection             0x08002793   Thumb Code    18  stm32l0xx_ll_rtc.o(.text.LL_RTC_EnableWriteProtection)
    [Anonymous Symbol]                       0x08002792   Section        0  stm32l0xx_ll_rtc.o(.text.LL_RTC_EnableWriteProtection)
    [Anonymous Symbol]                       0x080027a4   Section        0  stm32l0xx_ll_rtc.o(.text.LL_RTC_EnterInitMode)
    LL_RTC_GetHourFormat                     0x0800282f   Thumb Code    20  stm32l0xx_ll_rtc.o(.text.LL_RTC_GetHourFormat)
    [Anonymous Symbol]                       0x0800282e   Section        0  stm32l0xx_ll_rtc.o(.text.LL_RTC_GetHourFormat)
    [Anonymous Symbol]                       0x08002842   Section        0  stm32l0xx_ll_rtc.o(.text.LL_RTC_Init)
    LL_RTC_IsActiveFlag_INIT                 0x080028a5   Thumb Code    22  stm32l0xx_ll_rtc.o(.text.LL_RTC_IsActiveFlag_INIT)
    [Anonymous Symbol]                       0x080028a4   Section        0  stm32l0xx_ll_rtc.o(.text.LL_RTC_IsActiveFlag_INIT)
    LL_RTC_IsActiveFlag_RS                   0x080028bb   Thumb Code    22  stm32l0xx_ll_rtc.o(.text.LL_RTC_IsActiveFlag_RS)
    [Anonymous Symbol]                       0x080028ba   Section        0  stm32l0xx_ll_rtc.o(.text.LL_RTC_IsActiveFlag_RS)
    LL_RTC_IsShadowRegBypassEnabled          0x080028d1   Thumb Code    22  stm32l0xx_ll_rtc.o(.text.LL_RTC_IsShadowRegBypassEnabled)
    [Anonymous Symbol]                       0x080028d0   Section        0  stm32l0xx_ll_rtc.o(.text.LL_RTC_IsShadowRegBypassEnabled)
    LL_RTC_SetAsynchPrescaler                0x080028e7   Thumb Code    38  stm32l0xx_ll_rtc.o(.text.LL_RTC_SetAsynchPrescaler)
    [Anonymous Symbol]                       0x080028e6   Section        0  stm32l0xx_ll_rtc.o(.text.LL_RTC_SetAsynchPrescaler)
    LL_RTC_SetHourFormat                     0x0800290d   Thumb Code    34  stm32l0xx_ll_rtc.o(.text.LL_RTC_SetHourFormat)
    [Anonymous Symbol]                       0x0800290c   Section        0  stm32l0xx_ll_rtc.o(.text.LL_RTC_SetHourFormat)
    LL_RTC_SetSynchPrescaler                 0x08002931   Thumb Code    40  stm32l0xx_ll_rtc.o(.text.LL_RTC_SetSynchPrescaler)
    [Anonymous Symbol]                       0x08002930   Section        0  stm32l0xx_ll_rtc.o(.text.LL_RTC_SetSynchPrescaler)
    __arm_cp.7_0                             0x08002954   Number         4  stm32l0xx_ll_rtc.o(.text.LL_RTC_SetSynchPrescaler)
    LL_RTC_TIME_Config                       0x08002959   Thumb Code    84  stm32l0xx_ll_rtc.o(.text.LL_RTC_TIME_Config)
    [Anonymous Symbol]                       0x08002958   Section        0  stm32l0xx_ll_rtc.o(.text.LL_RTC_TIME_Config)
    __arm_cp.13_0                            0x080029a8   Number         4  stm32l0xx_ll_rtc.o(.text.LL_RTC_TIME_Config)
    LL_RTC_TIME_GetFormat                    0x080029ad   Thumb Code    22  timers.o(.text.LL_RTC_TIME_GetFormat)
    [Anonymous Symbol]                       0x080029ac   Section        0  timers.o(.text.LL_RTC_TIME_GetFormat)
    LL_RTC_TIME_GetHour                      0x080029c3   Thumb Code    30  comport.o(.text.LL_RTC_TIME_GetHour)
    [Anonymous Symbol]                       0x080029c2   Section        0  comport.o(.text.LL_RTC_TIME_GetHour)
    LL_RTC_TIME_GetHour                      0x080029e1   Thumb Code    30  timers.o(.text.LL_RTC_TIME_GetHour)
    [Anonymous Symbol]                       0x080029e0   Section        0  timers.o(.text.LL_RTC_TIME_GetHour)
    LL_RTC_TIME_GetMinute                    0x080029ff   Thumb Code    30  comport.o(.text.LL_RTC_TIME_GetMinute)
    [Anonymous Symbol]                       0x080029fe   Section        0  comport.o(.text.LL_RTC_TIME_GetMinute)
    LL_RTC_TIME_GetMinute                    0x08002a1d   Thumb Code    30  timers.o(.text.LL_RTC_TIME_GetMinute)
    [Anonymous Symbol]                       0x08002a1c   Section        0  timers.o(.text.LL_RTC_TIME_GetMinute)
    LL_RTC_TIME_GetSecond                    0x08002a3b   Thumb Code    26  comport.o(.text.LL_RTC_TIME_GetSecond)
    [Anonymous Symbol]                       0x08002a3a   Section        0  comport.o(.text.LL_RTC_TIME_GetSecond)
    LL_RTC_TIME_GetSecond                    0x08002a55   Thumb Code    26  timers.o(.text.LL_RTC_TIME_GetSecond)
    [Anonymous Symbol]                       0x08002a54   Section        0  timers.o(.text.LL_RTC_TIME_GetSecond)
    [Anonymous Symbol]                       0x08002a70   Section        0  stm32l0xx_ll_rtc.o(.text.LL_RTC_TIME_Init)
    __arm_cp.11_0                            0x08002b88   Number         4  stm32l0xx_ll_rtc.o(.text.LL_RTC_TIME_Init)
    [Anonymous Symbol]                       0x08002b8c   Section        0  stm32l0xx_ll_rtc.o(.text.LL_RTC_WaitForSynchro)
    [Anonymous Symbol]                       0x08002c7c   Section        0  stm32l0xx_ll_spi.o(.text.LL_SPI_Init)
    __arm_cp.5_0                             0x08002d18   Number         4  stm32l0xx_ll_spi.o(.text.LL_SPI_Init)
    LL_SPI_IsEnabled                         0x08002d1d   Thumb Code    22  stm32l0xx_ll_spi.o(.text.LL_SPI_IsEnabled)
    [Anonymous Symbol]                       0x08002d1c   Section        0  stm32l0xx_ll_spi.o(.text.LL_SPI_IsEnabled)
    LL_SPI_ReceiveData8                      0x08002d33   Thumb Code    18  gps.o(.text.LL_SPI_ReceiveData8)
    [Anonymous Symbol]                       0x08002d32   Section        0  gps.o(.text.LL_SPI_ReceiveData8)
    LL_SPI_SetCRCPolynomial                  0x08002d45   Thumb Code    26  stm32l0xx_ll_spi.o(.text.LL_SPI_SetCRCPolynomial)
    [Anonymous Symbol]                       0x08002d44   Section        0  stm32l0xx_ll_spi.o(.text.LL_SPI_SetCRCPolynomial)
    LL_SPI_SetStandard                       0x08002d5f   Thumb Code    34  main.o(.text.LL_SPI_SetStandard)
    [Anonymous Symbol]                       0x08002d5e   Section        0  main.o(.text.LL_SPI_SetStandard)
    LL_SPI_TransmitData8                     0x08002d81   Thumb Code    32  gps.o(.text.LL_SPI_TransmitData8)
    [Anonymous Symbol]                       0x08002d80   Section        0  gps.o(.text.LL_SPI_TransmitData8)
    LL_SYSTICK_IsActiveCounterFlag           0x08002da1   Thumb Code    20  stm32l0xx_ll_rtc.o(.text.LL_SYSTICK_IsActiveCounterFlag)
    [Anonymous Symbol]                       0x08002da0   Section        0  stm32l0xx_ll_rtc.o(.text.LL_SYSTICK_IsActiveCounterFlag)
    LL_SYSTICK_SetClkSource                  0x08002db1   Thumb Code    48  main.o(.text.LL_SYSTICK_SetClkSource)
    [Anonymous Symbol]                       0x08002db0   Section        0  main.o(.text.LL_SYSTICK_SetClkSource)
    __arm_cp.32_0                            0x08002ddc   Number         4  main.o(.text.LL_SYSTICK_SetClkSource)
    [Anonymous Symbol]                       0x08002de0   Section        0  stm32l0xx_ll_utils.o(.text.LL_SetSystemCoreClock)
    __arm_cp.3_0                             0x08002df4   Number         4  stm32l0xx_ll_utils.o(.text.LL_SetSystemCoreClock)
    LL_TIM_DisableARRPreload                 0x08002df9   Thumb Code    22  main.o(.text.LL_TIM_DisableARRPreload)
    [Anonymous Symbol]                       0x08002df8   Section        0  main.o(.text.LL_TIM_DisableARRPreload)
    LL_TIM_DisableMasterSlaveMode            0x08002e0f   Thumb Code    22  main.o(.text.LL_TIM_DisableMasterSlaveMode)
    [Anonymous Symbol]                       0x08002e0e   Section        0  main.o(.text.LL_TIM_DisableMasterSlaveMode)
    LL_TIM_GenerateEvent_UPDATE              0x08002e25   Thumb Code    22  stm32l0xx_ll_tim.o(.text.LL_TIM_GenerateEvent_UPDATE)
    [Anonymous Symbol]                       0x08002e24   Section        0  stm32l0xx_ll_tim.o(.text.LL_TIM_GenerateEvent_UPDATE)
    [Anonymous Symbol]                       0x08002e3c   Section        0  stm32l0xx_ll_tim.o(.text.LL_TIM_Init)
    __arm_cp.6_0                             0x08002ef0   Number         4  stm32l0xx_ll_tim.o(.text.LL_TIM_Init)
    __arm_cp.6_1                             0x08002ef4   Number         4  stm32l0xx_ll_tim.o(.text.LL_TIM_Init)
    __arm_cp.6_2                             0x08002ef8   Number         4  stm32l0xx_ll_tim.o(.text.LL_TIM_Init)
    LL_TIM_SetAutoReload                     0x08002efd   Thumb Code    24  stm32l0xx_ll_tim.o(.text.LL_TIM_SetAutoReload)
    [Anonymous Symbol]                       0x08002efc   Section        0  stm32l0xx_ll_tim.o(.text.LL_TIM_SetAutoReload)
    LL_TIM_SetClockSource                    0x08002f15   Thumb Code    40  main.o(.text.LL_TIM_SetClockSource)
    [Anonymous Symbol]                       0x08002f14   Section        0  main.o(.text.LL_TIM_SetClockSource)
    __arm_cp.39_0                            0x08002f38   Number         4  main.o(.text.LL_TIM_SetClockSource)
    LL_TIM_SetPrescaler                      0x08002f3d   Thumb Code    24  stm32l0xx_ll_tim.o(.text.LL_TIM_SetPrescaler)
    [Anonymous Symbol]                       0x08002f3c   Section        0  stm32l0xx_ll_tim.o(.text.LL_TIM_SetPrescaler)
    LL_TIM_SetTriggerOutput                  0x08002f55   Thumb Code    34  main.o(.text.LL_TIM_SetTriggerOutput)
    [Anonymous Symbol]                       0x08002f54   Section        0  main.o(.text.LL_TIM_SetTriggerOutput)
    LL_USART_ConfigAsyncMode                 0x08002f77   Thumb Code    34  main.o(.text.LL_USART_ConfigAsyncMode)
    [Anonymous Symbol]                       0x08002f76   Section        0  main.o(.text.LL_USART_ConfigAsyncMode)
    LL_USART_Disable                         0x08002f99   Thumb Code    22  main.o(.text.LL_USART_Disable)
    [Anonymous Symbol]                       0x08002f98   Section        0  main.o(.text.LL_USART_Disable)
    LL_USART_DisableOverrunDetect            0x08002faf   Thumb Code    24  main.o(.text.LL_USART_DisableOverrunDetect)
    [Anonymous Symbol]                       0x08002fae   Section        0  main.o(.text.LL_USART_DisableOverrunDetect)
    LL_USART_Enable                          0x08002fc7   Thumb Code    22  main.o(.text.LL_USART_Enable)
    [Anonymous Symbol]                       0x08002fc6   Section        0  main.o(.text.LL_USART_Enable)
    [Anonymous Symbol]                       0x08002fdc   Section        0  stm32l0xx_ll_usart.o(.text.LL_USART_Init)
    __arm_cp.5_0                             0x080030c8   Number         4  stm32l0xx_ll_usart.o(.text.LL_USART_Init)
    __arm_cp.5_2                             0x080030cc   Number         4  stm32l0xx_ll_usart.o(.text.LL_USART_Init)
    __arm_cp.5_4                             0x080030d0   Number         4  stm32l0xx_ll_usart.o(.text.LL_USART_Init)
    LL_USART_IsEnabled                       0x080030d5   Thumb Code    20  stm32l0xx_ll_usart.o(.text.LL_USART_IsEnabled)
    [Anonymous Symbol]                       0x080030d4   Section        0  stm32l0xx_ll_usart.o(.text.LL_USART_IsEnabled)
    LL_USART_SetBaudRate                     0x080030e9   Thumb Code   116  stm32l0xx_ll_usart.o(.text.LL_USART_SetBaudRate)
    [Anonymous Symbol]                       0x080030e8   Section        0  stm32l0xx_ll_usart.o(.text.LL_USART_SetBaudRate)
    __arm_cp.9_0                             0x08003158   Number         4  stm32l0xx_ll_usart.o(.text.LL_USART_SetBaudRate)
    LL_USART_SetHWFlowCtrl                   0x0800315d   Thumb Code    36  stm32l0xx_ll_usart.o(.text.LL_USART_SetHWFlowCtrl)
    [Anonymous Symbol]                       0x0800315c   Section        0  stm32l0xx_ll_usart.o(.text.LL_USART_SetHWFlowCtrl)
    LL_USART_SetStopBitsLength               0x08003181   Thumb Code    36  stm32l0xx_ll_usart.o(.text.LL_USART_SetStopBitsLength)
    [Anonymous Symbol]                       0x08003180   Section        0  stm32l0xx_ll_usart.o(.text.LL_USART_SetStopBitsLength)
    LL_USART_TransmitData8                   0x080031a5   Thumb Code    26  comport.o(.text.LL_USART_TransmitData8)
    [Anonymous Symbol]                       0x080031a4   Section        0  comport.o(.text.LL_USART_TransmitData8)
    LL_USART_TransmitData8                   0x080031bf   Thumb Code    26  gps.o(.text.LL_USART_TransmitData8)
    [Anonymous Symbol]                       0x080031be   Section        0  gps.o(.text.LL_USART_TransmitData8)
    [Anonymous Symbol]                       0x080031d8   Section        0  lowpower.o(.text.LPM_gpioInit)
    __arm_cp.2_1                             0x0800327c   Number         4  lowpower.o(.text.LPM_gpioInit)
    __arm_cp.2_2                             0x08003280   Number         4  lowpower.o(.text.LPM_gpioInit)
    [Anonymous Symbol]                       0x08003284   Section        0  lowpower.o(.text.LPM_stop)
    __arm_cp.1_1                             0x080032d0   Number         4  lowpower.o(.text.LPM_stop)
    __arm_cp.1_2                             0x080032d4   Number         4  lowpower.o(.text.LPM_stop)
    __arm_cp.1_3                             0x080032d8   Number         4  lowpower.o(.text.LPM_stop)
    __arm_cp.1_4                             0x080032dc   Number         4  lowpower.o(.text.LPM_stop)
    __arm_cp.1_5                             0x080032e0   Number         4  lowpower.o(.text.LPM_stop)
    MX_GPIO_Init                             0x080032e5   Thumb Code   324  main.o(.text.MX_GPIO_Init)
    [Anonymous Symbol]                       0x080032e4   Section        0  main.o(.text.MX_GPIO_Init)
    __arm_cp.4_0                             0x08003424   Number         4  main.o(.text.MX_GPIO_Init)
    MX_RTC_Init                              0x08003429   Thumb Code   136  main.o(.text.MX_RTC_Init)
    [Anonymous Symbol]                       0x08003428   Section        0  main.o(.text.MX_RTC_Init)
    __arm_cp.5_0                             0x080034ac   Number         4  main.o(.text.MX_RTC_Init)
    MX_SPI1_Init                             0x080034b1   Thumb Code   272  main.o(.text.MX_SPI1_Init)
    [Anonymous Symbol]                       0x080034b0   Section        0  main.o(.text.MX_SPI1_Init)
    __arm_cp.6_0                             0x080035bc   Number         4  main.o(.text.MX_SPI1_Init)
    MX_TIM2_Init                             0x080035c1   Thumb Code   108  main.o(.text.MX_TIM2_Init)
    [Anonymous Symbol]                       0x080035c0   Section        0  main.o(.text.MX_TIM2_Init)
    MX_USART1_UART_Init                      0x0800362d   Thumb Code   224  main.o(.text.MX_USART1_UART_Init)
    [Anonymous Symbol]                       0x0800362c   Section        0  main.o(.text.MX_USART1_UART_Init)
    __arm_cp.8_0                             0x08003708   Number         4  main.o(.text.MX_USART1_UART_Init)
    [Anonymous Symbol]                       0x0800370c   Section        0  stm32l0xx_it.o(.text.NMI_Handler)
    NVIC_EnableIRQ                           0x08003711   Thumb Code    32  main.o(.text.NVIC_EnableIRQ)
    [Anonymous Symbol]                       0x08003710   Section        0  main.o(.text.NVIC_EnableIRQ)
    __arm_cp.35_0                            0x0800372c   Number         4  main.o(.text.NVIC_EnableIRQ)
    NVIC_SetPriority                         0x08003731   Thumb Code   140  main.o(.text.NVIC_SetPriority)
    [Anonymous Symbol]                       0x08003730   Section        0  main.o(.text.NVIC_SetPriority)
    __arm_cp.34_0                            0x080037b4   Number         4  main.o(.text.NVIC_SetPriority)
    __arm_cp.34_1                            0x080037b8   Number         4  main.o(.text.NVIC_SetPriority)
    [Anonymous Symbol]                       0x080037bc   Section        0  stm32l0xx_it.o(.text.PendSV_Handler)
    [Anonymous Symbol]                       0x080037c0   Section        0  stm32l0xx_ll_rcc.o(.text.RCC_GetHCLKClockFreq)
    __arm_cp.11_0                            0x080037e4   Number         4  stm32l0xx_ll_rcc.o(.text.RCC_GetHCLKClockFreq)
    [Anonymous Symbol]                       0x080037e8   Section        0  stm32l0xx_ll_rcc.o(.text.RCC_GetPCLK1ClockFreq)
    [Anonymous Symbol]                       0x0800380c   Section        0  stm32l0xx_ll_rcc.o(.text.RCC_GetPCLK2ClockFreq)
    __arm_cp.13_0                            0x08003830   Number         4  stm32l0xx_ll_rcc.o(.text.RCC_GetPCLK2ClockFreq)
    [Anonymous Symbol]                       0x08003834   Section        0  stm32l0xx_ll_rcc.o(.text.RCC_GetSystemClockFreq)
    [Anonymous Symbol]                       0x080038b0   Section        0  stm32l0xx_ll_rcc.o(.text.RCC_PLL_GetFreqDomain_SYS)
    __arm_cp.28_0                            0x08003908   Number         4  stm32l0xx_ll_rcc.o(.text.RCC_PLL_GetFreqDomain_SYS)
    __arm_cp.28_1                            0x0800390c   Number         4  stm32l0xx_ll_rcc.o(.text.RCC_PLL_GetFreqDomain_SYS)
    __arm_cp.28_2                            0x08003910   Number         4  stm32l0xx_ll_rcc.o(.text.RCC_PLL_GetFreqDomain_SYS)
    __arm_cp.28_3                            0x08003914   Number         4  stm32l0xx_ll_rcc.o(.text.RCC_PLL_GetFreqDomain_SYS)
    [Anonymous Symbol]                       0x08003918   Section        0  stm32l0xx_it.o(.text.RTC_IRQHandler)
    __arm_cp.5_0                             0x08003944   Number         4  stm32l0xx_it.o(.text.RTC_IRQHandler)
    __arm_cp.5_1                             0x08003948   Number         4  stm32l0xx_it.o(.text.RTC_IRQHandler)
    __arm_cp.5_2                             0x0800394c   Number         4  stm32l0xx_it.o(.text.RTC_IRQHandler)
    [Anonymous Symbol]                       0x08003950   Section        0  timers.o(.text.RTC_getTimeDate)
    [Anonymous Symbol]                       0x080039b8   Section        0  timers.o(.text.RTC_initAlarm)
    __arm_cp.3_1                             0x08003a0c   Number         4  timers.o(.text.RTC_initAlarm)
    __arm_cp.3_2                             0x08003a10   Number         4  timers.o(.text.RTC_initAlarm)
    __arm_cp.3_3                             0x08003a14   Number         4  timers.o(.text.RTC_initAlarm)
    __arm_cp.3_4                             0x08003a18   Number         4  timers.o(.text.RTC_initAlarm)
    [Anonymous Symbol]                       0x08003a1c   Section        0  timers.o(.text.RTC_setTimeDate)
    __arm_cp.10_0                            0x08003a68   Number         4  timers.o(.text.RTC_setTimeDate)
    [Anonymous Symbol]                       0x08003a6c   Section        0  stm32l0xx_it.o(.text.SPI1_IRQHandler)
    [Anonymous Symbol]                       0x08003a6e   Section        0  stm32l0xx_it.o(.text.SVC_Handler)
    [Anonymous Symbol]                       0x08003a70   Section        0  stm32l0xx_it.o(.text.SysTick_Handler)
    [Anonymous Symbol]                       0x08003a72   Section        0  main.o(.text.SystemClock_Config)
    [Anonymous Symbol]                       0x08003b30   Section        0  system_stm32l0xx.o(.text.SystemInit)
    __arm_cp.0_0                             0x08003b78   Number         4  system_stm32l0xx.o(.text.SystemInit)
    __arm_cp.0_1                             0x08003b7c   Number         4  system_stm32l0xx.o(.text.SystemInit)
    __arm_cp.0_2                             0x08003b80   Number         4  system_stm32l0xx.o(.text.SystemInit)
    __arm_cp.0_3                             0x08003b84   Number         4  system_stm32l0xx.o(.text.SystemInit)
    __arm_cp.0_4                             0x08003b88   Number         4  system_stm32l0xx.o(.text.SystemInit)
    __arm_cp.0_5                             0x08003b8c   Number         4  system_stm32l0xx.o(.text.SystemInit)
    __arm_cp.0_6                             0x08003b90   Number         4  system_stm32l0xx.o(.text.SystemInit)
    [Anonymous Symbol]                       0x08003b94   Section        0  stm32l0xx_it.o(.text.TIM2_IRQHandler)
    [Anonymous Symbol]                       0x08003b98   Section        0  timers.o(.text.TIM2_delay)
    [Anonymous Symbol]                       0x08003bd4   Section        0  timers.o(.text.TIM2_init)
    __arm_cp.0_0                             0x08003bf0   Number         4  timers.o(.text.TIM2_init)
    __arm_cp.0_1                             0x08003bf4   Number         4  timers.o(.text.TIM2_init)
    [Anonymous Symbol]                       0x08003bf8   Section        0  timers.o(.text.TIM2_initDelay_inline)
    __arm_cp.2_0                             0x08003c20   Number         4  timers.o(.text.TIM2_initDelay_inline)
    __arm_cp.2_1                             0x08003c24   Number         4  timers.o(.text.TIM2_initDelay_inline)
    __arm_cp.2_2                             0x08003c28   Number         4  timers.o(.text.TIM2_initDelay_inline)
    [Anonymous Symbol]                       0x08003c2c   Section        0  stm32l0xx_it.o(.text.USART1_IRQHandler)
    __arm_cp.9_0                             0x08003c68   Number         4  stm32l0xx_it.o(.text.USART1_IRQHandler)
    __arm_cp.9_1                             0x08003c6c   Number         4  stm32l0xx_it.o(.text.USART1_IRQHandler)
    __arm_cp.9_2                             0x08003c70   Number         4  stm32l0xx_it.o(.text.USART1_IRQHandler)
    __arm_cp.9_3                             0x08003c74   Number         4  stm32l0xx_it.o(.text.USART1_IRQHandler)
    [Anonymous Symbol]                       0x08003c78   Section        0  stm32l0xx_it.o(.text.USART4_5_IRQHandler)
    [Anonymous Symbol]                       0x08003c7c   Section        0  main.o(.text.main)
    __arm_cp.0_0                             0x08003d80   Number         4  main.o(.text.main)
    __arm_cp.0_2                             0x08003d84   Number         4  main.o(.text.main)
    __arm_cp.0_3                             0x08003d88   Number         4  main.o(.text.main)
    [Anonymous Symbol]                       0x08003d8c   Section        0  scheduler.o(.text.scheduler)
    __arm_cp.0_0                             0x08003f38   Number         4  scheduler.o(.text.scheduler)
    __arm_cp.0_1                             0x08003f3c   Number         4  scheduler.o(.text.scheduler)
    __arm_cp.0_2                             0x08003f40   Number         4  scheduler.o(.text.scheduler)
    __arm_cp.0_3                             0x08003f44   Number         4  scheduler.o(.text.scheduler)
    __arm_cp.0_4                             0x08003f48   Number         4  scheduler.o(.text.scheduler)
    __arm_cp.0_5                             0x08003f4c   Number         4  scheduler.o(.text.scheduler)
    __arm_cp.0_6                             0x08003f50   Number         4  scheduler.o(.text.scheduler)
    i.__0sprintf                             0x08003f54   Section        0  printfa.o(i.__0sprintf)
    i.__ARM_clz                              0x08003f7c   Section        0  depilogue.o(i.__ARM_clz)
    i.__aeabi_errno_addr                     0x08003fac   Section        0  errno.o(i.__aeabi_errno_addr)
    i.__scatterload_copy                     0x08003fb4   Section       14  handlers.o(i.__scatterload_copy)
    i.__scatterload_null                     0x08003fc2   Section        2  handlers.o(i.__scatterload_null)
    i.__scatterload_zeroinit                 0x08003fc4   Section       14  handlers.o(i.__scatterload_zeroinit)
    _fp_digits                               0x08003fd5   Thumb Code   344  printfa.o(i._fp_digits)
    i._fp_digits                             0x08003fd4   Section        0  printfa.o(i._fp_digits)
    _printf_core                             0x08004149   Thumb Code  1754  printfa.o(i._printf_core)
    i._printf_core                           0x08004148   Section        0  printfa.o(i._printf_core)
    _printf_post_padding                     0x08004835   Thumb Code    32  printfa.o(i._printf_post_padding)
    i._printf_post_padding                   0x08004834   Section        0  printfa.o(i._printf_post_padding)
    _printf_pre_padding                      0x08004855   Thumb Code    44  printfa.o(i._printf_pre_padding)
    i._printf_pre_padding                    0x08004854   Section        0  printfa.o(i._printf_pre_padding)
    _sputc                                   0x08004881   Thumb Code    10  printfa.o(i._sputc)
    i._sputc                                 0x08004880   Section        0  printfa.o(i._sputc)
    .constdata                               0x0800488a   Section      129  ctype_o.o(.constdata)
    table                                    0x0800490c   Data           4  ctype_o.o(.constdata)
    .constdata                               0x0800490c   Section        4  ctype_o.o(.constdata)
    .L.str.9                                 0x08004931   Data           5  comport.o(.rodata.str1.1)
    [Anonymous Symbol]                       0x08004931   Section        0  comport.o(.rodata.str1.1)
    .L.str.5                                 0x08004936   Data           5  comport.o(.rodata.str1.1)
    .L.str.6                                 0x0800493b   Data           5  comport.o(.rodata.str1.1)
    .L.str.4                                 0x08004940   Data           5  comport.o(.rodata.str1.1)
    .L.str                                   0x08004945   Data           5  comport.o(.rodata.str1.1)
    .L.str.2                                 0x0800494a   Data           5  comport.o(.rodata.str1.1)
    .L.str.7                                 0x0800494f   Data           5  comport.o(.rodata.str1.1)
    .L.str.3                                 0x08004954   Data           5  comport.o(.rodata.str1.1)
    .L.str.8                                 0x08004959   Data           5  comport.o(.rodata.str1.1)
    .L.str.1                                 0x0800495e   Data           5  comport.o(.rodata.str1.1)
    .L.str.10                                0x08004963   Data          15  comport.o(.rodata.str1.1)
    .L.str                                   0x08004972   Data           2  gps.o(.rodata.str1.1)
    [Anonymous Symbol]                       0x08004972   Section        0  gps.o(.rodata.str1.1)
    state                                    0x20000000   Data           4  strtok.o(.data)
    .data                                    0x20000000   Section        4  strtok.o(.data)
    _errno                                   0x20000004   Data           4  errno.o(.data)
    .data                                    0x20000004   Section        4  errno.o(.data)
    FLASH_readFixes.currAddr                 0x20000008   Data           4  flash.o(.data.FLASH_readFixes.currAddr)
    [Anonymous Symbol]                       0x20000008   Section        0  flash.o(.data.FLASH_readFixes.currAddr)
    STACK                                    0x20000060   Section     1024  startup_stm32l071xx.o(STACK)

    Global Symbols

    Symbol Name                              Value     Ov Type        Size  Object(Section)

    BuildAttributes$$THM_ISAv3M$S$PE$A:L22$X:L11$S22$IEEE1$IW$~IW$USESV6$~STKCKD$USESV7$~SHL$OTIME$ROPI$EBA8$MICROLIB$REQ8$PRES8$EABIv2 0x00000000   Number         0  anon$$obj.o ABSOLUTE
    __cpp_initialize__aeabi_                  - Undefined Weak Reference
    __cxa_finalize                            - Undefined Weak Reference
    __decompress                              - Undefined Weak Reference
    _clock_init                               - Undefined Weak Reference
    _microlib_exit                            - Undefined Weak Reference
    __Vectors_Size                           0x000000c0   Number         0  startup_stm32l071xx.o ABSOLUTE
    __Vectors                                0x08000000   Data           4  startup_stm32l071xx.o(RESET)
    __Vectors_End                            0x080000c0   Data           0  startup_stm32l071xx.o(RESET)
    __main                                   0x080000c1   Thumb Code     0  entry.o(.ARM.Collect$$$$00000000)
    _main_stk                                0x080000c1   Thumb Code     0  entry2.o(.ARM.Collect$$$$00000001)
    _main_scatterload                        0x080000c5   Thumb Code     0  entry5.o(.ARM.Collect$$$$00000004)
    __main_after_scatterload                 0x080000c9   Thumb Code     0  entry5.o(.ARM.Collect$$$$00000004)
    _main_clock                              0x080000c9   Thumb Code     0  entry7b.o(.ARM.Collect$$$$00000008)
    _main_cpp_init                           0x080000c9   Thumb Code     0  entry8b.o(.ARM.Collect$$$$0000000A)
    _main_init                               0x080000c9   Thumb Code     0  entry9a.o(.ARM.Collect$$$$0000000B)
    __rt_final_cpp                           0x080000d1   Thumb Code     0  entry10a.o(.ARM.Collect$$$$0000000D)
    __rt_final_exit                          0x080000d1   Thumb Code     0  entry11a.o(.ARM.Collect$$$$0000000F)
    Reset_Handler                            0x080000d5   Thumb Code     8  startup_stm32l071xx.o(.text)
    ADC1_COMP_IRQHandler                     0x080000e7   Thumb Code     0  startup_stm32l071xx.o(.text)
    DMA1_Channel1_IRQHandler                 0x080000e7   Thumb Code     0  startup_stm32l071xx.o(.text)
    DMA1_Channel2_3_IRQHandler               0x080000e7   Thumb Code     0  startup_stm32l071xx.o(.text)
    DMA1_Channel4_5_6_7_IRQHandler           0x080000e7   Thumb Code     0  startup_stm32l071xx.o(.text)
    EXTI0_1_IRQHandler                       0x080000e7   Thumb Code     0  startup_stm32l071xx.o(.text)
    EXTI2_3_IRQHandler                       0x080000e7   Thumb Code     0  startup_stm32l071xx.o(.text)
    EXTI4_15_IRQHandler                      0x080000e7   Thumb Code     0  startup_stm32l071xx.o(.text)
    FLASH_IRQHandler                         0x080000e7   Thumb Code     0  startup_stm32l071xx.o(.text)
    I2C1_IRQHandler                          0x080000e7   Thumb Code     0  startup_stm32l071xx.o(.text)
    I2C2_IRQHandler                          0x080000e7   Thumb Code     0  startup_stm32l071xx.o(.text)
    I2C3_IRQHandler                          0x080000e7   Thumb Code     0  startup_stm32l071xx.o(.text)
    LPTIM1_IRQHandler                        0x080000e7   Thumb Code     0  startup_stm32l071xx.o(.text)
    LPUART1_IRQHandler                       0x080000e7   Thumb Code     0  startup_stm32l071xx.o(.text)
    PVD_IRQHandler                           0x080000e7   Thumb Code     0  startup_stm32l071xx.o(.text)
    RCC_IRQHandler                           0x080000e7   Thumb Code     0  startup_stm32l071xx.o(.text)
    SPI2_IRQHandler                          0x080000e7   Thumb Code     0  startup_stm32l071xx.o(.text)
    TIM21_IRQHandler                         0x080000e7   Thumb Code     0  startup_stm32l071xx.o(.text)
    TIM22_IRQHandler                         0x080000e7   Thumb Code     0  startup_stm32l071xx.o(.text)
    TIM3_IRQHandler                          0x080000e7   Thumb Code     0  startup_stm32l071xx.o(.text)
    TIM6_IRQHandler                          0x080000e7   Thumb Code     0  startup_stm32l071xx.o(.text)
    TIM7_IRQHandler                          0x080000e7   Thumb Code     0  startup_stm32l071xx.o(.text)
    USART2_IRQHandler                        0x080000e7   Thumb Code     0  startup_stm32l071xx.o(.text)
    WWDG_IRQHandler                          0x080000e7   Thumb Code     0  startup_stm32l071xx.o(.text)
    __aeabi_uidiv                            0x080000f1   Thumb Code     0  uidiv.o(.text)
    __aeabi_uidivmod                         0x080000f1   Thumb Code    44  uidiv.o(.text)
    __aeabi_idiv                             0x0800011d   Thumb Code     0  idiv.o(.text)
    __aeabi_idivmod                          0x0800011d   Thumb Code    40  idiv.o(.text)
    __aeabi_memset                           0x08000145   Thumb Code    14  memseta.o(.text)
    __aeabi_memset4                          0x08000145   Thumb Code     0  memseta.o(.text)
    __aeabi_memset8                          0x08000145   Thumb Code     0  memseta.o(.text)
    __aeabi_memclr                           0x08000153   Thumb Code     4  memseta.o(.text)
    __aeabi_memclr4                          0x08000153   Thumb Code     0  memseta.o(.text)
    __aeabi_memclr8                          0x08000153   Thumb Code     0  memseta.o(.text)
    _memset$wrapper                          0x08000157   Thumb Code    18  memseta.o(.text)
    strncpy                                  0x08000169   Thumb Code    26  strncpy.o(.text)
    strlen                                   0x08000183   Thumb Code    14  strlen.o(.text)
    strcmp                                   0x08000191   Thumb Code    28  strcmp.o(.text)
    strtok                                   0x080001ad   Thumb Code    68  strtok.o(.text)
    atoi                                     0x080001f5   Thumb Code    26  atoi.o(.text)
    __aeabi_fcmple                           0x0800020f   Thumb Code    28  fcmple.o(.text)
    __aeabi_fcmpgt                           0x0800022b   Thumb Code    28  fcmpgt.o(.text)
    __aeabi_i2f                              0x08000247   Thumb Code    22  fflti.o(.text)
    __aeabi_uldivmod                         0x0800025d   Thumb Code    96  uldiv.o(.text)
    strtol                                   0x080002bd   Thumb Code   108  strtol.o(.text)
    __I$use$fp                               0x0800032d   Thumb Code     0  iusefp.o(.text)
    _float_round                             0x0800032d   Thumb Code    16  fepilogue.o(.text)
    _float_epilogue                          0x0800033d   Thumb Code   114  fepilogue.o(.text)
    __aeabi_dadd                             0x080003b1   Thumb Code   328  dadd.o(.text)
    __aeabi_dsub                             0x080004f9   Thumb Code    12  dadd.o(.text)
    __aeabi_drsub                            0x08000505   Thumb Code    12  dadd.o(.text)
    __aeabi_dmul                             0x08000515   Thumb Code   202  dmul.o(.text)
    __aeabi_ddiv                             0x080005e5   Thumb Code   234  ddiv.o(.text)
    __aeabi_d2ulz                            0x080006d5   Thumb Code    54  dfixul.o(.text)
    __aeabi_cdrcmple                         0x08000715   Thumb Code    38  cdrcmple.o(.text)
    __scatterload                            0x0800073d   Thumb Code    28  init.o(.text)
    __scatterload_rt2                        0x0800073d   Thumb Code     0  init.o(.text)
    __aeabi_llsl                             0x08000761   Thumb Code    32  llshl.o(.text)
    _ll_shift_l                              0x08000761   Thumb Code     0  llshl.o(.text)
    __aeabi_llsr                             0x08000781   Thumb Code    34  llushr.o(.text)
    _ll_ushift_r                             0x08000781   Thumb Code     0  llushr.o(.text)
    __aeabi_lasr                             0x080007a3   Thumb Code    38  llsshr.o(.text)
    _ll_sshift_r                             0x080007a3   Thumb Code     0  llsshr.o(.text)
    __rt_ctype_table                         0x080007c9   Thumb Code     4  ctype_o.o(.text)
    _strtoul                                 0x080007d1   Thumb Code   166  _strtoul.o(.text)
    _double_round                            0x08000877   Thumb Code    26  depilogue.o(.text)
    _double_epilogue                         0x08000891   Thumb Code   164  depilogue.o(.text)
    _chval                                   0x08000935   Thumb Code    30  _chval.o(.text)
    CC_CheckForHandshake                     0x08000955   Thumb Code   184  comport.o(.text.CC_CheckForHandshake)
    CC_ComPortPresent                        0x08000a01   Thumb Code     4  comport.o(.text.CC_ComPortPresent)
    CC_DownloadFixes                         0x08000a05   Thumb Code   282  comport.o(.text.CC_DownloadFixes)
    CC_ExecuteCommand                        0x08000b21   Thumb Code   104  comport.o(.text.CC_ExecuteCommand)
    CC_ParseCommand                          0x08000b89   Thumb Code   404  comport.o(.text.CC_ParseCommand)
    CC_ReadProgram                           0x08000d19   Thumb Code    52  comport.o(.text.CC_ReadProgram)
    CC_SendByte                              0x08000d49   Thumb Code    60  comport.o(.text.CC_SendByte)
    CC_SendData                              0x08000d85   Thumb Code    64  comport.o(.text.CC_SendData)
    CC_SendTimestamp                         0x08000dc5   Thumb Code   160  comport.o(.text.CC_SendTimestamp)
    CC_SetProgram                            0x08000e5d   Thumb Code   300  comport.o(.text.CC_SetProgram)
    CC_SetRTC                                0x08000f85   Thumb Code   444  comport.o(.text.CC_SetRTC)
    EEPROM_WriteByte                         0x08001141   Thumb Code    34  flash.o(.text.EEPROM_WriteByte)
    EEPROM_WriteData                         0x08001163   Thumb Code    96  flash.o(.text.EEPROM_WriteData)
    Error_Handler                            0x080011c3   Thumb Code     2  main.o(.text.Error_Handler)
    FLASH_Lock                               0x080011c5   Thumb Code    40  flash.o(.text.FLASH_Lock)
    FLASH_ReadData                           0x080011e5   Thumb Code    78  flash.o(.text.FLASH_ReadData)
    FLASH_Unlock                             0x08001235   Thumb Code    60  flash.o(.text.FLASH_Unlock)
    FLASH_erasePage                          0x0800126d   Thumb Code   104  flash.o(.text.FLASH_erasePage)
    FLASH_initDataStorage                    0x080012d1   Thumb Code    84  flash.o(.text.FLASH_initDataStorage)
    FLASH_readFixes                          0x0800131d   Thumb Code   140  flash.o(.text.FLASH_readFixes)
    FLASH_saveFix                            0x080013a1   Thumb Code   412  flash.o(.text.FLASH_saveFix)
    FLASH_unlockPrgm                         0x0800153d   Thumb Code    72  flash.o(.text.FLASH_unlockPrgm)
    FLASH_writeWord                          0x08001585   Thumb Code   100  flash.o(.text.FLASH_writeWord)
    GPS_GPSCSHigh                            0x080015e9   Thumb Code    20  gps.o(.text.GPS_GPSCSHigh)
    GPS_GPSCSLow                             0x080015f9   Thumb Code    20  gps.o(.text.GPS_GPSCSLow)
    GPS_GPSDisable                           0x0800160d   Thumb Code    16  gps.o(.text.GPS_GPSDisable)
    GPS_GPSEnable                            0x08001619   Thumb Code    16  gps.o(.text.GPS_GPSEnable)
    GPS_UBX_enablePUBX_Position              0x08001629   Thumb Code   104  gps.o(.text.GPS_UBX_enablePUBX_Position)
    GPS_getNMEA                              0x08001689   Thumb Code   936  gps.o(.text.GPS_getNMEA)
    GPS_subroutine                           0x08001a31   Thumb Code   816  gps.o(.text.GPS_subroutine)
    HardFault_Handler                        0x08001d61   Thumb Code     4  stm32l0xx_it.o(.text.HardFault_Handler)
    LL_GPIO_Init                             0x08001de1   Thumb Code   222  stm32l0xx_ll_gpio.o(.text.LL_GPIO_Init)
    LL_Init1msTick                           0x08002039   Thumb Code    26  stm32l0xx_ll_utils.o(.text.LL_Init1msTick)
    LL_RCC_GetSystemClocksFreq               0x0800211d   Thumb Code    58  stm32l0xx_ll_rcc.o(.text.LL_RCC_GetSystemClocksFreq)
    LL_RCC_GetUSARTClockFreq                 0x08002159   Thumb Code   292  stm32l0xx_ll_rcc.o(.text.LL_RCC_GetUSARTClockFreq)
    LL_RTC_DATE_Init                         0x08002619   Thumb Code   272  stm32l0xx_ll_rtc.o(.text.LL_RTC_DATE_Init)
    LL_RTC_EnterInitMode                     0x080027a5   Thumb Code   138  stm32l0xx_ll_rtc.o(.text.LL_RTC_EnterInitMode)
    LL_RTC_Init                              0x08002843   Thumb Code    98  stm32l0xx_ll_rtc.o(.text.LL_RTC_Init)
    LL_RTC_TIME_Init                         0x08002a71   Thumb Code   284  stm32l0xx_ll_rtc.o(.text.LL_RTC_TIME_Init)
    LL_RTC_WaitForSynchro                    0x08002b8d   Thumb Code   240  stm32l0xx_ll_rtc.o(.text.LL_RTC_WaitForSynchro)
    LL_SPI_Init                              0x08002c7d   Thumb Code   160  stm32l0xx_ll_spi.o(.text.LL_SPI_Init)
    LL_SetSystemCoreClock                    0x08002de1   Thumb Code    24  stm32l0xx_ll_utils.o(.text.LL_SetSystemCoreClock)
    LL_TIM_Init                              0x08002e3d   Thumb Code   192  stm32l0xx_ll_tim.o(.text.LL_TIM_Init)
    LL_USART_Init                            0x08002fdd   Thumb Code   256  stm32l0xx_ll_usart.o(.text.LL_USART_Init)
    LPM_gpioInit                             0x080031d9   Thumb Code   176  lowpower.o(.text.LPM_gpioInit)
    LPM_stop                                 0x08003285   Thumb Code   100  lowpower.o(.text.LPM_stop)
    NMI_Handler                              0x0800370d   Thumb Code     2  stm32l0xx_it.o(.text.NMI_Handler)
    PendSV_Handler                           0x080037bd   Thumb Code     2  stm32l0xx_it.o(.text.PendSV_Handler)
    RCC_GetHCLKClockFreq                     0x080037c1   Thumb Code    40  stm32l0xx_ll_rcc.o(.text.RCC_GetHCLKClockFreq)
    RCC_GetPCLK1ClockFreq                    0x080037e9   Thumb Code    40  stm32l0xx_ll_rcc.o(.text.RCC_GetPCLK1ClockFreq)
    RCC_GetPCLK2ClockFreq                    0x0800380d   Thumb Code    40  stm32l0xx_ll_rcc.o(.text.RCC_GetPCLK2ClockFreq)
    RCC_GetSystemClockFreq                   0x08003835   Thumb Code   136  stm32l0xx_ll_rcc.o(.text.RCC_GetSystemClockFreq)
    RCC_PLL_GetFreqDomain_SYS                0x080038b1   Thumb Code   104  stm32l0xx_ll_rcc.o(.text.RCC_PLL_GetFreqDomain_SYS)
    RTC_IRQHandler                           0x08003919   Thumb Code    56  stm32l0xx_it.o(.text.RTC_IRQHandler)
    RTC_getTimeDate                          0x08003951   Thumb Code   108  timers.o(.text.RTC_getTimeDate)
    RTC_initAlarm                            0x080039b9   Thumb Code   104  timers.o(.text.RTC_initAlarm)
    RTC_setTimeDate                          0x08003a1d   Thumb Code    80  timers.o(.text.RTC_setTimeDate)
    SPI1_IRQHandler                          0x08003a6d   Thumb Code     2  stm32l0xx_it.o(.text.SPI1_IRQHandler)
    SVC_Handler                              0x08003a6f   Thumb Code     2  stm32l0xx_it.o(.text.SVC_Handler)
    SysTick_Handler                          0x08003a71   Thumb Code     2  stm32l0xx_it.o(.text.SysTick_Handler)
    SystemClock_Config                       0x08003a73   Thumb Code   190  main.o(.text.SystemClock_Config)
    SystemInit                               0x08003b31   Thumb Code   100  system_stm32l0xx.o(.text.SystemInit)
    TIM2_IRQHandler                          0x08003b95   Thumb Code     2  stm32l0xx_it.o(.text.TIM2_IRQHandler)
    TIM2_delay                               0x08003b99   Thumb Code    72  timers.o(.text.TIM2_delay)
    TIM2_init                                0x08003bd5   Thumb Code    36  timers.o(.text.TIM2_init)
    TIM2_initDelay_inline                    0x08003bf9   Thumb Code    52  timers.o(.text.TIM2_initDelay_inline)
    USART1_IRQHandler                        0x08003c2d   Thumb Code    76  stm32l0xx_it.o(.text.USART1_IRQHandler)
    USART4_5_IRQHandler                      0x08003c79   Thumb Code     2  stm32l0xx_it.o(.text.USART4_5_IRQHandler)
    main                                     0x08003c7d   Thumb Code   276  main.o(.text.main)
    scheduler                                0x08003d8d   Thumb Code   456  scheduler.o(.text.scheduler)
    __0sprintf                               0x08003f55   Thumb Code    36  printfa.o(i.__0sprintf)
    __1sprintf                               0x08003f55   Thumb Code     0  printfa.o(i.__0sprintf)
    __2sprintf                               0x08003f55   Thumb Code     0  printfa.o(i.__0sprintf)
    __c89sprintf                             0x08003f55   Thumb Code     0  printfa.o(i.__0sprintf)
    sprintf                                  0x08003f55   Thumb Code     0  printfa.o(i.__0sprintf)
    __ARM_clz                                0x08003f7d   Thumb Code    46  depilogue.o(i.__ARM_clz)
    __aeabi_errno_addr                       0x08003fad   Thumb Code     4  errno.o(i.__aeabi_errno_addr)
    __rt_errno_addr                          0x08003fad   Thumb Code     0  errno.o(i.__aeabi_errno_addr)
    __scatterload_copy                       0x08003fb5   Thumb Code    14  handlers.o(i.__scatterload_copy)
    __scatterload_null                       0x08003fc3   Thumb Code     2  handlers.o(i.__scatterload_null)
    __scatterload_zeroinit                   0x08003fc5   Thumb Code    14  handlers.o(i.__scatterload_zeroinit)
    __ctype_table                            0x0800488a   Data         129  ctype_o.o(.constdata)
    AHBPrescTable                            0x08004910   Data          16  system_stm32l0xx.o(.rodata.AHBPrescTable)
    APBPrescTable                            0x08004920   Data           8  system_stm32l0xx.o(.rodata.APBPrescTable)
    PLLMulTable                              0x08004928   Data           9  system_stm32l0xx.o(.rodata.PLLMulTable)
    Region$$Table$$Base                      0x08004974   Number         0  anon$$obj.o(Region$$Table)
    Region$$Table$$Limit                     0x08004994   Number         0  anon$$obj.o(Region$$Table)
    SystemCoreClock                          0x2000000c   Data           4  system_stm32l0xx.o(.data.SystemCoreClock)
    ComRxBuff                                0x20000010   Data          64  comport.o(.bss.ComRxBuff)
    ComRxReadFrom                            0x20000050   Data           4  comport.o(.bss.ComRxReadFrom)
    ComRxReadTo                              0x20000054   Data           4  comport.o(.bss.ComRxReadTo)
    ComRxWriteIndex                          0x20000058   Data           4  comport.o(.bss.ComRxWriteIndex)
    checkSchedule                            0x2000005c   Data           4  main.o(.bss.checkSchedule)
    __initial_sp                             0x20000460   Data           0  startup_stm32l071xx.o(STACK)



==============================================================================

Memory Map of the image

  Image Entry point : 0x080000c1

  Load Region LR_IROM1 (Base: 0x08000000, Size: 0x000049a8, Max: 0x00030000, ABSOLUTE)

    Execution Region ER_IROM1 (Exec base: 0x08000000, Load base: 0x08000000, Size: 0x00004994, Max: 0x00030000, ABSOLUTE)

    Exec Addr    Load Addr    Size         Type   Attr      Idx    E Section Name        Object

    0x08000000   0x08000000   0x000000c0   Data   RO            3    RESET               startup_stm32l071xx.o
    0x080000c0   0x080000c0   0x00000000   Code   RO          832  * .ARM.Collect$$$$00000000  mc_p.l(entry.o)
    0x080000c0   0x080000c0   0x00000004   Code   RO          889    .ARM.Collect$$$$00000001  mc_p.l(entry2.o)
    0x080000c4   0x080000c4   0x00000004   Code   RO          892    .ARM.Collect$$$$00000004  mc_p.l(entry5.o)
    0x080000c8   0x080000c8   0x00000000   Code   RO          894    .ARM.Collect$$$$00000008  mc_p.l(entry7b.o)
    0x080000c8   0x080000c8   0x00000000   Code   RO          896    .ARM.Collect$$$$0000000A  mc_p.l(entry8b.o)
    0x080000c8   0x080000c8   0x00000008   Code   RO          897    .ARM.Collect$$$$0000000B  mc_p.l(entry9a.o)
    0x080000d0   0x080000d0   0x00000000   Code   RO          899    .ARM.Collect$$$$0000000D  mc_p.l(entry10a.o)
    0x080000d0   0x080000d0   0x00000000   Code   RO          901    .ARM.Collect$$$$0000000F  mc_p.l(entry11a.o)
    0x080000d0   0x080000d0   0x00000004   Code   RO          890    .ARM.Collect$$$$00002712  mc_p.l(entry2.o)
    0x080000d4   0x080000d4   0x0000001c   Code   RO            4    .text               startup_stm32l071xx.o
    0x080000f0   0x080000f0   0x0000002c   Code   RO          835    .text               mc_p.l(uidiv.o)
    0x0800011c   0x0800011c   0x00000028   Code   RO          837    .text               mc_p.l(idiv.o)
    0x08000144   0x08000144   0x00000024   Code   RO          839    .text               mc_p.l(memseta.o)
    0x08000168   0x08000168   0x0000001a   Code   RO          841    .text               mc_p.l(strncpy.o)
    0x08000182   0x08000182   0x0000000e   Code   RO          843    .text               mc_p.l(strlen.o)
    0x08000190   0x08000190   0x0000001c   Code   RO          845    .text               mc_p.l(strcmp.o)
    0x080001ac   0x080001ac   0x00000048   Code   RO          847    .text               mc_p.l(strtok.o)
    0x080001f4   0x080001f4   0x0000001a   Code   RO          881    .text               mc_p.l(atoi.o)
    0x0800020e   0x0800020e   0x0000001c   Code   RO          883    .text               mf_p.l(fcmple.o)
    0x0800022a   0x0800022a   0x0000001c   Code   RO          885    .text               mf_p.l(fcmpgt.o)
    0x08000246   0x08000246   0x00000016   Code   RO          887    .text               mf_p.l(fflti.o)
    0x0800025c   0x0800025c   0x00000060   Code   RO          908    .text               mc_p.l(uldiv.o)
    0x080002bc   0x080002bc   0x00000070   Code   RO          917    .text               mc_p.l(strtol.o)
    0x0800032c   0x0800032c   0x00000000   Code   RO          919    .text               mc_p.l(iusefp.o)
    0x0800032c   0x0800032c   0x00000082   Code   RO          920    .text               mf_p.l(fepilogue.o)
    0x080003ae   0x080003ae   0x00000002   PAD
    0x080003b0   0x080003b0   0x00000164   Code   RO          922    .text               mf_p.l(dadd.o)
    0x08000514   0x08000514   0x000000d0   Code   RO          924    .text               mf_p.l(dmul.o)
    0x080005e4   0x080005e4   0x000000f0   Code   RO          926    .text               mf_p.l(ddiv.o)
    0x080006d4   0x080006d4   0x00000040   Code   RO          928    .text               mf_p.l(dfixul.o)
    0x08000714   0x08000714   0x00000028   Code   RO          930    .text               mf_p.l(cdrcmple.o)
    0x0800073c   0x0800073c   0x00000024   Code   RO          932    .text               mc_p.l(init.o)
    0x08000760   0x08000760   0x00000020   Code   RO          935    .text               mc_p.l(llshl.o)
    0x08000780   0x08000780   0x00000022   Code   RO          937    .text               mc_p.l(llushr.o)
    0x080007a2   0x080007a2   0x00000026   Code   RO          939    .text               mc_p.l(llsshr.o)
    0x080007c8   0x080007c8   0x00000008   Code   RO          941    .text               mc_p.l(ctype_o.o)
    0x080007d0   0x080007d0   0x000000a6   Code   RO          969    .text               mc_p.l(_strtoul.o)
    0x08000876   0x08000876   0x000000be   Code   RO          972    .text               mf_p.l(depilogue.o)
    0x08000934   0x08000934   0x0000001e   Code   RO          976    .text               mc_p.l(_chval.o)
    0x08000952   0x08000952   0x00000002   PAD
    0x08000954   0x08000954   0x000000ac   Code   RO           19    .text.CC_CheckForHandshake  comport.o
    0x08000a00   0x08000a00   0x00000004   Code   RO           11    .text.CC_ComPortPresent  comport.o
    0x08000a04   0x08000a04   0x0000011a   Code   RO           47    .text.CC_DownloadFixes  comport.o
    0x08000b1e   0x08000b1e   0x00000002   PAD
    0x08000b20   0x08000b20   0x00000068   Code   RO           23    .text.CC_ExecuteCommand  comport.o
    0x08000b88   0x08000b88   0x00000190   Code   RO           21    .text.CC_ParseCommand  comport.o
    0x08000d18   0x08000d18   0x00000030   Code   RO           45    .text.CC_ReadProgram  comport.o
    0x08000d48   0x08000d48   0x0000003c   Code   RO           13    .text.CC_SendByte   comport.o
    0x08000d84   0x08000d84   0x00000040   Code   RO           17    .text.CC_SendData   comport.o
    0x08000dc4   0x08000dc4   0x00000098   Code   RO           41    .text.CC_SendTimestamp  comport.o
    0x08000e5c   0x08000e5c   0x00000128   Code   RO           43    .text.CC_SetProgram  comport.o
    0x08000f84   0x08000f84   0x000001bc   Code   RO           25    .text.CC_SetRTC     comport.o
    0x08001140   0x08001140   0x00000022   Code   RO           66    .text.EEPROM_WriteByte  flash.o
    0x08001162   0x08001162   0x00000060   Code   RO           68    .text.EEPROM_WriteData  flash.o
    0x080011c2   0x080011c2   0x00000002   Code   RO          215    .text.Error_Handler  main.o
    0x080011c4   0x080011c4   0x00000020   Code   RO           64    .text.FLASH_Lock    flash.o
    0x080011e4   0x080011e4   0x0000004e   Code   RO           70    .text.FLASH_ReadData  flash.o
    0x08001232   0x08001232   0x00000002   PAD
    0x08001234   0x08001234   0x00000038   Code   RO           62    .text.FLASH_Unlock  flash.o
    0x0800126c   0x0800126c   0x00000064   Code   RO           76    .text.FLASH_erasePage  flash.o
    0x080012d0   0x080012d0   0x0000004c   Code   RO           78    .text.FLASH_initDataStorage  flash.o
    0x0800131c   0x0800131c   0x00000084   Code   RO           82    .text.FLASH_readFixes  flash.o
    0x080013a0   0x080013a0   0x0000019c   Code   RO           80    .text.FLASH_saveFix  flash.o
    0x0800153c   0x0800153c   0x00000048   Code   RO           72    .text.FLASH_unlockPrgm  flash.o
    0x08001584   0x08001584   0x00000064   Code   RO           74    .text.FLASH_writeWord  flash.o
    0x080015e8   0x080015e8   0x00000010   Code   RO           99    .text.GPS_GPSCSHigh  gps.o
    0x080015f8   0x080015f8   0x00000014   Code   RO           97    .text.GPS_GPSCSLow  gps.o
    0x0800160c   0x0800160c   0x0000000c   Code   RO           95    .text.GPS_GPSDisable  gps.o
    0x08001618   0x08001618   0x00000010   Code   RO           93    .text.GPS_GPSEnable  gps.o
    0x08001628   0x08001628   0x00000060   Code   RO          117    .text.GPS_UBX_enablePUBX_Position  gps.o
    0x08001688   0x08001688   0x000003a8   Code   RO          113    .text.GPS_getNMEA   gps.o
    0x08001a30   0x08001a30   0x00000330   Code   RO          119    .text.GPS_subroutine  gps.o
    0x08001d60   0x08001d60   0x00000004   Code   RO          292    .text.HardFault_Handler  stm32l0xx_it.o
    0x08001d64   0x08001d64   0x00000028   Code   RO          193    .text.LL_APB1_GRP1_EnableClock  main.o
    0x08001d8c   0x08001d8c   0x00000028   Code   RO          191    .text.LL_APB2_GRP1_EnableClock  main.o
    0x08001db4   0x08001db4   0x0000000c   Code   RO          213    .text.LL_FLASH_GetLatency  main.o
    0x08001dc0   0x08001dc0   0x00000020   Code   RO          211    .text.LL_FLASH_SetLatency  main.o
    0x08001de0   0x08001de0   0x000000de   Code   RO          354    .text.LL_GPIO_Init  stm32l0xx_ll_gpio.o
    0x08001ebe   0x08001ebe   0x00000018   Code   RO          277    .text.LL_GPIO_ResetOutputPin  main.o
    0x08001ed6   0x08001ed6   0x0000003a   Code   RO          362    .text.LL_GPIO_SetAFPin_0_7  stm32l0xx_ll_gpio.o
    0x08001f10   0x08001f10   0x0000003c   Code   RO          364    .text.LL_GPIO_SetAFPin_8_15  stm32l0xx_ll_gpio.o
    0x08001f4c   0x08001f4c   0x00000032   Code   RO          356    .text.LL_GPIO_SetPinMode  stm32l0xx_ll_gpio.o
    0x08001f7e   0x08001f7e   0x0000002c   Code   RO          366    .text.LL_GPIO_SetPinOutputType  stm32l0xx_ll_gpio.o
    0x08001faa   0x08001faa   0x00000032   Code   RO          360    .text.LL_GPIO_SetPinPull  stm32l0xx_ll_gpio.o
    0x08001fdc   0x08001fdc   0x00000032   Code   RO          358    .text.LL_GPIO_SetPinSpeed  stm32l0xx_ll_gpio.o
    0x0800200e   0x0800200e   0x00000002   PAD
    0x08002010   0x08002010   0x00000028   Code   RO          261    .text.LL_IOP_GRP1_EnableClock  main.o
    0x08002038   0x08002038   0x0000001a   Code   RO          771    .text.LL_Init1msTick  stm32l0xx_ll_utils.o
    0x08002052   0x08002052   0x00000002   PAD
    0x08002054   0x08002054   0x0000003c   Code   RO          773    .text.LL_InitTick   stm32l0xx_ll_utils.o
    0x08002090   0x08002090   0x00000010   Code   RO          227    .text.LL_PWR_EnableBkUpAccess  main.o
    0x080020a0   0x080020a0   0x00000020   Code   RO          217    .text.LL_PWR_SetRegulVoltageScaling  main.o
    0x080020c0   0x080020c0   0x00000010   Code   RO          241    .text.LL_RCC_EnableRTC  main.o
    0x080020d0   0x080020d0   0x00000010   Code   RO          229    .text.LL_RCC_ForceBackupDomainReset  main.o
    0x080020e0   0x080020e0   0x0000000c   Code   RO          751    .text.LL_RCC_GetAHBPrescaler  stm32l0xx_ll_rcc.o
    0x080020ec   0x080020ec   0x0000000c   Code   RO          753    .text.LL_RCC_GetAPB1Prescaler  stm32l0xx_ll_rcc.o
    0x080020f8   0x080020f8   0x0000000c   Code   RO          755    .text.LL_RCC_GetAPB2Prescaler  stm32l0xx_ll_rcc.o
    0x08002104   0x08002104   0x0000000c   Code   RO          251    .text.LL_RCC_GetSysClkSource  main.o
    0x08002110   0x08002110   0x0000000c   Code   RO          745    .text.LL_RCC_GetSysClkSource  stm32l0xx_ll_rcc.o
    0x0800211c   0x0800211c   0x0000003a   Code   RO          711    .text.LL_RCC_GetSystemClocksFreq  stm32l0xx_ll_rcc.o
    0x08002156   0x08002156   0x00000002   PAD
    0x08002158   0x08002158   0x00000124   Code   RO          721    .text.LL_RCC_GetUSARTClockFreq  stm32l0xx_ll_rcc.o
    0x0800227c   0x0800227c   0x00000018   Code   RO          723    .text.LL_RCC_GetUSARTClockSource  stm32l0xx_ll_rcc.o
    0x08002294   0x08002294   0x0000000c   Code   RO          725    .text.LL_RCC_HSI_IsReady  stm32l0xx_ll_rcc.o
    0x080022a0   0x080022a0   0x0000000c   Code   RO          727    .text.LL_RCC_IsActiveFlag_HSIDIV  stm32l0xx_ll_rcc.o
    0x080022ac   0x080022ac   0x00000010   Code   RO          235    .text.LL_RCC_LSE_Enable  main.o
    0x080022bc   0x080022bc   0x00000010   Code   RO          237    .text.LL_RCC_LSE_IsReady  main.o
    0x080022cc   0x080022cc   0x00000010   Code   RO          729    .text.LL_RCC_LSE_IsReady  stm32l0xx_ll_rcc.o
    0x080022dc   0x080022dc   0x0000001c   Code   RO          233    .text.LL_RCC_LSE_SetDriveCapability  main.o
    0x080022f8   0x080022f8   0x00000010   Code   RO          219    .text.LL_RCC_MSI_Enable  main.o
    0x08002308   0x08002308   0x0000000c   Code   RO          747    .text.LL_RCC_MSI_GetRange  stm32l0xx_ll_rcc.o
    0x08002314   0x08002314   0x00000014   Code   RO          221    .text.LL_RCC_MSI_IsReady  main.o
    0x08002328   0x08002328   0x00000020   Code   RO          225    .text.LL_RCC_MSI_SetCalibTrimming  main.o
    0x08002348   0x08002348   0x00000020   Code   RO          223    .text.LL_RCC_MSI_SetRange  main.o
    0x08002368   0x08002368   0x0000000c   Code   RO          761    .text.LL_RCC_PLL_GetDivider  stm32l0xx_ll_rcc.o
    0x08002374   0x08002374   0x0000000c   Code   RO          757    .text.LL_RCC_PLL_GetMainSource  stm32l0xx_ll_rcc.o
    0x08002380   0x08002380   0x0000000c   Code   RO          759    .text.LL_RCC_PLL_GetMultiplicator  stm32l0xx_ll_rcc.o
    0x0800238c   0x0800238c   0x00000010   Code   RO          231    .text.LL_RCC_ReleaseBackupDomainReset  main.o
    0x0800239c   0x0800239c   0x0000001c   Code   RO          243    .text.LL_RCC_SetAHBPrescaler  main.o
    0x080023b8   0x080023b8   0x0000001c   Code   RO          245    .text.LL_RCC_SetAPB1Prescaler  main.o
    0x080023d4   0x080023d4   0x0000001c   Code   RO          247    .text.LL_RCC_SetAPB2Prescaler  main.o
    0x080023f0   0x080023f0   0x00000020   Code   RO          239    .text.LL_RCC_SetRTCClockSource  main.o
    0x08002410   0x08002410   0x00000020   Code   RO          249    .text.LL_RCC_SetSysClkSource  main.o
    0x08002430   0x08002430   0x00000024   Code   RO          255    .text.LL_RCC_SetUSARTClockSource  main.o
    0x08002454   0x08002454   0x00000018   Code   RO          150    .text.LL_RTC_ALMA_Disable  timers.o
    0x0800246c   0x0800246c   0x00000018   Code   RO          156    .text.LL_RTC_ALMA_Enable  timers.o
    0x08002484   0x08002484   0x00000028   Code   RO          154    .text.LL_RTC_ALMA_SetMask  timers.o
    0x080024ac   0x080024ac   0x00000024   Code   RO          152    .text.LL_RTC_ALMA_SetSecond  timers.o
    0x080024d0   0x080024d0   0x0000001e   Code   RO          456    .text.LL_RTC_ClearFlag_RS  stm32l0xx_ll_rtc.o
    0x080024ee   0x080024ee   0x00000002   PAD
    0x080024f0   0x080024f0   0x00000058   Code   RO          412    .text.LL_RTC_DATE_Config  stm32l0xx_ll_rtc.o
    0x08002548   0x08002548   0x0000001a   Code   RO           27    .text.LL_RTC_DATE_GetDay  comport.o
    0x08002562   0x08002562   0x0000001a   Code   RO          172    .text.LL_RTC_DATE_GetDay  timers.o
    0x0800257c   0x0800257c   0x0000001e   Code   RO           35    .text.LL_RTC_DATE_GetMonth  comport.o
    0x0800259a   0x0800259a   0x0000001e   Code   RO          174    .text.LL_RTC_DATE_GetMonth  timers.o
    0x080025b8   0x080025b8   0x00000014   Code   RO           39    .text.LL_RTC_DATE_GetWeekDay  comport.o
    0x080025cc   0x080025cc   0x00000014   Code   RO          178    .text.LL_RTC_DATE_GetWeekDay  timers.o
    0x080025e0   0x080025e0   0x0000001c   Code   RO           37    .text.LL_RTC_DATE_GetYear  comport.o
    0x080025fc   0x080025fc   0x0000001c   Code   RO          176    .text.LL_RTC_DATE_GetYear  timers.o
    0x08002618   0x08002618   0x00000110   Code   RO          410    .text.LL_RTC_DATE_Init  stm32l0xx_ll_rtc.o
    0x08002728   0x08002728   0x00000014   Code   RO          396    .text.LL_RTC_DisableInitMode  stm32l0xx_ll_rtc.o
    0x0800273c   0x0800273c   0x00000018   Code   RO          148    .text.LL_RTC_DisableWriteProtection  timers.o
    0x08002754   0x08002754   0x00000018   Code   RO          380    .text.LL_RTC_DisableWriteProtection  stm32l0xx_ll_rtc.o
    0x0800276c   0x0800276c   0x00000014   Code   RO          450    .text.LL_RTC_EnableInitMode  stm32l0xx_ll_rtc.o
    0x08002780   0x08002780   0x00000012   Code   RO          158    .text.LL_RTC_EnableWriteProtection  timers.o
    0x08002792   0x08002792   0x00000012   Code   RO          386    .text.LL_RTC_EnableWriteProtection  stm32l0xx_ll_rtc.o
    0x080027a4   0x080027a4   0x0000008a   Code   RO          382    .text.LL_RTC_EnterInitMode  stm32l0xx_ll_rtc.o
    0x0800282e   0x0800282e   0x00000014   Code   RO          402    .text.LL_RTC_GetHourFormat  stm32l0xx_ll_rtc.o
    0x08002842   0x08002842   0x00000062   Code   RO          388    .text.LL_RTC_Init   stm32l0xx_ll_rtc.o
    0x080028a4   0x080028a4   0x00000016   Code   RO          448    .text.LL_RTC_IsActiveFlag_INIT  stm32l0xx_ll_rtc.o
    0x080028ba   0x080028ba   0x00000016   Code   RO          458    .text.LL_RTC_IsActiveFlag_RS  stm32l0xx_ll_rtc.o
    0x080028d0   0x080028d0   0x00000016   Code   RO          406    .text.LL_RTC_IsShadowRegBypassEnabled  stm32l0xx_ll_rtc.o
    0x080028e6   0x080028e6   0x00000026   Code   RO          394    .text.LL_RTC_SetAsynchPrescaler  stm32l0xx_ll_rtc.o
    0x0800290c   0x0800290c   0x00000022   Code   RO          390    .text.LL_RTC_SetHourFormat  stm32l0xx_ll_rtc.o
    0x0800292e   0x0800292e   0x00000002   PAD
    0x08002930   0x08002930   0x00000028   Code   RO          392    .text.LL_RTC_SetSynchPrescaler  stm32l0xx_ll_rtc.o
    0x08002958   0x08002958   0x00000054   Code   RO          404    .text.LL_RTC_TIME_Config  stm32l0xx_ll_rtc.o
    0x080029ac   0x080029ac   0x00000016   Code   RO          170    .text.LL_RTC_TIME_GetFormat  timers.o
    0x080029c2   0x080029c2   0x0000001e   Code   RO           33    .text.LL_RTC_TIME_GetHour  comport.o
    0x080029e0   0x080029e0   0x0000001e   Code   RO          164    .text.LL_RTC_TIME_GetHour  timers.o
    0x080029fe   0x080029fe   0x0000001e   Code   RO           31    .text.LL_RTC_TIME_GetMinute  comport.o
    0x08002a1c   0x08002a1c   0x0000001e   Code   RO          166    .text.LL_RTC_TIME_GetMinute  timers.o
    0x08002a3a   0x08002a3a   0x0000001a   Code   RO           29    .text.LL_RTC_TIME_GetSecond  comport.o
    0x08002a54   0x08002a54   0x0000001a   Code   RO          168    .text.LL_RTC_TIME_GetSecond  timers.o
    0x08002a6e   0x08002a6e   0x00000002   PAD
    0x08002a70   0x08002a70   0x0000011c   Code   RO          400    .text.LL_RTC_TIME_Init  stm32l0xx_ll_rtc.o
    0x08002b8c   0x08002b8c   0x000000f0   Code   RO          384    .text.LL_RTC_WaitForSynchro  stm32l0xx_ll_rtc.o
    0x08002c7c   0x08002c7c   0x000000a0   Code   RO          478    .text.LL_SPI_Init   stm32l0xx_ll_spi.o
    0x08002d1c   0x08002d1c   0x00000016   Code   RO          480    .text.LL_SPI_IsEnabled  stm32l0xx_ll_spi.o
    0x08002d32   0x08002d32   0x00000012   Code   RO          109    .text.LL_SPI_ReceiveData8  gps.o
    0x08002d44   0x08002d44   0x0000001a   Code   RO          482    .text.LL_SPI_SetCRCPolynomial  stm32l0xx_ll_spi.o
    0x08002d5e   0x08002d5e   0x00000022   Code   RO          263    .text.LL_SPI_SetStandard  main.o
    0x08002d80   0x08002d80   0x00000020   Code   RO          103    .text.LL_SPI_TransmitData8  gps.o
    0x08002da0   0x08002da0   0x00000010   Code   RO          452    .text.LL_SYSTICK_IsActiveCounterFlag  stm32l0xx_ll_rtc.o
    0x08002db0   0x08002db0   0x00000030   Code   RO          253    .text.LL_SYSTICK_SetClkSource  main.o
    0x08002de0   0x08002de0   0x00000018   Code   RO          777    .text.LL_SetSystemCoreClock  stm32l0xx_ll_utils.o
    0x08002df8   0x08002df8   0x00000016   Code   RO          265    .text.LL_TIM_DisableARRPreload  main.o
    0x08002e0e   0x08002e0e   0x00000016   Code   RO          271    .text.LL_TIM_DisableMasterSlaveMode  main.o
    0x08002e24   0x08002e24   0x00000016   Code   RO          609    .text.LL_TIM_GenerateEvent_UPDATE  stm32l0xx_ll_tim.o
    0x08002e3a   0x08002e3a   0x00000002   PAD
    0x08002e3c   0x08002e3c   0x000000c0   Code   RO          603    .text.LL_TIM_Init   stm32l0xx_ll_tim.o
    0x08002efc   0x08002efc   0x00000018   Code   RO          605    .text.LL_TIM_SetAutoReload  stm32l0xx_ll_tim.o
    0x08002f14   0x08002f14   0x00000028   Code   RO          267    .text.LL_TIM_SetClockSource  main.o
    0x08002f3c   0x08002f3c   0x00000018   Code   RO          607    .text.LL_TIM_SetPrescaler  stm32l0xx_ll_tim.o
    0x08002f54   0x08002f54   0x00000022   Code   RO          269    .text.LL_TIM_SetTriggerOutput  main.o
    0x08002f76   0x08002f76   0x00000022   Code   RO          275    .text.LL_USART_ConfigAsyncMode  main.o
    0x08002f98   0x08002f98   0x00000016   Code   RO          207    .text.LL_USART_Disable  main.o
    0x08002fae   0x08002fae   0x00000018   Code   RO          273    .text.LL_USART_DisableOverrunDetect  main.o
    0x08002fc6   0x08002fc6   0x00000016   Code   RO          209    .text.LL_USART_Enable  main.o
    0x08002fdc   0x08002fdc   0x000000f8   Code   RO          667    .text.LL_USART_Init  stm32l0xx_ll_usart.o
    0x080030d4   0x080030d4   0x00000014   Code   RO          669    .text.LL_USART_IsEnabled  stm32l0xx_ll_usart.o
    0x080030e8   0x080030e8   0x00000074   Code   RO          675    .text.LL_USART_SetBaudRate  stm32l0xx_ll_usart.o
    0x0800315c   0x0800315c   0x00000024   Code   RO          673    .text.LL_USART_SetHWFlowCtrl  stm32l0xx_ll_usart.o
    0x08003180   0x08003180   0x00000024   Code   RO          671    .text.LL_USART_SetStopBitsLength  stm32l0xx_ll_usart.o
    0x080031a4   0x080031a4   0x0000001a   Code   RO           15    .text.LL_USART_TransmitData8  comport.o
    0x080031be   0x080031be   0x0000001a   Code   RO          115    .text.LL_USART_TransmitData8  gps.o
    0x080031d8   0x080031d8   0x000000ac   Code   RO          322    .text.LPM_gpioInit  lowpower.o
    0x08003284   0x08003284   0x00000060   Code   RO          320    .text.LPM_stop      lowpower.o
    0x080032e4   0x080032e4   0x00000144   Code   RO          197    .text.MX_GPIO_Init  main.o
    0x08003428   0x08003428   0x00000088   Code   RO          199    .text.MX_RTC_Init   main.o
    0x080034b0   0x080034b0   0x00000110   Code   RO          201    .text.MX_SPI1_Init  main.o
    0x080035c0   0x080035c0   0x0000006c   Code   RO          203    .text.MX_TIM2_Init  main.o
    0x0800362c   0x0800362c   0x000000e0   Code   RO          205    .text.MX_USART1_UART_Init  main.o
    0x0800370c   0x0800370c   0x00000002   Code   RO          290    .text.NMI_Handler   stm32l0xx_it.o
    0x0800370e   0x0800370e   0x00000002   PAD
    0x08003710   0x08003710   0x00000020   Code   RO          259    .text.NVIC_EnableIRQ  main.o
    0x08003730   0x08003730   0x0000008c   Code   RO          257    .text.NVIC_SetPriority  main.o
    0x080037bc   0x080037bc   0x00000002   Code   RO          296    .text.PendSV_Handler  stm32l0xx_it.o
    0x080037be   0x080037be   0x00000002   PAD
    0x080037c0   0x080037c0   0x00000028   Code   RO          715    .text.RCC_GetHCLKClockFreq  stm32l0xx_ll_rcc.o
    0x080037e8   0x080037e8   0x00000024   Code   RO          717    .text.RCC_GetPCLK1ClockFreq  stm32l0xx_ll_rcc.o
    0x0800380c   0x0800380c   0x00000028   Code   RO          719    .text.RCC_GetPCLK2ClockFreq  stm32l0xx_ll_rcc.o
    0x08003834   0x08003834   0x0000007c   Code   RO          713    .text.RCC_GetSystemClockFreq  stm32l0xx_ll_rcc.o
    0x080038b0   0x080038b0   0x00000068   Code   RO          749    .text.RCC_PLL_GetFreqDomain_SYS  stm32l0xx_ll_rcc.o
    0x08003918   0x08003918   0x00000038   Code   RO          300    .text.RTC_IRQHandler  stm32l0xx_it.o
    0x08003950   0x08003950   0x00000068   Code   RO          162    .text.RTC_getTimeDate  timers.o
    0x080039b8   0x080039b8   0x00000064   Code   RO          146    .text.RTC_initAlarm  timers.o
    0x08003a1c   0x08003a1c   0x00000050   Code   RO          160    .text.RTC_setTimeDate  timers.o
    0x08003a6c   0x08003a6c   0x00000002   Code   RO          306    .text.SPI1_IRQHandler  stm32l0xx_it.o
    0x08003a6e   0x08003a6e   0x00000002   Code   RO          294    .text.SVC_Handler   stm32l0xx_it.o
    0x08003a70   0x08003a70   0x00000002   Code   RO          298    .text.SysTick_Handler  stm32l0xx_it.o
    0x08003a72   0x08003a72   0x000000be   Code   RO          195    .text.SystemClock_Config  main.o
    0x08003b30   0x08003b30   0x00000064   Code   RO          332    .text.SystemInit    system_stm32l0xx.o
    0x08003b94   0x08003b94   0x00000002   Code   RO          304    .text.TIM2_IRQHandler  stm32l0xx_it.o
    0x08003b96   0x08003b96   0x00000002   PAD
    0x08003b98   0x08003b98   0x0000003c   Code   RO          142    .text.TIM2_delay    timers.o
    0x08003bd4   0x08003bd4   0x00000024   Code   RO          140    .text.TIM2_init     timers.o
    0x08003bf8   0x08003bf8   0x00000034   Code   RO          144    .text.TIM2_initDelay_inline  timers.o
    0x08003c2c   0x08003c2c   0x0000004c   Code   RO          308    .text.USART1_IRQHandler  stm32l0xx_it.o
    0x08003c78   0x08003c78   0x00000002   Code   RO          302    .text.USART4_5_IRQHandler  stm32l0xx_it.o
    0x08003c7a   0x08003c7a   0x00000002   PAD
    0x08003c7c   0x08003c7c   0x00000110   Code   RO          189    .text.main          main.o
    0x08003d8c   0x08003d8c   0x000001c8   Code   RO          131    .text.scheduler     scheduler.o
    0x08003f54   0x08003f54   0x00000028   Code   RO          856    i.__0sprintf        mc_p.l(printfa.o)
    0x08003f7c   0x08003f7c   0x0000002e   Code   RO          974    i.__ARM_clz         mf_p.l(depilogue.o)
    0x08003faa   0x08003faa   0x00000002   PAD
    0x08003fac   0x08003fac   0x00000008   Code   RO          910    i.__aeabi_errno_addr  mc_p.l(errno.o)
    0x08003fb4   0x08003fb4   0x0000000e   Code   RO          980    i.__scatterload_copy  mc_p.l(handlers.o)
    0x08003fc2   0x08003fc2   0x00000002   Code   RO          981    i.__scatterload_null  mc_p.l(handlers.o)
    0x08003fc4   0x08003fc4   0x0000000e   Code   RO          982    i.__scatterload_zeroinit  mc_p.l(handlers.o)
    0x08003fd2   0x08003fd2   0x00000002   PAD
    0x08003fd4   0x08003fd4   0x00000174   Code   RO          861    i._fp_digits        mc_p.l(printfa.o)
    0x08004148   0x08004148   0x000006ec   Code   RO          862    i._printf_core      mc_p.l(printfa.o)
    0x08004834   0x08004834   0x00000020   Code   RO          863    i._printf_post_padding  mc_p.l(printfa.o)
    0x08004854   0x08004854   0x0000002c   Code   RO          864    i._printf_pre_padding  mc_p.l(printfa.o)
    0x08004880   0x08004880   0x0000000a   Code   RO          866    i._sputc            mc_p.l(printfa.o)
    0x0800488a   0x0800488a   0x00000081   Data   RO          942    .constdata          mc_p.l(ctype_o.o)
    0x0800490b   0x0800490b   0x00000001   PAD
    0x0800490c   0x0800490c   0x00000004   Data   RO          943    .constdata          mc_p.l(ctype_o.o)
    0x08004910   0x08004910   0x00000010   Data   RO          337    .rodata.AHBPrescTable  system_stm32l0xx.o
    0x08004920   0x08004920   0x00000008   Data   RO          338    .rodata.APBPrescTable  system_stm32l0xx.o
    0x08004928   0x08004928   0x00000009   Data   RO          339    .rodata.PLLMulTable  system_stm32l0xx.o
    0x08004931   0x08004931   0x00000041   Data   RO           52    .rodata.str1.1      comport.o
    0x08004972   0x08004972   0x00000002   Data   RO          121    .rodata.str1.1      gps.o
    0x08004974   0x08004974   0x00000020   Data   RO          979    Region$$Table       anon$$obj.o


    Execution Region RW_IRAM1 (Exec base: 0x20000000, Load base: 0x08004998, Size: 0x00000460, Max: 0x00005000, ABSOLUTE)

    Exec Addr    Load Addr    Size         Type   Attr      Idx    E Section Name        Object

    0x20000000   0x08004998   0x00000004   Data   RW          848    .data               mc_p.l(strtok.o)
    0x20000004   0x0800499c   0x00000004   Data   RW          913    .data               mc_p.l(errno.o)
    0x20000008   0x080049a0   0x00000004   Data   RW           84    .data.FLASH_readFixes.currAddr  flash.o
    0x2000000c   0x080049a4   0x00000004   Data   RW          336    .data.SystemCoreClock  system_stm32l0xx.o
    0x20000010        -       0x00000040   Zero   RW           51    .bss.ComRxBuff      comport.o
    0x20000050        -       0x00000004   Zero   RW           50    .bss.ComRxReadFrom  comport.o
    0x20000054        -       0x00000004   Zero   RW           53    .bss.ComRxReadTo    comport.o
    0x20000058        -       0x00000004   Zero   RW           49    .bss.ComRxWriteIndex  comport.o
    0x2000005c        -       0x00000004   Zero   RW          279    .bss.checkSchedule  main.o
    0x20000060        -       0x00000400   Zero   RW            1    STACK               startup_stm32l071xx.o


==============================================================================

Image component sizes


      Code (inc. data)   RO Data    RW Data    ZI Data      Debug   Object Name

      2242        122         65          0         76       6142   comport.o
      1188         52          0          4          0       3827   flash.o
      1988         86          2          0          0       6344   gps.o
       268         28          0          0          0       2210   lowpower.o
      2642         88          0          0          4      12315   main.o
       456         28          0          0          0       1519   scheduler.o
        28          8        192          0       1024        612   startup_stm32l071xx.o
       150         28          0          0          0       2309   stm32l0xx_it.o
       534          0          0          0          0       3841   stm32l0xx_ll_gpio.o
       854         72          0          0          0       6861   stm32l0xx_ll_rcc.o
      1530         20          0          0          0       9526   stm32l0xx_ll_rtc.o
       208          4          0          0          0       4749   stm32l0xx_ll_spi.o
       262         12          0          0          0       7614   stm32l0xx_ll_tim.o
       456         16          0          0          0       4723   stm32l0xx_ll_usart.o
       110         16          0          0          0       6444   stm32l0xx_ll_utils.o
       100         28         33          4          0       2196   system_stm32l0xx.o
       810         44          0          0          0       5171   timers.o

    ----------------------------------------------------------------------
     13852        652        324          8       1104      86403   Object Totals
         0          0         32          0          0          0   (incl. Generated)
        26          0          0          0          0          0   (incl. Padding)

    ----------------------------------------------------------------------

      Code (inc. data)   RO Data    RW Data    ZI Data      Debug   Library Member Name

        30          0          0          0          0         60   _chval.o
       166          0          0          0          0         84   _strtoul.o
        26          0          0          0          0         72   atoi.o
         8          4        133          0          0         60   ctype_o.o
         0          0          0          0          0          0   entry.o
         0          0          0          0          0          0   entry10a.o
         0          0          0          0          0          0   entry11a.o
         8          4          0          0          0          0   entry2.o
         4          0          0          0          0          0   entry5.o
         0          0          0          0          0          0   entry7b.o
         0          0          0          0          0          0   entry8b.o
         8          4          0          0          0          0   entry9a.o
         8          4          0          4          0         60   errno.o
        30          0          0          0          0          0   handlers.o
        40          0          0          0          0         72   idiv.o
        36          8          0          0          0         68   init.o
         0          0          0          0          0          0   iusefp.o
        32          0          0          0          0         68   llshl.o
        38          0          0          0          0         68   llsshr.o
        34          0          0          0          0         68   llushr.o
        36          0          0          0          0        100   memseta.o
      2270         94          0          0          0        472   printfa.o
        28          0          0          0          0         68   strcmp.o
        14          0          0          0          0         60   strlen.o
        26          0          0          0          0         68   strncpy.o
        72          4          0          4          0         72   strtok.o
       112          4          0          0          0         76   strtol.o
        44          0          0          0          0         72   uidiv.o
        96          0          0          0          0         84   uldiv.o
        40          2          0          0          0         68   cdrcmple.o
       356          4          0          0          0        140   dadd.o
       240          6          0          0          0         84   ddiv.o
       236          0          0          0          0        216   depilogue.o
        64         10          0          0          0         68   dfixul.o
       208          6          0          0          0         88   dmul.o
        28          0          0          0          0         60   fcmpgt.o
        28          0          0          0          0         60   fcmple.o
       130          0          0          0          0        144   fepilogue.o
        22          0          0          0          0         68   fflti.o

    ----------------------------------------------------------------------
      4526        154        134          8          0       2748   Library Totals
         8          0          1          0          0          0   (incl. Padding)

    ----------------------------------------------------------------------

      Code (inc. data)   RO Data    RW Data    ZI Data      Debug   Library Name

      3166        126        133          8          0       1752   mc_p.l
      1352         28          0          0          0        996   mf_p.l

    ----------------------------------------------------------------------
      4526        154        134          8          0       2748   Library Totals

    ----------------------------------------------------------------------

==============================================================================


      Code (inc. data)   RO Data    RW Data    ZI Data      Debug   

     18378        806        458         16       1104      87691   Grand Totals
     18378        806        458         16       1104      87691   ELF Image Totals
     18378        806        458         16          0          0   ROM Totals

==============================================================================

    Total RO  Size (Code + RO Data)                18836 (  18.39kB)
    Total RW  Size (RW Data + ZI Data)              1120 (   1.09kB)
    Total ROM Size (Code + RO Data + RW Data)      18852 (  18.41kB)

==============================================================================

